Archive member included to satisfy reference by file (symbol)

D:\vs_code\Arduino\metter\build\core\core.a(startup_stm32yyxx.S.o)
                              (Reset_Handler)
D:\vs_code\Arduino\metter\build\core\core.a(usbd_hid_composite_if.c.o)
                              D:\vs_code\Arduino\metter\build\libraries\Keyboard\Keyboard.cpp.o (HID_Composite_Init)
D:\vs_code\Arduino\metter\build\core\core.a(usb_device_core.c.o)
                              D:\vs_code\Arduino\metter\build\core\core.a(usbd_hid_composite_if.c.o) (USBD_Init)
D:\vs_code\Arduino\metter\build\core\core.a(usb_device_ctlreq.c.o)
                              D:\vs_code\Arduino\metter\build\core\core.a(usb_device_core.c.o) (USBD_StdDevReq)
D:\vs_code\Arduino\metter\build\core\core.a(usb_device_ioreq.c.o)
                              D:\vs_code\Arduino\metter\build\core\core.a(usb_device_ctlreq.c.o) (USBD_CtlSendData)
D:\vs_code\Arduino\metter\build\core\core.a(usbd_conf.c.o)
                              D:\vs_code\Arduino\metter\build\core\core.a(usb_device_core.c.o) (USBD_LL_Init)
D:\vs_code\Arduino\metter\build\core\core.a(usbd_desc.c.o)
                              D:\vs_code\Arduino\metter\build\core\core.a(usbd_hid_composite_if.c.o) (USBD_Desc)
D:\vs_code\Arduino\metter\build\core\core.a(usbd_ep_conf.c.o)
                              D:\vs_code\Arduino\metter\build\core\core.a(usbd_conf.c.o) (ep_def)
D:\vs_code\Arduino\metter\build\core\core.a(usbd_if.c.o)
                              D:\vs_code\Arduino\metter\build\core\core.a(usbd_conf.c.o) (USBD_reenumerate)
D:\vs_code\Arduino\metter\build\core\core.a(wiring_analog.c.o)
                              D:\vs_code\Arduino\metter\build\sketch\metter.ino.cpp.o (analogReadResolution)
D:\vs_code\Arduino\metter\build\core\core.a(wiring_digital.c.o)
                              D:\vs_code\Arduino\metter\build\sketch\metter.ino.cpp.o (pinMode)
D:\vs_code\Arduino\metter\build\core\core.a(wiring_time.c.o)
                              D:\vs_code\Arduino\metter\build\sketch\metter.ino.cpp.o (millis)
D:\vs_code\Arduino\metter\build\core\core.a(HardwareSerial.cpp.o)
                              D:\vs_code\Arduino\metter\build\sketch\metter.ino.cpp.o (HardwareSerial::available())
D:\vs_code\Arduino\metter\build\core\core.a(HardwareTimer.cpp.o)
                              D:\vs_code\Arduino\metter\build\libraries\SrcWrapper\stm32\analog.cpp.o (HardwareTimer::resume())
D:\vs_code\Arduino\metter\build\core\core.a(Print.cpp.o)
                              D:\vs_code\Arduino\metter\build\libraries\Keyboard\Keyboard.cpp.o (Print::write(unsigned char const*, unsigned int))
D:\vs_code\Arduino\metter\build\core\core.a(Stream.cpp.o)
                              D:\vs_code\Arduino\metter\build\core\core.a(HardwareSerial.cpp.o) (Stream::readBytes(char*, unsigned int))
D:\vs_code\Arduino\metter\build\core\core.a(WString.cpp.o)
                              D:\vs_code\Arduino\metter\build\sketch\metter.ino.cpp.o (String::~String())
D:\vs_code\Arduino\metter\build\core\core.a(abi.cpp.o)
                              D:\vs_code\Arduino\metter\build\core\core.a(Print.cpp.o) (__cxa_pure_virtual)
D:\vs_code\Arduino\metter\build\core\core.a(main.cpp.o)
                              c:/users/phuoc/appdata/local/arduino15/packages/stm32/tools/xpack-arm-none-eabi-gcc/9.2.1-1.1/bin/../lib/gcc/arm-none-eabi/9.2.1/../../../../arm-none-eabi/lib/thumb/v7-m/nofp/crt0.o (main)
D:\vs_code\Arduino\metter\build\core\core.a(new.cpp.o)
                              D:\vs_code\Arduino\metter\build\libraries\SrcWrapper\stm32\analog.cpp.o (operator new(unsigned int))
D:\vs_code\Arduino\metter\build\core\core.a(dtostrf.c.o)
                              D:\vs_code\Arduino\metter\build\core\core.a(WString.cpp.o) (dtostrf)
D:\vs_code\Arduino\metter\build\core\core.a(board.c.o)
                              D:\vs_code\Arduino\metter\build\core\core.a(main.cpp.o) (init)
D:\vs_code\Arduino\metter\build\core\core.a(hooks.c.o)
                              D:\vs_code\Arduino\metter\build\core\core.a(wiring_time.c.o) (yield)
D:\vs_code\Arduino\metter\build\core\core.a(itoa.c.o)
                              D:\vs_code\Arduino\metter\build\core\core.a(WString.cpp.o) (ltoa)
D:\vs_code\Arduino\metter\build\core\core.a(pins_arduino.c.o)
                              D:\vs_code\Arduino\metter\build\core\core.a(HardwareTimer.cpp.o) (pinNametoDigitalPin)
D:\vs_code\Arduino\metter\build\core\core.a(usbd_hid_composite.c.o)
                              D:\vs_code\Arduino\metter\build\core\core.a(usbd_hid_composite_if.c.o) (USBD_HID_MOUSE_SendReport)
D:\vs_code\Arduino\metter\build\core\core.a(WSerial.cpp.o)
                              D:\vs_code\Arduino\metter\build\core\core.a(main.cpp.o) (serialEventRun())
c:/users/phuoc/appdata/local/arduino15/packages/stm32/tools/xpack-arm-none-eabi-gcc/9.2.1-1.1/bin/../lib/gcc/arm-none-eabi/9.2.1/../../../../arm-none-eabi/lib/thumb/v7-m/nofp\libc_nano.a(lib_a-atof.o)
[...]
Memory Configuration

Name             Origin             Length             Attributes
*default*        0x00000000         0xffffffff
RAM              0x20000000         0x00005000         xrw
FLASH            0x08000000         0x00010000         xr

Linker script and memory map

LOAD C:\Users\phuoc\AppData\Local\Arduino15\packages\STM32\tools\CMSIS\5.5.1/CMSIS/DSP/Lib/GCC/\libarm_cortexM3l_math.a
START GROUP
LOAD D:\vs_code\Arduino\metter\build\sketch\SrcWrapper.cpp.o
LOAD D:\vs_code\Arduino\metter\build\sketch\metter.ino.cpp.o
LOAD D:\vs_code\Arduino\metter\build\libraries\Keyboard\Keyboard.cpp.o
LOAD D:\vs_code\Arduino\metter\build\libraries\SrcWrapper\syscalls.c.o
LOAD D:\vs_code\Arduino\metter\build\libraries\SrcWrapper\HAL\stm32yyxx_hal.c.o
LOAD D:\vs_code\Arduino\metter\build\libraries\SrcWrapper\HAL\stm32yyxx_hal_adc.c.o
LOAD D:\vs_code\Arduino\metter\build\libraries\SrcWrapper\HAL\stm32yyxx_hal_adc_ex.c.o
LOAD D:\vs_code\Arduino\metter\build\libraries\SrcWrapper\HAL\stm32yyxx_hal_can.c.o
LOAD D:\vs_code\Arduino\metter\build\libraries\SrcWrapper\HAL\stm32yyxx_hal_cec.c.o
LOAD D:\vs_code\Arduino\metter\build\libraries\SrcWrapper\HAL\stm32yyxx_hal_comp.c.o
LOAD D:\vs_code\Arduino\metter\build\libraries\SrcWrapper\HAL\stm32yyxx_hal_comp_ex.c.o
LOAD D:\vs_code\Arduino\metter\build\libraries\SrcWrapper\HAL\stm32yyxx_hal_cordic.c.o
LOAD D:\vs_code\Arduino\metter\build\libraries\SrcWrapper\HAL\stm32yyxx_hal_cortex.c.o
LOAD D:\vs_code\Arduino\metter\build\libraries\SrcWrapper\HAL\stm32yyxx_hal_crc.c.o
LOAD D:\vs_code\Arduino\metter\build\libraries\SrcWrapper\HAL\stm32yyxx_hal_crc_ex.c.o
LOAD D:\vs_code\Arduino\metter\build\libraries\SrcWrapper\HAL\stm32yyxx_hal_cryp.c.o
LOAD D:\vs_code\Arduino\metter\build\libraries\SrcWrapper\HAL\stm32yyxx_hal_cryp_ex.c.o
LOAD D:\vs_code\Arduino\metter\build\libraries\SrcWrapper\HAL\stm32yyxx_hal_dac.c.o
LOAD D:\vs_code\Arduino\metter\build\libraries\SrcWrapper\HAL\stm32yyxx_hal_dac_ex.c.o
LOAD D:\vs_code\Arduino\metter\build\libraries\SrcWrapper\HAL\stm32yyxx_hal_dcmi.c.o
LOAD D:\vs_code\Arduino\metter\build\libraries\SrcWrapper\HAL\stm32yyxx_hal_dcmi_ex.c.o
LOAD D:\vs_code\Arduino\metter\build\libraries\SrcWrapper\HAL\stm32yyxx_hal_dfsdm.c.o
LOAD D:\vs_code\Arduino\metter\build\libraries\SrcWrapper\HAL\stm32yyxx_hal_dfsdm_ex.c.o
LOAD D:\vs_code\Arduino\metter\build\libraries\SrcWrapper\HAL\stm32yyxx_hal_dma.c.o
LOAD D:\vs_code\Arduino\metter\build\libraries\SrcWrapper\HAL\stm32yyxx_hal_dma2d.c.o
LOAD D:\vs_code\Arduino\metter\build\libraries\SrcWrapper\HAL\stm32yyxx_hal_dma_ex.c.o
LOAD D:\vs_code\Arduino\metter\build\libraries\SrcWrapper\HAL\stm32yyxx_hal_dsi.c.o
LOAD D:\vs_code\Arduino\metter\build\libraries\SrcWrapper\HAL\stm32yyxx_hal_dts.c.o
LOAD D:\vs_code\Arduino\metter\build\libraries\SrcWrapper\HAL\stm32yyxx_hal_eth.c.o
LOAD D:\vs_code\Arduino\metter\build\libraries\SrcWrapper\HAL\stm32yyxx_hal_eth_ex.c.o
LOAD D:\vs_code\Arduino\metter\build\libraries\SrcWrapper\HAL\stm32yyxx_hal_exti.c.o
LOAD D:\vs_code\Arduino\metter\build\libraries\SrcWrapper\HAL\stm32yyxx_hal_fdcan.c.o
LOAD D:\vs_code\Arduino\metter\build\libraries\SrcWrapper\HAL\stm32yyxx_hal_firewall.c.o
LOAD D:\vs_code\Arduino\metter\build\libraries\SrcWrapper\HAL\stm32yyxx_hal_flash.c.o
LOAD D:\vs_code\Arduino\metter\build\libraries\SrcWrapper\HAL\stm32yyxx_hal_flash_ex.c.o
LOAD D:\vs_code\Arduino\metter\build\libraries\SrcWrapper\HAL\stm32yyxx_hal_flash_ramfunc.c.o
LOAD D:\vs_code\Arduino\metter\build\libraries\SrcWrapper\HAL\stm32yyxx_hal_fmac.c.o
LOAD D:\vs_code\Arduino\metter\build\libraries\SrcWrapper\HAL\stm32yyxx_hal_fmpi2c.c.o
LOAD D:\vs_code\Arduino\metter\build\libraries\SrcWrapper\HAL\stm32yyxx_hal_fmpi2c_ex.c.o
LOAD D:\vs_code\Arduino\metter\build\libraries\SrcWrapper\HAL\stm32yyxx_hal_gfxmmu.c.o
LOAD D:\vs_code\Arduino\metter\build\libraries\SrcWrapper\HAL\stm32yyxx_hal_gpio.c.o
LOAD D:\vs_code\Arduino\metter\build\libraries\SrcWrapper\HAL\stm32yyxx_hal_gpio_ex.c.o
LOAD D:\vs_code\Arduino\metter\build\libraries\SrcWrapper\HAL\stm32yyxx_hal_hash.c.o
LOAD D:\vs_code\Arduino\metter\build\libraries\SrcWrapper\HAL\stm32yyxx_hal_hash_ex.c.o
LOAD D:\vs_code\Arduino\metter\build\libraries\SrcWrapper\HAL\stm32yyxx_hal_hcd.c.o
LOAD D:\vs_code\Arduino\metter\build\libraries\SrcWrapper\HAL\stm32yyxx_hal_hrtim.c.o
LOAD D:\vs_code\Arduino\metter\build\libraries\SrcWrapper\HAL\stm32yyxx_hal_hsem.c.o
LOAD D:\vs_code\Arduino\metter\build\libraries\SrcWrapper\HAL\stm32yyxx_hal_i2c.c.o
LOAD D:\vs_code\Arduino\metter\build\libraries\SrcWrapper\HAL\stm32yyxx_hal_i2c_ex.c.o
LOAD D:\vs_code\Arduino\metter\build\libraries\SrcWrapper\HAL\stm32yyxx_hal_i2s.c.o
LOAD D:\vs_code\Arduino\metter\build\libraries\SrcWrapper\HAL\stm32yyxx_hal_i2s_ex.c.o
LOAD D:\vs_code\Arduino\metter\build\libraries\SrcWrapper\HAL\stm32yyxx_hal_ipcc.c.o
LOAD D:\vs_code\Arduino\metter\build\libraries\SrcWrapper\HAL\stm32yyxx_hal_irda.c.o
LOAD D:\vs_code\Arduino\metter\build\libraries\SrcWrapper\HAL\stm32yyxx_hal_iwdg.c.o
LOAD D:\vs_code\Arduino\metter\build\libraries\SrcWrapper\HAL\stm32yyxx_hal_jpeg.c.o
LOAD D:\vs_code\Arduino\metter\build\libraries\SrcWrapper\HAL\stm32yyxx_hal_lcd.c.o
LOAD D:\vs_code\Arduino\metter\build\libraries\SrcWrapper\HAL\stm32yyxx_hal_lptim.c.o
LOAD D:\vs_code\Arduino\metter\build\libraries\SrcWrapper\HAL\stm32yyxx_hal_ltdc.c.o
LOAD D:\vs_code\Arduino\metter\build\libraries\SrcWrapper\HAL\stm32yyxx_hal_ltdc_ex.c.o
LOAD D:\vs_code\Arduino\metter\build\libraries\SrcWrapper\HAL\stm32yyxx_hal_mdios.c.o
LOAD D:\vs_code\Arduino\metter\build\libraries\SrcWrapper\HAL\stm32yyxx_hal_mdma.c.o
LOAD D:\vs_code\Arduino\metter\build\libraries\SrcWrapper\HAL\stm32yyxx_hal_mmc.c.o
LOAD D:\vs_code\Arduino\metter\build\libraries\SrcWrapper\HAL\stm32yyxx_hal_mmc_ex.c.o
LOAD D:\vs_code\Arduino\metter\build\libraries\SrcWrapper\HAL\stm32yyxx_hal_nand.c.o
LOAD D:\vs_code\Arduino\metter\build\libraries\SrcWrapper\HAL\stm32yyxx_hal_nor.c.o
LOAD D:\vs_code\Arduino\metter\build\libraries\SrcWrapper\HAL\stm32yyxx_hal_opamp.c.o
LOAD D:\vs_code\Arduino\metter\build\libraries\SrcWrapper\HAL\stm32yyxx_hal_opamp_ex.c.o
LOAD D:\vs_code\Arduino\metter\build\libraries\SrcWrapper\HAL\stm32yyxx_hal_ospi.c.o
LOAD D:\vs_code\Arduino\metter\build\libraries\SrcWrapper\HAL\stm32yyxx_hal_otfdec.c.o
LOAD D:\vs_code\Arduino\metter\build\libraries\SrcWrapper\HAL\stm32yyxx_hal_pccard.c.o
LOAD D:\vs_code\Arduino\metter\build\libraries\SrcWrapper\HAL\stm32yyxx_hal_pcd.c.o
LOAD D:\vs_code\Arduino\metter\build\libraries\SrcWrapper\HAL\stm32yyxx_hal_pcd_ex.c.o
LOAD D:\vs_code\Arduino\metter\build\libraries\SrcWrapper\HAL\stm32yyxx_hal_pka.c.o
LOAD D:\vs_code\Arduino\metter\build\libraries\SrcWrapper\HAL\stm32yyxx_hal_pssi.c.o
LOAD D:\vs_code\Arduino\metter\build\libraries\SrcWrapper\HAL\stm32yyxx_hal_pwr.c.o
LOAD D:\vs_code\Arduino\metter\build\libraries\SrcWrapper\HAL\stm32yyxx_hal_pwr_ex.c.o
LOAD D:\vs_code\Arduino\metter\build\libraries\SrcWrapper\HAL\stm32yyxx_hal_qspi.c.o
LOAD D:\vs_code\Arduino\metter\build\libraries\SrcWrapper\HAL\stm32yyxx_hal_ramecc.c.o
LOAD D:\vs_code\Arduino\metter\build\libraries\SrcWrapper\HAL\stm32yyxx_hal_rcc.c.o
LOAD D:\vs_code\Arduino\metter\build\libraries\SrcWrapper\HAL\stm32yyxx_hal_rcc_ex.c.o
LOAD D:\vs_code\Arduino\metter\build\libraries\SrcWrapper\HAL\stm32yyxx_hal_rng.c.o
LOAD D:\vs_code\Arduino\metter\build\libraries\SrcWrapper\HAL\stm32yyxx_hal_rng_ex.c.o
LOAD D:\vs_code\Arduino\metter\build\libraries\SrcWrapper\HAL\stm32yyxx_hal_rtc.c.o
LOAD D:\vs_code\Arduino\metter\build\libraries\SrcWrapper\HAL\stm32yyxx_hal_rtc_ex.c.o
LOAD D:\vs_code\Arduino\metter\build\libraries\SrcWrapper\HAL\stm32yyxx_hal_sai.c.o
LOAD D:\vs_code\Arduino\metter\build\libraries\SrcWrapper\HAL\stm32yyxx_hal_sai_ex.c.o
LOAD D:\vs_code\Arduino\metter\build\libraries\SrcWrapper\HAL\stm32yyxx_hal_sd.c.o
LOAD D:\vs_code\Arduino\metter\build\libraries\SrcWrapper\HAL\stm32yyxx_hal_sd_ex.c.o
LOAD D:\vs_code\Arduino\metter\build\libraries\SrcWrapper\HAL\stm32yyxx_hal_sdadc.c.o
LOAD D:\vs_code\Arduino\metter\build\libraries\SrcWrapper\HAL\stm32yyxx_hal_sdram.c.o
LOAD D:\vs_code\Arduino\metter\build\libraries\SrcWrapper\HAL\stm32yyxx_hal_smartcard.c.o
LOAD D:\vs_code\Arduino\metter\build\libraries\SrcWrapper\HAL\stm32yyxx_hal_smartcard_ex.c.o
LOAD D:\vs_code\Arduino\metter\build\libraries\SrcWrapper\HAL\stm32yyxx_hal_smbus.c.o
LOAD D:\vs_code\Arduino\metter\build\libraries\SrcWrapper\HAL\stm32yyxx_hal_spdifrx.c.o
LOAD D:\vs_code\Arduino\metter\build\libraries\SrcWrapper\HAL\stm32yyxx_hal_spi.c.o
LOAD D:\vs_code\Arduino\metter\build\libraries\SrcWrapper\HAL\stm32yyxx_hal_spi_ex.c.o
LOAD D:\vs_code\Arduino\metter\build\libraries\SrcWrapper\HAL\stm32yyxx_hal_sram.c.o
LOAD D:\vs_code\Arduino\metter\build\libraries\SrcWrapper\HAL\stm32yyxx_hal_swpmi.c.o
LOAD D:\vs_code\Arduino\metter\build\libraries\SrcWrapper\HAL\stm32yyxx_hal_tim.c.o
LOAD D:\vs_code\Arduino\metter\build\libraries\SrcWrapper\HAL\stm32yyxx_hal_tim_ex.c.o
LOAD D:\vs_code\Arduino\metter\build\libraries\SrcWrapper\HAL\stm32yyxx_hal_tsc.c.o
LOAD D:\vs_code\Arduino\metter\build\libraries\SrcWrapper\HAL\stm32yyxx_hal_uart.c.o
LOAD D:\vs_code\Arduino\metter\build\libraries\SrcWrapper\HAL\stm32yyxx_hal_uart_ex.c.o
LOAD D:\vs_code\Arduino\metter\build\libraries\SrcWrapper\HAL\stm32yyxx_hal_usart.c.o
LOAD D:\vs_code\Arduino\metter\build\libraries\SrcWrapper\HAL\stm32yyxx_hal_usart_ex.c.o
LOAD D:\vs_code\Arduino\metter\build\libraries\SrcWrapper\HAL\stm32yyxx_hal_wwdg.c.o
LOAD D:\vs_code\Arduino\metter\build\libraries\SrcWrapper\LL\stm32yyxx_ll_adc.c.o
LOAD D:\vs_code\Arduino\metter\build\libraries\SrcWrapper\LL\stm32yyxx_ll_bdma.c.o
LOAD D:\vs_code\Arduino\metter\build\libraries\SrcWrapper\LL\stm32yyxx_ll_comp.c.o
LOAD D:\vs_code\Arduino\metter\build\libraries\SrcWrapper\LL\stm32yyxx_ll_cordic.c.o
LOAD D:\vs_code\Arduino\metter\build\libraries\SrcWrapper\LL\stm32yyxx_ll_crc.c.o
LOAD D:\vs_code\Arduino\metter\build\libraries\SrcWrapper\LL\stm32yyxx_ll_crs.c.o
LOAD D:\vs_code\Arduino\metter\build\libraries\SrcWrapper\LL\stm32yyxx_ll_dac.c.o
LOAD D:\vs_code\Arduino\metter\build\libraries\SrcWrapper\LL\stm32yyxx_ll_delayblock.c.o
LOAD D:\vs_code\Arduino\metter\build\libraries\SrcWrapper\LL\stm32yyxx_ll_dma.c.o
LOAD D:\vs_code\Arduino\metter\build\libraries\SrcWrapper\LL\stm32yyxx_ll_dma2d.c.o
LOAD D:\vs_code\Arduino\metter\build\libraries\SrcWrapper\LL\stm32yyxx_ll_exti.c.o
LOAD D:\vs_code\Arduino\metter\build\libraries\SrcWrapper\LL\stm32yyxx_ll_fmac.c.o
LOAD D:\vs_code\Arduino\metter\build\libraries\SrcWrapper\LL\stm32yyxx_ll_fmc.c.o
LOAD D:\vs_code\Arduino\metter\build\libraries\SrcWrapper\LL\stm32yyxx_ll_fsmc.c.o
LOAD D:\vs_code\Arduino\metter\build\libraries\SrcWrapper\LL\stm32yyxx_ll_gpio.c.o
LOAD D:\vs_code\Arduino\metter\build\libraries\SrcWrapper\LL\stm32yyxx_ll_hrtim.c.o
LOAD D:\vs_code\Arduino\metter\build\libraries\SrcWrapper\LL\stm32yyxx_ll_i2c.c.o
LOAD D:\vs_code\Arduino\metter\build\libraries\SrcWrapper\LL\stm32yyxx_ll_lptim.c.o
LOAD D:\vs_code\Arduino\metter\build\libraries\SrcWrapper\LL\stm32yyxx_ll_lpuart.c.o
LOAD D:\vs_code\Arduino\metter\build\libraries\SrcWrapper\LL\stm32yyxx_ll_mdma.c.o
LOAD D:\vs_code\Arduino\metter\build\libraries\SrcWrapper\LL\stm32yyxx_ll_opamp.c.o
LOAD D:\vs_code\Arduino\metter\build\libraries\SrcWrapper\LL\stm32yyxx_ll_pka.c.o
LOAD D:\vs_code\Arduino\metter\build\libraries\SrcWrapper\LL\stm32yyxx_ll_pwr.c.o
LOAD D:\vs_code\Arduino\metter\build\libraries\SrcWrapper\LL\stm32yyxx_ll_rcc.c.o
LOAD D:\vs_code\Arduino\metter\build\libraries\SrcWrapper\LL\stm32yyxx_ll_rng.c.o
LOAD D:\vs_code\Arduino\metter\build\libraries\SrcWrapper\LL\stm32yyxx_ll_rtc.c.o
LOAD D:\vs_code\Arduino\metter\build\libraries\SrcWrapper\LL\stm32yyxx_ll_sdmmc.c.o
LOAD D:\vs_code\Arduino\metter\build\libraries\SrcWrapper\LL\stm32yyxx_ll_spi.c.o
LOAD D:\vs_code\Arduino\metter\build\libraries\SrcWrapper\LL\stm32yyxx_ll_swpmi.c.o
LOAD D:\vs_code\Arduino\metter\build\libraries\SrcWrapper\LL\stm32yyxx_ll_tim.c.o
LOAD D:\vs_code\Arduino\metter\build\libraries\SrcWrapper\LL\stm32yyxx_ll_ucpd.c.o
LOAD D:\vs_code\Arduino\metter\build\libraries\SrcWrapper\LL\stm32yyxx_ll_usart.c.o
LOAD D:\vs_code\Arduino\metter\build\libraries\SrcWrapper\LL\stm32yyxx_ll_usb.c.o
LOAD D:\vs_code\Arduino\metter\build\libraries\SrcWrapper\LL\stm32yyxx_ll_utils.c.o
LOAD D:\vs_code\Arduino\metter\build\libraries\SrcWrapper\stm32\PortNames.c.o
LOAD D:\vs_code\Arduino\metter\build\libraries\SrcWrapper\stm32\bootloader.c.o
LOAD D:\vs_code\Arduino\metter\build\libraries\SrcWrapper\stm32\clock.c.o
LOAD D:\vs_code\Arduino\metter\build\libraries\SrcWrapper\stm32\core_callback.c.o
LOAD D:\vs_code\Arduino\metter\build\libraries\SrcWrapper\stm32\dwt.c.o
LOAD D:\vs_code\Arduino\metter\build\libraries\SrcWrapper\stm32\hw_config.c.o
LOAD D:\vs_code\Arduino\metter\build\libraries\SrcWrapper\stm32\lock_resource.c.o
LOAD D:\vs_code\Arduino\metter\build\libraries\SrcWrapper\stm32\low_power.c.o
LOAD D:\vs_code\Arduino\metter\build\libraries\SrcWrapper\stm32\pinmap.c.o
LOAD D:\vs_code\Arduino\metter\build\libraries\SrcWrapper\stm32\rtc.c.o
LOAD D:\vs_code\Arduino\metter\build\libraries\SrcWrapper\stm32\stm32_def.c.o
LOAD D:\vs_code\Arduino\metter\build\libraries\SrcWrapper\stm32\stm32_eeprom.c.o
LOAD D:\vs_code\Arduino\metter\build\libraries\SrcWrapper\stm32\system_stm32yyxx.c.o
LOAD D:\vs_code\Arduino\metter\build\libraries\SrcWrapper\stm32\timer.c.o
LOAD D:\vs_code\Arduino\metter\build\libraries\SrcWrapper\stm32\uart.c.o
LOAD D:\vs_code\Arduino\metter\build\libraries\SrcWrapper\stm32\analog.cpp.o
LOAD D:\vs_code\Arduino\metter\build\libraries\SrcWrapper\stm32\interrupt.cpp.o
LOAD D:\vs_code\Arduino\metter\build\core\PeripheralPins.c.o
LOAD D:\vs_code\Arduino\metter\build\core\variant.cpp.o
LOAD D:\vs_code\Arduino\metter\build\core\core.a
LOAD c:/users/phuoc/appdata/local/arduino15/packages/stm32/tools/xpack-arm-none-eabi-gcc/9.2.1-1.1/bin/../lib/gcc/arm-none-eabi/9.2.1/../../../../arm-none-eabi/lib/thumb/v7-m/nofp\libc_nano.a
END GROUP
LOAD c:/users/phuoc/appdata/local/arduino15/packages/stm32/tools/xpack-arm-none-eabi-gcc/9.2.1-1.1/bin/../lib/gcc/arm-none-eabi/9.2.1/../../../../arm-none-eabi/lib/thumb/v7-m/nofp\libm.a
LOAD c:/users/phuoc/appdata/local/arduino15/packages/stm32/tools/xpack-arm-none-eabi-gcc/9.2.1-1.1/bin/../lib/gcc/arm-none-eabi/9.2.1/thumb/v7-m/nofp\libgcc.a
LOAD c:/users/phuoc/appdata/local/arduino15/packages/stm32/tools/xpack-arm-none-eabi-gcc/9.2.1-1.1/bin/../lib/gcc/arm-none-eabi/9.2.1/../../../../arm-none-eabi/lib/thumb/v7-m/nofp\libstdc++_nano.a
START GROUP
LOAD c:/users/phuoc/appdata/local/arduino15/packages/stm32/tools/xpack-arm-none-eabi-gcc/9.2.1-1.1/bin/../lib/gcc/arm-none-eabi/9.2.1/thumb/v7-m/nofp\libgcc.a
LOAD c:/users/phuoc/appdata/local/arduino15/packages/stm32/tools/xpack-arm-none-eabi-gcc/9.2.1-1.1/bin/../lib/gcc/arm-none-eabi/9.2.1/../../../../arm-none-eabi/lib/thumb/v7-m/nofp\libc_nano.a
END GROUP
START GROUP
LOAD c:/users/phuoc/appdata/local/arduino15/packages/stm32/tools/xpack-arm-none-eabi-gcc/9.2.1-1.1/bin/../lib/gcc/arm-none-eabi/9.2.1/thumb/v7-m/nofp\libgcc.a
LOAD c:/users/phuoc/appdata/local/arduino15/packages/stm32/tools/xpack-arm-none-eabi-gcc/9.2.1-1.1/bin/../lib/gcc/arm-none-eabi/9.2.1/../../../../arm-none-eabi/lib/thumb/v7-m/nofp\libc_nano.a
END GROUP
LOAD c:/users/phuoc/appdata/local/arduino15/packages/stm32/tools/xpack-arm-none-eabi-gcc/9.2.1-1.1/bin/../lib/gcc/arm-none-eabi/9.2.1/thumb/v7-m/nofp/crtend.o
LOAD c:/users/phuoc/appdata/local/arduino15/packages/stm32/tools/xpack-arm-none-eabi-gcc/9.2.1-1.1/bin/../lib/gcc/arm-none-eabi/9.2.1/thumb/v7-m/nofp/crtn.o
                0x20005000                _estack = (0x20000000 + LD_MAX_DATA_SIZE)
                0x00000200                _Min_Heap_Size = 0x200
                0x00000400                _Min_Stack_Size = 0x400

.isr_vector     0x08000000      0x10c
                0x08000000                . = ALIGN (0x4)
 *(.isr_vector)
 .isr_vector    0x08000000      0x10c D:\vs_code\Arduino\metter\build\core\core.a(startup_stm32yyxx.S.o)
                0x08000000                g_pfnVectors
                0x0800010c                . = ALIGN (0x4)

.text           0x0800010c     0x9438
                0x0800010c                . = ALIGN (0x4)
 *(.text)
 .text          0x0800010c       0x10 c:/users/phuoc/appdata/local/arduino15/packages/stm32/tools/xpack-arm-none-eabi-gcc/9.2.1-1.1/bin/../lib/gcc/arm-none-eabi/9.2.1/../../../../arm-none-eabi/lib/thumb/v7-m/nofp\libc_nano.a(lib_a-strlen.o)
                0x0800010c                strlen
 .text          0x0800011c      0x378 c:/users/phuoc/appdata/local/arduino15/packages/stm32/tools/xpack-arm-none-eabi-gcc/9.2.1-1.1/bin/../lib/gcc/arm-none-eabi/9.2.1/thumb/v7-m/nofp\libgcc.a(_arm_addsubdf3.o)
                0x0800011c                __aeabi_drsub
                0x08000124                __aeabi_dsub
                0x08000124                __subdf3
                0x08000128                __aeabi_dadd
                0x08000128                __adddf3
                0x080003a0                __floatunsidf
                0x080003a0                __aeabi_ui2d
                0x080003c0                __floatsidf
                0x080003c0                __aeabi_i2d
                0x080003e4                __aeabi_f2d
                0x080003e4                __extendsfdf2
                0x08000428                __floatundidf
                0x08000428                __aeabi_ul2d
                0x08000438                __floatdidf
                0x08000438                __aeabi_l2d
 .text          0x08000494      0x424 c:/users/phuoc/appdata/local/arduino15/packages/stm32/tools/xpack-arm-none-eabi-gcc/9.2.1-1.1/bin/../lib/gcc/arm-none-eabi/9.2.1/thumb/v7-m/nofp\libgcc.a(_arm_muldivdf3.o)
                0x08000494                __aeabi_dmul
                0x08000494                __muldf3
                0x080006e8                __divdf3
                0x080006e8                __aeabi_ddiv
 .text          0x080008b8      0x110 c:/users/phuoc/appdata/local/arduino15/packages/stm32/tools/xpack-arm-none-eabi-gcc/9.2.1-1.1/bin/../lib/gcc/arm-none-eabi/9.2.1/thumb/v7-m/nofp\libgcc.a(_arm_cmpdf2.o)
                0x080008b8                __gtdf2
                0x080008b8                __gedf2
                0x080008c0                __ltdf2
                0x080008c0                __ledf2
                0x080008c8                __nedf2
                0x080008c8                __eqdf2
                0x080008c8                __cmpdf2
                0x08000944                __aeabi_cdrcmple
                0x08000954                __aeabi_cdcmpeq
                0x08000954                __aeabi_cdcmple
                0x08000964                __aeabi_dcmpeq
                0x08000978                __aeabi_dcmplt
                0x0800098c                __aeabi_dcmple
                0x080009a0                __aeabi_dcmpge
                0x080009b4                __aeabi_dcmpgt
 .text          0x080009c8       0x40 c:/users/phuoc/appdata/local/arduino15/packages/stm32/tools/xpack-arm-none-eabi-gcc/9.2.1-1.1/bin/../lib/gcc/arm-none-eabi/9.2.1/thumb/v7-m/nofp\libgcc.a(_arm_fixunsdfsi.o)
                0x080009c8                __aeabi_d2uiz
                0x080009c8                __fixunsdfsi
 .text          0x08000a08       0xa0 c:/users/phuoc/appdata/local/arduino15/packages/stm32/tools/xpack-arm-none-eabi-gcc/9.2.1-1.1/bin/../lib/gcc/arm-none-eabi/9.2.1/thumb/v7-m/nofp\libgcc.a(_arm_truncdfsf2.o)
                0x08000a08                __truncdfsf2
                0x08000a08                __aeabi_d2f
 .text          0x08000aa8       0xec c:/users/phuoc/appdata/local/arduino15/packages/stm32/tools/xpack-arm-none-eabi-gcc/9.2.1-1.1/bin/../lib/gcc/arm-none-eabi/9.2.1/thumb/v7-m/nofp\libgcc.a(_arm_cmpsf2.o)
                0x08000aa8                __gesf2
                0x08000aa8                __gtsf2
                0x08000ab0                __lesf2
                0x08000ab0                __ltsf2
                0x08000ab8                __nesf2
                0x08000ab8                __eqsf2
                0x08000ab8                __cmpsf2
                0x08000b18                __aeabi_cfrcmple
                0x08000b20                __aeabi_cfcmpeq
                0x08000b20                __aeabi_cfcmple
                0x08000b30                __aeabi_fcmpeq
                0x08000b44                __aeabi_fcmplt
                0x08000b58                __aeabi_fcmple
                0x08000b6c                __aeabi_fcmpge
                0x08000b80                __aeabi_fcmpgt
 *(.text*)
 .text.__do_global_dtors_aux
                0x08000b94       0x24 c:/users/phuoc/appdata/local/arduino15/packages/stm32/tools/xpack-arm-none-eabi-gcc/9.2.1-1.1/bin/../lib/gcc/arm-none-eabi/9.2.1/thumb/v7-m/nofp/crtbegin.o
 .text.frame_dummy
                0x08000bb8       0x1c c:/users/phuoc/appdata/local/arduino15/packages/stm32/tools/xpack-arm-none-eabi-gcc/9.2.1-1.1/bin/../lib/gcc/arm-none-eabi/9.2.1/thumb/v7-m/nofp/crtbegin.o
 .text._ZN11EEPROMClass3putIfEERKT_iS3_.isra.0
                0x08000bd4       0x32 D:\vs_code\Arduino\metter\build\sketch\metter.ino.cpp.o
 .text._ZN11EEPROMClass3getIfEERT_iS2_.isra.0
                0x08000c06       0x1c D:\vs_code\Arduino\metter\build\sketch\metter.ino.cpp.o
 *fill*         0x08000c22        0x6 
 .text.setup    0x08000c28       0xa0 D:\vs_code\Arduino\metter\build\sketch\metter.ino.cpp.o
                0x08000c28                setup
 .text._Z12buzzer_soundv
                0x08000cc8       0x1c D:\vs_code\Arduino\metter\build\sketch\metter.ino.cpp.o
                0x08000cc8                buzzer_sound()
 .text._Z10send_valuev
                0x08000ce4       0xe4 D:\vs_code\Arduino\metter\build\sketch\metter.ino.cpp.o
                0x08000ce4                send_value()
 .text.loop     0x08000dc8      0x1e0 D:\vs_code\Arduino\metter\build\sketch\metter.ino.cpp.o
                0x08000dc8                loop
 .text._ZN9Keyboard_5beginEv
                0x08000fa8        0x6 D:\vs_code\Arduino\metter\build\libraries\Keyboard\Keyboard.cpp.o
                0x08000fa8                Keyboard_::begin()
 .text._ZN9Keyboard_10sendReportEP9KeyReport
                0x08000fae       0x46 D:\vs_code\Arduino\metter\build\libraries\Keyboard\Keyboard.cpp.o
                0x08000fae                Keyboard_::sendReport(KeyReport*)
 .text._ZN9Keyboard_5pressEh
                0x08000ff4       0x8c D:\vs_code\Arduino\metter\build\libraries\Keyboard\Keyboard.cpp.o
                0x08000ff4                Keyboard_::press(unsigned char)
 .text._ZN9Keyboard_7releaseEh
                0x08001080       0x68 D:\vs_code\Arduino\metter\build\libraries\Keyboard\Keyboard.cpp.o
                0x08001080                Keyboard_::release(unsigned char)
 .text._ZN9Keyboard_5writeEh
                0x080010e8       0x18 D:\vs_code\Arduino\metter\build\libraries\Keyboard\Keyboard.cpp.o
                0x080010e8                Keyboard_::write(unsigned char)
 .text.startup._GLOBAL__sub_I__ZN9Keyboard_C2Ev
                0x08001100       0x14 D:\vs_code\Arduino\metter\build\libraries\Keyboard\Keyboard.cpp.o
 .text._sbrk    0x08001114       0x3c D:\vs_code\Arduino\metter\build\libraries\SrcWrapper\syscalls.c.o
                0x08001114                _sbrk
 .text._close   0x08001150        0x6 D:\vs_code\Arduino\metter\build\libraries\SrcWrapper\syscalls.c.o
                0x08001150                _close
 .text._fstat   0x08001156        0xa D:\vs_code\Arduino\metter\build\libraries\SrcWrapper\syscalls.c.o
                0x08001156                _fstat
 .text._isatty  0x08001160        0x4 D:\vs_code\Arduino\metter\build\libraries\SrcWrapper\syscalls.c.o
                0x08001160                _isatty
 .text._lseek   0x08001164        0x4 D:\vs_code\Arduino\metter\build\libraries\SrcWrapper\syscalls.c.o
                0x08001164                _lseek
 .text._read    0x08001168        0x4 D:\vs_code\Arduino\metter\build\libraries\SrcWrapper\syscalls.c.o
                0x08001168                _read
 .text._exit    0x0800116c        0x2 D:\vs_code\Arduino\metter\build\libraries\SrcWrapper\syscalls.c.o
                0x0800116c                _exit
 *fill*         0x0800116e        0x2 
 .text._kill    0x08001170       0x10 D:\vs_code\Arduino\metter\build\libraries\SrcWrapper\syscalls.c.o
                0x08001170                _kill
 .text._getpid  0x08001180        0x4 D:\vs_code\Arduino\metter\build\libraries\SrcWrapper\syscalls.c.o
                0x08001180                _getpid
 .text.HAL_MspInit
                0x08001184        0x2 D:\vs_code\Arduino\metter\build\libraries\SrcWrapper\HAL\stm32yyxx_hal.c.o
                0x08001184                HAL_MspInit
 *fill*         0x08001186        0x2 
 .text.HAL_InitTick
                0x08001188       0x48 D:\vs_code\Arduino\metter\build\libraries\SrcWrapper\HAL\stm32yyxx_hal.c.o
                0x08001188                HAL_InitTick
 .text.HAL_Init
                0x080011d0       0x24 D:\vs_code\Arduino\metter\build\libraries\SrcWrapper\HAL\stm32yyxx_hal.c.o
                0x080011d0                HAL_Init
 .text.HAL_IncTick
                0x080011f4       0x18 D:\vs_code\Arduino\metter\build\libraries\SrcWrapper\HAL\stm32yyxx_hal.c.o
                0x080011f4                HAL_IncTick
 .text.HAL_GetTick
                0x0800120c        0xc D:\vs_code\Arduino\metter\build\libraries\SrcWrapper\HAL\stm32yyxx_hal.c.o
                0x0800120c                HAL_GetTick
 .text.HAL_ADC_PollForConversion
                0x08001218      0x138 D:\vs_code\Arduino\metter\build\libraries\SrcWrapper\HAL\stm32yyxx_hal_adc.c.o
                0x08001218                HAL_ADC_PollForConversion
 .text.HAL_ADC_GetValue
                0x08001350        0x6 D:\vs_code\Arduino\metter\build\libraries\SrcWrapper\HAL\stm32yyxx_hal_adc.c.o
                0x08001350                HAL_ADC_GetValue
 *fill*         0x08001356        0x2 
 .text.HAL_ADC_ConfigChannel
                0x08001358       0xfc D:\vs_code\Arduino\metter\build\libraries\SrcWrapper\HAL\stm32yyxx_hal_adc.c.o
                0x08001358                HAL_ADC_ConfigChannel
 .text.HAL_ADC_GetState
                0x08001454        0x4 D:\vs_code\Arduino\metter\build\libraries\SrcWrapper\HAL\stm32yyxx_hal_adc.c.o
                0x08001454                HAL_ADC_GetState
 .text.ADC_Enable
                0x08001458       0x70 D:\vs_code\Arduino\metter\build\libraries\SrcWrapper\HAL\stm32yyxx_hal_adc.c.o
                0x08001458                ADC_Enable
 .text.HAL_ADC_Start
                0x080014c8       0xc4 D:\vs_code\Arduino\metter\build\libraries\SrcWrapper\HAL\stm32yyxx_hal_adc.c.o
                0x080014c8                HAL_ADC_Start
 .text.ADC_ConversionStop_Disable
                0x0800158c       0x44 D:\vs_code\Arduino\metter\build\libraries\SrcWrapper\HAL\stm32yyxx_hal_adc.c.o
                0x0800158c                ADC_ConversionStop_Disable
 .text.HAL_ADC_Init
                0x080015d0       0xfc D:\vs_code\Arduino\metter\build\libraries\SrcWrapper\HAL\stm32yyxx_hal_adc.c.o
                0x080015d0                HAL_ADC_Init
 .text.HAL_ADC_DeInit
                0x080016cc       0xc0 D:\vs_code\Arduino\metter\build\libraries\SrcWrapper\HAL\stm32yyxx_hal_adc.c.o
                0x080016cc                HAL_ADC_DeInit
 .text.HAL_ADC_Stop
                0x0800178c       0x34 D:\vs_code\Arduino\metter\build\libraries\SrcWrapper\HAL\stm32yyxx_hal_adc.c.o
                0x0800178c                HAL_ADC_Stop
 .text.HAL_ADCEx_Calibration_Start
                0x080017c0       0xd0 D:\vs_code\Arduino\metter\build\libraries\SrcWrapper\HAL\stm32yyxx_hal_adc_ex.c.o
                0x080017c0                HAL_ADCEx_Calibration_Start
 .text.HAL_NVIC_SetPriorityGrouping
                0x08001890       0x24 D:\vs_code\Arduino\metter\build\libraries\SrcWrapper\HAL\stm32yyxx_hal_cortex.c.o
                0x08001890                HAL_NVIC_SetPriorityGrouping
 .text.HAL_NVIC_SetPriority
                0x080018b4       0x64 D:\vs_code\Arduino\metter\build\libraries\SrcWrapper\HAL\stm32yyxx_hal_cortex.c.o
                0x080018b4                HAL_NVIC_SetPriority
 .text.HAL_NVIC_EnableIRQ
                0x08001918       0x1c D:\vs_code\Arduino\metter\build\libraries\SrcWrapper\HAL\stm32yyxx_hal_cortex.c.o
                0x08001918                HAL_NVIC_EnableIRQ
 .text.HAL_NVIC_DisableIRQ
                0x08001934       0x28 D:\vs_code\Arduino\metter\build\libraries\SrcWrapper\HAL\stm32yyxx_hal_cortex.c.o
                0x08001934                HAL_NVIC_DisableIRQ
 .text.HAL_SYSTICK_Config
                0x0800195c       0x2c D:\vs_code\Arduino\metter\build\libraries\SrcWrapper\HAL\stm32yyxx_hal_cortex.c.o
                0x0800195c                HAL_SYSTICK_Config
 .text.HAL_NVIC_ClearPendingIRQ
                0x08001988       0x20 D:\vs_code\Arduino\metter\build\libraries\SrcWrapper\HAL\stm32yyxx_hal_cortex.c.o
                0x08001988                HAL_NVIC_ClearPendingIRQ
 .text.HAL_SYSTICK_Callback
                0x080019a8        0x2 D:\vs_code\Arduino\metter\build\libraries\SrcWrapper\HAL\stm32yyxx_hal_cortex.c.o
                0x080019a8                HAL_SYSTICK_Callback
 .text.HAL_SYSTICK_IRQHandler
                0x080019aa        0x8 D:\vs_code\Arduino\metter\build\libraries\SrcWrapper\HAL\stm32yyxx_hal_cortex.c.o
                0x080019aa                HAL_SYSTICK_IRQHandler
 *fill*         0x080019b2        0x2 
 .text.HAL_DMA_Abort_IT
                0x080019b4       0x8c D:\vs_code\Arduino\metter\build\libraries\SrcWrapper\HAL\stm32yyxx_hal_dma.c.o
                0x080019b4                HAL_DMA_Abort_IT
 .text.FLASH_SetErrorCode
                0x08001a40       0x50 D:\vs_code\Arduino\metter\build\libraries\SrcWrapper\HAL\stm32yyxx_hal_flash.c.o
 .text.HAL_FLASH_Unlock
                0x08001a90       0x24 D:\vs_code\Arduino\metter\build\libraries\SrcWrapper\HAL\stm32yyxx_hal_flash.c.o
                0x08001a90                HAL_FLASH_Unlock
 .text.HAL_FLASH_Lock
                0x08001ab4       0x14 D:\vs_code\Arduino\metter\build\libraries\SrcWrapper\HAL\stm32yyxx_hal_flash.c.o
                0x08001ab4                HAL_FLASH_Lock
 .text.FLASH_WaitForLastOperation
                0x08001ac8       0x54 D:\vs_code\Arduino\metter\build\libraries\SrcWrapper\HAL\stm32yyxx_hal_flash.c.o
                0x08001ac8                FLASH_WaitForLastOperation
 .text.HAL_FLASH_Program
                0x08001b1c       0xa4 D:\vs_code\Arduino\metter\build\libraries\SrcWrapper\HAL\stm32yyxx_hal_flash.c.o
                0x08001b1c                HAL_FLASH_Program
 .text.FLASH_MassErase.isra.0
                0x08001bc0       0x24 D:\vs_code\Arduino\metter\build\libraries\SrcWrapper\HAL\stm32yyxx_hal_flash_ex.c.o
 .text.FLASH_PageErase
                0x08001be4       0x24 D:\vs_code\Arduino\metter\build\libraries\SrcWrapper\HAL\stm32yyxx_hal_flash_ex.c.o
                0x08001be4                FLASH_PageErase
 .text.HAL_FLASHEx_Erase
                0x08001c08       0x98 D:\vs_code\Arduino\metter\build\libraries\SrcWrapper\HAL\stm32yyxx_hal_flash_ex.c.o
                0x08001c08                HAL_FLASHEx_Erase
 .text.HAL_GPIO_EXTI_IRQHandler
                0x08001ca0       0x18 D:\vs_code\Arduino\metter\build\libraries\SrcWrapper\HAL\stm32yyxx_hal_gpio.c.o
                0x08001ca0                HAL_GPIO_EXTI_IRQHandler
 .text.HAL_PCD_Init
                0x08001cb8       0xde D:\vs_code\Arduino\metter\build\libraries\SrcWrapper\HAL\stm32yyxx_hal_pcd.c.o
                0x08001cb8                HAL_PCD_Init
 .text.HAL_PCD_Start
                0x08001d96       0x2e D:\vs_code\Arduino\metter\build\libraries\SrcWrapper\HAL\stm32yyxx_hal_pcd.c.o
                0x08001d96                HAL_PCD_Start
 .text.HAL_PCD_SetAddress
                0x08001dc4       0x28 D:\vs_code\Arduino\metter\build\libraries\SrcWrapper\HAL\stm32yyxx_hal_pcd.c.o
                0x08001dc4                HAL_PCD_SetAddress
 .text.HAL_PCD_EP_Open
                0x08001dec       0x44 D:\vs_code\Arduino\metter\build\libraries\SrcWrapper\HAL\stm32yyxx_hal_pcd.c.o
                0x08001dec                HAL_PCD_EP_Open
 .text.HAL_PCD_EP_Close
                0x08001e30       0x40 D:\vs_code\Arduino\metter\build\libraries\SrcWrapper\HAL\stm32yyxx_hal_pcd.c.o
                0x08001e30                HAL_PCD_EP_Close
 .text.HAL_PCD_EP_Receive
                0x08001e70      0x1c8 D:\vs_code\Arduino\metter\build\libraries\SrcWrapper\HAL\stm32yyxx_hal_pcd.c.o
                0x08001e70                HAL_PCD_EP_Receive
 .text.HAL_PCD_EP_Transmit
                0x08002038       0x22 D:\vs_code\Arduino\metter\build\libraries\SrcWrapper\HAL\stm32yyxx_hal_pcd.c.o
                0x08002038                HAL_PCD_EP_Transmit
 *fill*         0x0800205a        0x2 
 .text.HAL_PCD_IRQHandler
                0x0800205c      0x57c D:\vs_code\Arduino\metter\build\libraries\SrcWrapper\HAL\stm32yyxx_hal_pcd.c.o
                0x0800205c                HAL_PCD_IRQHandler
 .text.HAL_PCD_EP_SetStall
                0x080025d8       0x54 D:\vs_code\Arduino\metter\build\libraries\SrcWrapper\HAL\stm32yyxx_hal_pcd.c.o
                0x080025d8                HAL_PCD_EP_SetStall
 .text.HAL_PCD_EP_ClrStall
                0x0800262c       0x44 D:\vs_code\Arduino\metter\build\libraries\SrcWrapper\HAL\stm32yyxx_hal_pcd.c.o
                0x0800262c                HAL_PCD_EP_ClrStall
 .text.HAL_PCDEx_PMAConfig
                0x08002670       0x36 D:\vs_code\Arduino\metter\build\libraries\SrcWrapper\HAL\stm32yyxx_hal_pcd_ex.c.o
                0x08002670                HAL_PCDEx_PMAConfig
 .text.HAL_PCDEx_SetConnectionState
                0x080026a6        0x2 D:\vs_code\Arduino\metter\build\libraries\SrcWrapper\HAL\stm32yyxx_hal_pcd_ex.c.o
                0x080026a6                HAL_PCDEx_SetConnectionState
 .text.HAL_RCC_OscConfig
                0x080026a8      0x338 D:\vs_code\Arduino\metter\build\libraries\SrcWrapper\HAL\stm32yyxx_hal_rcc.c.o
                0x080026a8                HAL_RCC_OscConfig
 .text.HAL_RCC_GetSysClockFreq
                0x080029e0       0x74 D:\vs_code\Arduino\metter\build\libraries\SrcWrapper\HAL\stm32yyxx_hal_rcc.c.o
                0x080029e0                HAL_RCC_GetSysClockFreq
 .text.HAL_RCC_ClockConfig
                0x08002a54      0x138 D:\vs_code\Arduino\metter\build\libraries\SrcWrapper\HAL\stm32yyxx_hal_rcc.c.o
                0x08002a54                HAL_RCC_ClockConfig
 .text.HAL_RCC_GetPCLK1Freq
                0x08002b8c       0x20 D:\vs_code\Arduino\metter\build\libraries\SrcWrapper\HAL\stm32yyxx_hal_rcc.c.o
                0x08002b8c                HAL_RCC_GetPCLK1Freq
 .text.HAL_RCC_GetPCLK2Freq
                0x08002bac       0x20 D:\vs_code\Arduino\metter\build\libraries\SrcWrapper\HAL\stm32yyxx_hal_rcc.c.o
                0x08002bac                HAL_RCC_GetPCLK2Freq
 .text.HAL_RCCEx_PeriphCLKConfig
                0x08002bcc       0xf0 D:\vs_code\Arduino\metter\build\libraries\SrcWrapper\HAL\stm32yyxx_hal_rcc_ex.c.o
                0x08002bcc                HAL_RCCEx_PeriphCLKConfig
 .text.HAL_RCCEx_GetPeriphCLKFreq
                0x08002cbc       0xe8 D:\vs_code\Arduino\metter\build\libraries\SrcWrapper\HAL\stm32yyxx_hal_rcc_ex.c.o
                0x08002cbc                HAL_RCCEx_GetPeriphCLKFreq
 .text.HAL_RTC_AlarmIRQHandler
                0x08002da4       0x30 D:\vs_code\Arduino\metter\build\libraries\SrcWrapper\HAL\stm32yyxx_hal_rtc.c.o
                0x08002da4                HAL_RTC_AlarmIRQHandler
 .text.HAL_TIM_PWM_PulseFinishedCallback
                0x08002dd4        0x2 D:\vs_code\Arduino\metter\build\libraries\SrcWrapper\HAL\stm32yyxx_hal_tim.c.o
                0x08002dd4                HAL_TIM_PWM_PulseFinishedCallback
 .text.HAL_TIM_TriggerCallback
                0x08002dd6        0x2 D:\vs_code\Arduino\metter\build\libraries\SrcWrapper\HAL\stm32yyxx_hal_tim.c.o
                0x08002dd6                HAL_TIM_TriggerCallback
 .text.HAL_TIM_IRQHandler
                0x08002dd8      0x144 D:\vs_code\Arduino\metter\build\libraries\SrcWrapper\HAL\stm32yyxx_hal_tim.c.o
                0x08002dd8                HAL_TIM_IRQHandler
 .text.TIM_Base_SetConfig
                0x08002f1c       0x70 D:\vs_code\Arduino\metter\build\libraries\SrcWrapper\HAL\stm32yyxx_hal_tim.c.o
                0x08002f1c                TIM_Base_SetConfig
 .text.HAL_TIM_Base_Init
                0x08002f8c       0x34 D:\vs_code\Arduino\metter\build\libraries\SrcWrapper\HAL\stm32yyxx_hal_tim.c.o
                0x08002f8c                HAL_TIM_Base_Init
 .text.HAL_TIMEx_CommutCallback
                0x08002fc0        0x2 D:\vs_code\Arduino\metter\build\libraries\SrcWrapper\HAL\stm32yyxx_hal_tim_ex.c.o
                0x08002fc0                HAL_TIMEx_CommutCallback
 .text.HAL_TIMEx_BreakCallback
                0x08002fc2        0x2 D:\vs_code\Arduino\metter\build\libraries\SrcWrapper\HAL\stm32yyxx_hal_tim_ex.c.o
                0x08002fc2                HAL_TIMEx_BreakCallback
 .text.UART_EndRxTransfer
                0x08002fc4       0x1a D:\vs_code\Arduino\metter\build\libraries\SrcWrapper\HAL\stm32yyxx_hal_uart.c.o
 *fill*         0x08002fde        0x2 
 .text.UART_SetConfig
                0x08002fe0       0x74 D:\vs_code\Arduino\metter\build\libraries\SrcWrapper\HAL\stm32yyxx_hal_uart.c.o
 .text.UART_WaitOnFlagUntilTimeout.constprop.0
                0x08003054       0x50 D:\vs_code\Arduino\metter\build\libraries\SrcWrapper\HAL\stm32yyxx_hal_uart.c.o
 .text.HAL_UART_MspInit
                0x080030a4        0x2 D:\vs_code\Arduino\metter\build\libraries\SrcWrapper\HAL\stm32yyxx_hal_uart.c.o
                0x080030a4                HAL_UART_MspInit
 .text.HAL_UART_Init
                0x080030a6       0x5c D:\vs_code\Arduino\metter\build\libraries\SrcWrapper\HAL\stm32yyxx_hal_uart.c.o
                0x080030a6                HAL_UART_Init
 .text.HAL_HalfDuplex_Init
                0x08003102       0x64 D:\vs_code\Arduino\metter\build\libraries\SrcWrapper\HAL\stm32yyxx_hal_uart.c.o
                0x08003102                HAL_HalfDuplex_Init
 .text.HAL_UART_Transmit
                0x08003166       0xb6 D:\vs_code\Arduino\metter\build\libraries\SrcWrapper\HAL\stm32yyxx_hal_uart.c.o
                0x08003166                HAL_UART_Transmit
 .text.HAL_UART_Transmit_IT
                0x0800321c       0x3e D:\vs_code\Arduino\metter\build\libraries\SrcWrapper\HAL\stm32yyxx_hal_uart.c.o
                0x0800321c                HAL_UART_Transmit_IT
 .text.HAL_UART_Receive_IT
                0x0800325a       0x4e D:\vs_code\Arduino\metter\build\libraries\SrcWrapper\HAL\stm32yyxx_hal_uart.c.o
                0x0800325a                HAL_UART_Receive_IT
 .text.UART_Receive_IT
                0x080032a8       0x76 D:\vs_code\Arduino\metter\build\libraries\SrcWrapper\HAL\stm32yyxx_hal_uart.c.o
 *fill*         0x0800331e        0x2 
 .text.HAL_UART_IRQHandler
                0x08003320      0x140 D:\vs_code\Arduino\metter\build\libraries\SrcWrapper\HAL\stm32yyxx_hal_uart.c.o
                0x08003320                HAL_UART_IRQHandler
 .text.UART_DMAAbortOnError
                0x08003460       0x10 D:\vs_code\Arduino\metter\build\libraries\SrcWrapper\HAL\stm32yyxx_hal_uart.c.o
 .text.HAL_HalfDuplex_EnableTransmitter
                0x08003470       0x30 D:\vs_code\Arduino\metter\build\libraries\SrcWrapper\HAL\stm32yyxx_hal_uart.c.o
                0x08003470                HAL_HalfDuplex_EnableTransmitter
 .text.HAL_HalfDuplex_EnableReceiver
                0x080034a0       0x30 D:\vs_code\Arduino\metter\build\libraries\SrcWrapper\HAL\stm32yyxx_hal_uart.c.o
                0x080034a0                HAL_HalfDuplex_EnableReceiver
 .text.HAL_UART_GetState
                0x080034d0        0xc D:\vs_code\Arduino\metter\build\libraries\SrcWrapper\HAL\stm32yyxx_hal_uart.c.o
                0x080034d0                HAL_UART_GetState
 .text.USB_CoreInit
                0x080034dc        0xe D:\vs_code\Arduino\metter\build\libraries\SrcWrapper\LL\stm32yyxx_ll_usb.c.o
                0x080034dc                USB_CoreInit
 .text.USB_EnableGlobalInt
                0x080034ea       0x12 D:\vs_code\Arduino\metter\build\libraries\SrcWrapper\LL\stm32yyxx_ll_usb.c.o
                0x080034ea                USB_EnableGlobalInt
 .text.USB_DisableGlobalInt
                0x080034fc       0x14 D:\vs_code\Arduino\metter\build\libraries\SrcWrapper\LL\stm32yyxx_ll_usb.c.o
                0x080034fc                USB_DisableGlobalInt
 .text.USB_SetCurrentMode
                0x08003510        0x4 D:\vs_code\Arduino\metter\build\libraries\SrcWrapper\LL\stm32yyxx_ll_usb.c.o
                0x08003510                USB_SetCurrentMode
 .text.USB_DevInit
                0x08003514       0x36 D:\vs_code\Arduino\metter\build\libraries\SrcWrapper\LL\stm32yyxx_ll_usb.c.o
                0x08003514                USB_DevInit
 *fill*         0x0800354a        0x2 
 .text.USB_ActivateEndpoint
                0x0800354c      0x34c D:\vs_code\Arduino\metter\build\libraries\SrcWrapper\LL\stm32yyxx_ll_usb.c.o
                0x0800354c                USB_ActivateEndpoint
 .text.USB_DeactivateEndpoint
                0x08003898      0x196 D:\vs_code\Arduino\metter\build\libraries\SrcWrapper\LL\stm32yyxx_ll_usb.c.o
                0x08003898                USB_DeactivateEndpoint
 .text.USB_EPSetStall
                0x08003a2e       0x64 D:\vs_code\Arduino\metter\build\libraries\SrcWrapper\LL\stm32yyxx_ll_usb.c.o
                0x08003a2e                USB_EPSetStall
 .text.USB_EPClearStall
                0x08003a92       0x84 D:\vs_code\Arduino\metter\build\libraries\SrcWrapper\LL\stm32yyxx_ll_usb.c.o
                0x08003a92                USB_EPClearStall
 .text.USB_SetDevAddress
                0x08003b16        0xc D:\vs_code\Arduino\metter\build\libraries\SrcWrapper\LL\stm32yyxx_ll_usb.c.o
                0x08003b16                USB_SetDevAddress
 .text.USB_DevConnect
                0x08003b22        0x4 D:\vs_code\Arduino\metter\build\libraries\SrcWrapper\LL\stm32yyxx_ll_usb.c.o
                0x08003b22                USB_DevConnect
 .text.USB_DevDisconnect
                0x08003b26        0x4 D:\vs_code\Arduino\metter\build\libraries\SrcWrapper\LL\stm32yyxx_ll_usb.c.o
                0x08003b26                USB_DevDisconnect
 .text.USB_ReadInterrupts
                0x08003b2a        0x8 D:\vs_code\Arduino\metter\build\libraries\SrcWrapper\LL\stm32yyxx_ll_usb.c.o
                0x08003b2a                USB_ReadInterrupts
 .text.USB_EP0_OutStart
                0x08003b32        0x4 D:\vs_code\Arduino\metter\build\libraries\SrcWrapper\LL\stm32yyxx_ll_usb.c.o
                0x08003b32                USB_EP0_OutStart
 .text.USB_WritePMA
                0x08003b36       0x1c D:\vs_code\Arduino\metter\build\libraries\SrcWrapper\LL\stm32yyxx_ll_usb.c.o
                0x08003b36                USB_WritePMA
 .text.USB_EPStartXfer
                0x08003b52       0xe4 D:\vs_code\Arduino\metter\build\libraries\SrcWrapper\LL\stm32yyxx_ll_usb.c.o
                0x08003b52                USB_EPStartXfer
 .text.USB_ReadPMA
                0x08003c36       0x22 D:\vs_code\Arduino\metter\build\libraries\SrcWrapper\LL\stm32yyxx_ll_usb.c.o
                0x08003c36                USB_ReadPMA
 .text.set_GPIO_Port_Clock
                0x08003c58       0xa8 D:\vs_code\Arduino\metter\build\libraries\SrcWrapper\stm32\PortNames.c.o
                0x08003c58                set_GPIO_Port_Clock
 .text.getCurrentMillis
                0x08003d00        0x4 D:\vs_code\Arduino\metter\build\libraries\SrcWrapper\stm32\clock.c.o
                0x08003d00                getCurrentMillis
 .text.noOsSystickHandler
                0x08003d04        0x2 D:\vs_code\Arduino\metter\build\libraries\SrcWrapper\stm32\clock.c.o
                0x08003d04                osSystickHandler
                0x08003d04                noOsSystickHandler
 .text.SysTick_Handler
                0x08003d06       0x10 D:\vs_code\Arduino\metter\build\libraries\SrcWrapper\stm32\clock.c.o
                0x08003d06                SysTick_Handler
 *fill*         0x08003d16        0x2 
 .text.dwt_init
                0x08003d18       0x38 D:\vs_code\Arduino\metter\build\libraries\SrcWrapper\stm32\dwt.c.o
                0x08003d18                dwt_init
 .text.hw_config_init
                0x08003d50       0x12 D:\vs_code\Arduino\metter\build\libraries\SrcWrapper\stm32\hw_config.c.o
                0x08003d50                hw_config_init
 *fill*         0x08003d62        0x2 
 .text.pin_SetF1AFPin
                0x08003d64      0x1f8 D:\vs_code\Arduino\metter\build\libraries\SrcWrapper\stm32\pinmap.c.o
 .text.LL_GPIO_SetPinMode
                0x08003f5c       0x2e D:\vs_code\Arduino\metter\build\libraries\SrcWrapper\stm32\pinmap.c.o
 .text.LL_GPIO_SetPinOutputType
                0x08003f8a       0x2e D:\vs_code\Arduino\metter\build\libraries\SrcWrapper\stm32\pinmap.c.o
 .text.pin_in_pinmap
                0x08003fb8       0x1e D:\vs_code\Arduino\metter\build\libraries\SrcWrapper\stm32\pinmap.c.o
                0x08003fb8                pin_in_pinmap
 *fill*         0x08003fd6        0x2 
 .text.pin_function
                0x08003fd8      0x19c D:\vs_code\Arduino\metter\build\libraries\SrcWrapper\stm32\pinmap.c.o
                0x08003fd8                pin_function
 .text.pinmap_pinout
                0x08004174       0x28 D:\vs_code\Arduino\metter\build\libraries\SrcWrapper\stm32\pinmap.c.o
                0x08004174                pinmap_pinout
 .text.pinmap_find_peripheral
                0x0800419c       0x18 D:\vs_code\Arduino\metter\build\libraries\SrcWrapper\stm32\pinmap.c.o
                0x0800419c                pinmap_find_peripheral
 .text.pinmap_peripheral
                0x080041b4        0xc D:\vs_code\Arduino\metter\build\libraries\SrcWrapper\stm32\pinmap.c.o
                0x080041b4                pinmap_peripheral
 .text.pinmap_find_pin
                0x080041c0       0x18 D:\vs_code\Arduino\metter\build\libraries\SrcWrapper\stm32\pinmap.c.o
                0x080041c0                pinmap_find_pin
 .text.pinmap_pin
                0x080041d8        0xc D:\vs_code\Arduino\metter\build\libraries\SrcWrapper\stm32\pinmap.c.o
                0x080041d8                pinmap_pin
 .text.pinmap_find_function
                0x080041e4       0x18 D:\vs_code\Arduino\metter\build\libraries\SrcWrapper\stm32\pinmap.c.o
                0x080041e4                pinmap_find_function
 .text.pinmap_function
                0x080041fc        0xa D:\vs_code\Arduino\metter\build\libraries\SrcWrapper\stm32\pinmap.c.o
                0x080041fc                pinmap_function
 .text.pinmap_merge_peripheral
                0x08004206       0x14 D:\vs_code\Arduino\metter\build\libraries\SrcWrapper\stm32\pinmap.c.o
                0x08004206                pinmap_merge_peripheral
 *fill*         0x0800421a        0x2 
 .text.HAL_RTC_AlarmAEventCallback
                0x0800421c       0x18 D:\vs_code\Arduino\metter\build\libraries\SrcWrapper\stm32\rtc.c.o
                0x0800421c                HAL_RTC_AlarmAEventCallback
 .text.RTC_Alarm_IRQHandler
                0x08004234        0xc D:\vs_code\Arduino\metter\build\libraries\SrcWrapper\stm32\rtc.c.o
                0x08004234                RTC_Alarm_IRQHandler
 .text._Error_Handler
                0x08004240        0x2 D:\vs_code\Arduino\metter\build\libraries\SrcWrapper\stm32\stm32_def.c.o
                0x08004240                _Error_Handler
 *fill*         0x08004242        0x2 
 .text.eeprom_buffer_fill
                0x08004244       0x18 D:\vs_code\Arduino\metter\build\libraries\SrcWrapper\stm32\stm32_eeprom.c.o
                0x08004244                eeprom_buffer_fill
 .text.eeprom_read_byte
                0x0800425c       0x14 D:\vs_code\Arduino\metter\build\libraries\SrcWrapper\stm32\stm32_eeprom.c.o
                0x0800425c                eeprom_read_byte
 .text.eeprom_buffer_flush
                0x08004270       0x5c D:\vs_code\Arduino\metter\build\libraries\SrcWrapper\stm32\stm32_eeprom.c.o
                0x08004270                eeprom_buffer_flush
 .text.eeprom_write_byte
                0x080042cc        0xc D:\vs_code\Arduino\metter\build\libraries\SrcWrapper\stm32\stm32_eeprom.c.o
                0x080042cc                eeprom_write_byte
 .text.SystemInit
                0x080042d8       0x4c D:\vs_code\Arduino\metter\build\libraries\SrcWrapper\stm32\system_stm32yyxx.c.o
                0x080042d8                SystemInit
 .text.get_timer_obj
                0x08004324        0x4 D:\vs_code\Arduino\metter\build\libraries\SrcWrapper\stm32\timer.c.o
                0x08004324                get_timer_obj
 .text.enableTimerClock
                0x08004328       0x88 D:\vs_code\Arduino\metter\build\libraries\SrcWrapper\stm32\timer.c.o
                0x08004328                enableTimerClock
 .text.disableTimerClock
                0x080043b0       0x5c D:\vs_code\Arduino\metter\build\libraries\SrcWrapper\stm32\timer.c.o
                0x080043b0                disableTimerClock
 .text.getTimerUpIrq
                0x0800440c       0x4c D:\vs_code\Arduino\metter\build\libraries\SrcWrapper\stm32\timer.c.o
                0x0800440c                getTimerUpIrq
 .text.getTimerCCIrq
                0x08004458       0x4c D:\vs_code\Arduino\metter\build\libraries\SrcWrapper\stm32\timer.c.o
                0x08004458                getTimerCCIrq
 .text.HAL_TIM_Base_MspInit
                0x080044a4       0x50 D:\vs_code\Arduino\metter\build\libraries\SrcWrapper\stm32\timer.c.o
                0x080044a4                HAL_TIM_Base_MspInit
 .text.uart_init.part.0
                0x080044f4      0x14c D:\vs_code\Arduino\metter\build\libraries\SrcWrapper\stm32\uart.c.o
 .text.uart_init
                0x08004640        0x8 D:\vs_code\Arduino\metter\build\libraries\SrcWrapper\stm32\uart.c.o
                0x08004640                uart_init
 .text.uart_debug_init
                0x08004648       0x50 D:\vs_code\Arduino\metter\build\libraries\SrcWrapper\stm32\uart.c.o
                0x08004648                uart_debug_init
 .text.uart_debug_write
                0x08004698       0xe4 D:\vs_code\Arduino\metter\build\libraries\SrcWrapper\stm32\uart.c.o
                0x08004698                uart_debug_write
 .text.serial_rx_active
                0x0800477c       0x24 D:\vs_code\Arduino\metter\build\libraries\SrcWrapper\stm32\uart.c.o
                0x0800477c                serial_rx_active
 .text.serial_tx_active
                0x080047a0       0x24 D:\vs_code\Arduino\metter\build\libraries\SrcWrapper\stm32\uart.c.o
                0x080047a0                serial_tx_active
 .text.uart_getc
                0x080047c4       0x38 D:\vs_code\Arduino\metter\build\libraries\SrcWrapper\stm32\uart.c.o
                0x080047c4                uart_getc
 .text.uart_attach_rx_callback
                0x080047fc       0x4c D:\vs_code\Arduino\metter\build\libraries\SrcWrapper\stm32\uart.c.o
                0x080047fc                uart_attach_rx_callback
 .text.uart_attach_tx_callback
                0x08004848       0x48 D:\vs_code\Arduino\metter\build\libraries\SrcWrapper\stm32\uart.c.o
                0x08004848                uart_attach_tx_callback
 .text.uart_enable_tx
                0x08004890       0x20 D:\vs_code\Arduino\metter\build\libraries\SrcWrapper\stm32\uart.c.o
                0x08004890                uart_enable_tx
 .text.uart_enable_rx
                0x080048b0       0x20 D:\vs_code\Arduino\metter\build\libraries\SrcWrapper\stm32\uart.c.o
                0x080048b0                uart_enable_rx
 .text.HAL_UART_RxCpltCallback
                0x080048d0        0x6 D:\vs_code\Arduino\metter\build\libraries\SrcWrapper\stm32\uart.c.o
                0x080048d0                HAL_UART_RxCpltCallback
 .text.HAL_UART_TxCpltCallback
                0x080048d6       0x26 D:\vs_code\Arduino\metter\build\libraries\SrcWrapper\stm32\uart.c.o
                0x080048d6                HAL_UART_TxCpltCallback
 .text.HAL_UART_ErrorCallback
                0x080048fc       0x7a D:\vs_code\Arduino\metter\build\libraries\SrcWrapper\stm32\uart.c.o
                0x080048fc                HAL_UART_ErrorCallback
 *fill*         0x08004976        0x2 
 .text.USART1_IRQHandler
                0x08004978       0x18 D:\vs_code\Arduino\metter\build\libraries\SrcWrapper\stm32\uart.c.o
                0x08004978                USART1_IRQHandler
 .text.USART2_IRQHandler
                0x08004990       0x18 D:\vs_code\Arduino\metter\build\libraries\SrcWrapper\stm32\uart.c.o
                0x08004990                USART2_IRQHandler
 .text.USART3_IRQHandler
                0x080049a8       0x1c D:\vs_code\Arduino\metter\build\libraries\SrcWrapper\stm32\uart.c.o
                0x080049a8                USART3_IRQHandler
 .text.HAL_ADC_MspInit
                0x080049c4       0x64 D:\vs_code\Arduino\metter\build\libraries\SrcWrapper\stm32\analog.cpp.o
                0x080049c4                HAL_ADC_MspInit
 .text.HAL_ADC_MspDeInit
                0x08004a28       0x58 D:\vs_code\Arduino\metter\build\libraries\SrcWrapper\stm32\analog.cpp.o
                0x08004a28                HAL_ADC_MspDeInit
 .text.adc_read_value
                0x08004a80      0x11c D:\vs_code\Arduino\metter\build\libraries\SrcWrapper\stm32\analog.cpp.o
                0x08004a80                adc_read_value
 .text.pwm_stop
                0x08004b9c       0x5c D:\vs_code\Arduino\metter\build\libraries\SrcWrapper\stm32\analog.cpp.o
                0x08004b9c                pwm_stop
 .text._ZNSt14_Function_baseD2Ev
                0x08004bf8       0x12 D:\vs_code\Arduino\metter\build\libraries\SrcWrapper\stm32\interrupt.cpp.o
                0x08004bf8                std::_Function_base::~_Function_base()
                0x08004bf8                std::_Function_base::~_Function_base()
 *fill*         0x08004c0a        0x2 
 .text.HAL_GPIO_EXTI_Callback
                0x08004c0c       0x2c D:\vs_code\Arduino\metter\build\libraries\SrcWrapper\stm32\interrupt.cpp.o
                0x08004c0c                HAL_GPIO_EXTI_Callback
 .text.EXTI0_IRQHandler
                0x08004c38        0x6 D:\vs_code\Arduino\metter\build\libraries\SrcWrapper\stm32\interrupt.cpp.o
                0x08004c38                EXTI0_IRQHandler
 .text.EXTI1_IRQHandler
                0x08004c3e        0x6 D:\vs_code\Arduino\metter\build\libraries\SrcWrapper\stm32\interrupt.cpp.o
                0x08004c3e                EXTI1_IRQHandler
 .text.EXTI2_IRQHandler
                0x08004c44        0x6 D:\vs_code\Arduino\metter\build\libraries\SrcWrapper\stm32\interrupt.cpp.o
                0x08004c44                EXTI2_IRQHandler
 .text.EXTI3_IRQHandler
                0x08004c4a        0x6 D:\vs_code\Arduino\metter\build\libraries\SrcWrapper\stm32\interrupt.cpp.o
                0x08004c4a                EXTI3_IRQHandler
 .text.EXTI4_IRQHandler
                0x08004c50        0x6 D:\vs_code\Arduino\metter\build\libraries\SrcWrapper\stm32\interrupt.cpp.o
                0x08004c50                EXTI4_IRQHandler
 .text.EXTI9_5_IRQHandler
                0x08004c56       0x16 D:\vs_code\Arduino\metter\build\libraries\SrcWrapper\stm32\interrupt.cpp.o
                0x08004c56                EXTI9_5_IRQHandler
 .text.EXTI15_10_IRQHandler
                0x08004c6c       0x18 D:\vs_code\Arduino\metter\build\libraries\SrcWrapper\stm32\interrupt.cpp.o
                0x08004c6c                EXTI15_10_IRQHandler
 .text.startup._GLOBAL__sub_I__Z22stm32_interrupt_enableP12GPIO_TypeDeftSt8functionIFvvEEm
                0x08004c84       0x88 D:\vs_code\Arduino\metter\build\libraries\SrcWrapper\stm32\interrupt.cpp.o
 .text.exit._GLOBAL__sub_D__Z22stm32_interrupt_enableP12GPIO_TypeDeftSt8functionIFvvEEm
                0x08004d0c       0x1c D:\vs_code\Arduino\metter\build\libraries\SrcWrapper\stm32\interrupt.cpp.o
 .text.SystemClock_Config
                0x08004d28       0x60 D:\vs_code\Arduino\metter\build\core\variant.cpp.o
                0x08004d28                SystemClock_Config
 .text.Reset_Handler
                0x08004d88       0x48 D:\vs_code\Arduino\metter\build\core\core.a(startup_stm32yyxx.S.o)
                0x08004d88                Reset_Handler
 .text.Default_Handler
                0x08004dd0        0x2 D:\vs_code\Arduino\metter\build\core\core.a(startup_stm32yyxx.S.o)
                0x08004dd0                DebugMon_Handler
                0x08004dd0                HardFault_Handler
                0x08004dd0                PVD_IRQHandler
                0x08004dd0                PendSV_Handler
                0x08004dd0                NMI_Handler
                0x08004dd0                I2C2_EV_IRQHandler
                0x08004dd0                UsageFault_Handler
                0x08004dd0                ADC1_2_IRQHandler
                0x08004dd0                SPI1_IRQHandler
                0x08004dd0                TAMPER_IRQHandler
                0x08004dd0                DMA1_Channel4_IRQHandler
                0x08004dd0                RTC_IRQHandler
                0x08004dd0                DMA1_Channel7_IRQHandler
                0x08004dd0                CAN1_RX1_IRQHandler
                0x08004dd0                I2C1_EV_IRQHandler
                0x08004dd0                DMA1_Channel6_IRQHandler
                0x08004dd0                RCC_IRQHandler
                0x08004dd0                TIM1_TRG_COM_IRQHandler
                0x08004dd0                DMA1_Channel1_IRQHandler
                0x08004dd0                Default_Handler
                0x08004dd0                SPI2_IRQHandler
                0x08004dd0                MemManage_Handler
                0x08004dd0                SVC_Handler
                0x08004dd0                DMA1_Channel5_IRQHandler
                0x08004dd0                USB_HP_CAN1_TX_IRQHandler
                0x08004dd0                DMA1_Channel3_IRQHandler
                0x08004dd0                WWDG_IRQHandler
                0x08004dd0                TIM1_BRK_IRQHandler
                0x08004dd0                I2C2_ER_IRQHandler
                0x08004dd0                DMA1_Channel2_IRQHandler
                0x08004dd0                CAN1_SCE_IRQHandler
                0x08004dd0                FLASH_IRQHandler
                0x08004dd0                BusFault_Handler
                0x08004dd0                I2C1_ER_IRQHandler
 *fill*         0x08004dd2        0x2 
 .text.HID_Composite_Init
                0x08004dd4       0x58 D:\vs_code\Arduino\metter\build\core\core.a(usbd_hid_composite_if.c.o)
                0x08004dd4                HID_Composite_Init
 .text.HID_Composite_keyboard_sendReport
                0x08004e2c       0x10 D:\vs_code\Arduino\metter\build\core\core.a(usbd_hid_composite_if.c.o)
                0x08004e2c                HID_Composite_keyboard_sendReport
 .text.USBD_Init
                0x08004e3c       0x2a D:\vs_code\Arduino\metter\build\core\core.a(usb_device_core.c.o)
                0x08004e3c                USBD_Init
 .text.USBD_RegisterClass
                0x08004e66        0xe D:\vs_code\Arduino\metter\build\core\core.a(usb_device_core.c.o)
                0x08004e66                USBD_RegisterClass
 .text.USBD_Start
                0x08004e74        0xa D:\vs_code\Arduino\metter\build\core\core.a(usb_device_core.c.o)
                0x08004e74                USBD_Start
 .text.USBD_SetClassConfig
                0x08004e7e       0x16 D:\vs_code\Arduino\metter\build\core\core.a(usb_device_core.c.o)
                0x08004e7e                USBD_SetClassConfig
 .text.USBD_ClrClassConfig
                0x08004e94        0xe D:\vs_code\Arduino\metter\build\core\core.a(usb_device_core.c.o)
                0x08004e94                USBD_ClrClassConfig
 .text.USBD_LL_SetupStage
                0x08004ea2       0x5a D:\vs_code\Arduino\metter\build\core\core.a(usb_device_core.c.o)
                0x08004ea2                USBD_LL_SetupStage
 .text.USBD_LL_DataOutStage
                0x08004efc       0x74 D:\vs_code\Arduino\metter\build\core\core.a(usb_device_core.c.o)
                0x08004efc                USBD_LL_DataOutStage
 .text.USBD_LL_DataInStage
                0x08004f70       0xb6 D:\vs_code\Arduino\metter\build\core\core.a(usb_device_core.c.o)
                0x08004f70                USBD_LL_DataInStage
 .text.USBD_LL_Reset
                0x08005026       0x4e D:\vs_code\Arduino\metter\build\core\core.a(usb_device_core.c.o)
                0x08005026                USBD_LL_Reset
 .text.USBD_LL_SetSpeed
                0x08005074        0x6 D:\vs_code\Arduino\metter\build\core\core.a(usb_device_core.c.o)
                0x08005074                USBD_LL_SetSpeed
 .text.USBD_LL_Suspend
                0x0800507a       0x12 D:\vs_code\Arduino\metter\build\core\core.a(usb_device_core.c.o)
                0x0800507a                USBD_LL_Suspend
 .text.USBD_LL_Resume
                0x0800508c       0x14 D:\vs_code\Arduino\metter\build\core\core.a(usb_device_core.c.o)
                0x0800508c                USBD_LL_Resume
 .text.USBD_LL_SOF
                0x080050a0       0x18 D:\vs_code\Arduino\metter\build\core\core.a(usb_device_core.c.o)
                0x080050a0                USBD_LL_SOF
 .text.USBD_CtlError.constprop.0
                0x080050b8       0x16 D:\vs_code\Arduino\metter\build\core\core.a(usb_device_ctlreq.c.o)
 *fill*         0x080050ce        0x2 
 .text.USBD_StdDevReq
                0x080050d0      0x254 D:\vs_code\Arduino\metter\build\core\core.a(usb_device_ctlreq.c.o)
                0x080050d0                USBD_StdDevReq
 .text.USBD_StdItfReq
                0x08005324       0x48 D:\vs_code\Arduino\metter\build\core\core.a(usb_device_ctlreq.c.o)
                0x08005324                USBD_StdItfReq
 .text.USBD_StdEPReq
                0x0800536c      0x114 D:\vs_code\Arduino\metter\build\core\core.a(usb_device_ctlreq.c.o)
                0x0800536c                USBD_StdEPReq
 .text.USBD_ParseSetupRequest
                0x08005480       0x28 D:\vs_code\Arduino\metter\build\core\core.a(usb_device_ctlreq.c.o)
                0x08005480                USBD_ParseSetupRequest
 .text.USBD_CtlError
                0x080054a8       0x16 D:\vs_code\Arduino\metter\build\core\core.a(usb_device_ctlreq.c.o)
                0x080054a8                USBD_CtlError
 .text.USBD_GetString
                0x080054be       0x38 D:\vs_code\Arduino\metter\build\core\core.a(usb_device_ctlreq.c.o)
                0x080054be                USBD_GetString
 .text.USBD_CtlSendData
                0x080054f6       0x1a D:\vs_code\Arduino\metter\build\core\core.a(usb_device_ioreq.c.o)
                0x080054f6                USBD_CtlSendData
 .text.USBD_CtlContinueSendData
                0x08005510       0x10 D:\vs_code\Arduino\metter\build\core\core.a(usb_device_ioreq.c.o)
                0x08005510                USBD_CtlContinueSendData
 .text.USBD_CtlContinueRx
                0x08005520       0x10 D:\vs_code\Arduino\metter\build\core\core.a(usb_device_ioreq.c.o)
                0x08005520                USBD_CtlContinueRx
 .text.USBD_CtlSendStatus
                0x08005530       0x16 D:\vs_code\Arduino\metter\build\core\core.a(usb_device_ioreq.c.o)
                0x08005530                USBD_CtlSendStatus
 .text.USBD_CtlReceiveStatus
                0x08005546       0x16 D:\vs_code\Arduino\metter\build\core\core.a(usb_device_ioreq.c.o)
                0x08005546                USBD_CtlReceiveStatus
 .text.HAL_PCD_MspInit
                0x0800555c       0x94 D:\vs_code\Arduino\metter\build\core\core.a(usbd_conf.c.o)
                0x0800555c                HAL_PCD_MspInit
 .text.HAL_PCD_SetupStageCallback
                0x080055f0        0xc D:\vs_code\Arduino\metter\build\core\core.a(usbd_conf.c.o)
                0x080055f0                HAL_PCD_SetupStageCallback
 .text.HAL_PCD_DataOutStageCallback
                0x080055fc       0x12 D:\vs_code\Arduino\metter\build\core\core.a(usbd_conf.c.o)
                0x080055fc                HAL_PCD_DataOutStageCallback
 .text.HAL_PCD_DataInStageCallback
                0x0800560e       0x10 D:\vs_code\Arduino\metter\build\core\core.a(usbd_conf.c.o)
                0x0800560e                HAL_PCD_DataInStageCallback
 .text.HAL_PCD_SOFCallback
                0x0800561e        0x8 D:\vs_code\Arduino\metter\build\core\core.a(usbd_conf.c.o)
                0x0800561e                HAL_PCD_SOFCallback
 .text.HAL_PCD_ResetCallback
                0x08005626       0x1a D:\vs_code\Arduino\metter\build\core\core.a(usbd_conf.c.o)
                0x08005626                HAL_PCD_ResetCallback
 .text.HAL_PCD_SuspendCallback
                0x08005640       0x20 D:\vs_code\Arduino\metter\build\core\core.a(usbd_conf.c.o)
                0x08005640                HAL_PCD_SuspendCallback
 .text.HAL_PCD_ResumeCallback
                0x08005660       0x28 D:\vs_code\Arduino\metter\build\core\core.a(usbd_conf.c.o)
                0x08005660                HAL_PCD_ResumeCallback
 .text.USB_LP_CAN1_RX0_IRQHandler
                0x08005688        0xc D:\vs_code\Arduino\metter\build\core\core.a(usbd_conf.c.o)
                0x08005688                USB_LP_CAN1_RX0_IRQHandler
 .text.USBWakeUp_IRQHandler
                0x08005694       0x2c D:\vs_code\Arduino\metter\build\core\core.a(usbd_conf.c.o)
                0x08005694                USBWakeUp_IRQHandler
 .text.USBD_LL_Init
                0x080056c0       0x6c D:\vs_code\Arduino\metter\build\core\core.a(usbd_conf.c.o)
                0x080056c0                USBD_LL_Init
 .text.USBD_LL_Start
                0x0800572c        0xe D:\vs_code\Arduino\metter\build\core\core.a(usbd_conf.c.o)
                0x0800572c                USBD_LL_Start
 .text.USBD_LL_OpenEP
                0x0800573a       0x14 D:\vs_code\Arduino\metter\build\core\core.a(usbd_conf.c.o)
                0x0800573a                USBD_LL_OpenEP
 .text.USBD_LL_CloseEP
                0x0800574e        0xe D:\vs_code\Arduino\metter\build\core\core.a(usbd_conf.c.o)
                0x0800574e                USBD_LL_CloseEP
 .text.USBD_LL_StallEP
                0x0800575c        0xe D:\vs_code\Arduino\metter\build\core\core.a(usbd_conf.c.o)
                0x0800575c                USBD_LL_StallEP
 .text.USBD_LL_ClearStallEP
                0x0800576a        0xe D:\vs_code\Arduino\metter\build\core\core.a(usbd_conf.c.o)
                0x0800576a                USBD_LL_ClearStallEP
 .text.USBD_LL_IsStallEP
                0x08005778       0x24 D:\vs_code\Arduino\metter\build\core\core.a(usbd_conf.c.o)
                0x08005778                USBD_LL_IsStallEP
 .text.USBD_LL_SetUSBAddress
                0x0800579c        0xe D:\vs_code\Arduino\metter\build\core\core.a(usbd_conf.c.o)
                0x0800579c                USBD_LL_SetUSBAddress
 .text.USBD_LL_Transmit
                0x080057aa        0xe D:\vs_code\Arduino\metter\build\core\core.a(usbd_conf.c.o)
                0x080057aa                USBD_LL_Transmit
 .text.USBD_LL_PrepareReceive
                0x080057b8        0xe D:\vs_code\Arduino\metter\build\core\core.a(usbd_conf.c.o)
                0x080057b8                USBD_LL_PrepareReceive
 *fill*         0x080057c6        0x2 
 .text.USBD_Class_DeviceDescriptor
                0x080057c8        0xc D:\vs_code\Arduino\metter\build\core\core.a(usbd_desc.c.o)
                0x080057c8                USBD_Class_DeviceDescriptor
 .text.USBD_LangIDStrDescriptor
                0x080057d4        0xc D:\vs_code\Arduino\metter\build\core\core.a(usbd_desc.c.o)
                0x080057d4                USBD_LangIDStrDescriptor
 .text.IntToUnicode
                0x080057e0       0x2a D:\vs_code\Arduino\metter\build\core\core.a(usbd_desc.c.o)
 *fill*         0x0800580a        0x2 
 .text.USBD_SerialStrDescriptor
                0x0800580c       0x40 D:\vs_code\Arduino\metter\build\core\core.a(usbd_desc.c.o)
                0x0800580c                USBD_SerialStrDescriptor
 .text.USBD_ManufacturerStrDescriptor
                0x0800584c       0x1c D:\vs_code\Arduino\metter\build\core\core.a(usbd_desc.c.o)
                0x0800584c                USBD_ManufacturerStrDescriptor
 .text.USBD_Class_ProductStrDescriptor
                0x08005868       0x24 D:\vs_code\Arduino\metter\build\core\core.a(usbd_desc.c.o)
                0x08005868                USBD_Class_ProductStrDescriptor
 .text.USBD_Class_ConfigStrDescriptor
                0x0800588c       0x1c D:\vs_code\Arduino\metter\build\core\core.a(usbd_desc.c.o)
                0x0800588c                USBD_Class_ConfigStrDescriptor
 .text.USBD_Class_InterfaceStrDescriptor
                0x080058a8       0x1c D:\vs_code\Arduino\metter\build\core\core.a(usbd_desc.c.o)
                0x080058a8                USBD_Class_InterfaceStrDescriptor
 .text.USBD_reenumerate
                0x080058c4       0x34 D:\vs_code\Arduino\metter\build\core\core.a(usbd_if.c.o)
                0x080058c4                USBD_reenumerate
 .text.mapResolution
                0x080058f8       0x26 D:\vs_code\Arduino\metter\build\core\core.a(wiring_analog.c.o)
 *fill*         0x0800591e        0x2 
 .text.analogReadResolution
                0x08005920       0x28 D:\vs_code\Arduino\metter\build\core\core.a(wiring_analog.c.o)
                0x08005920                analogReadResolution
 .text.analogRead
                0x08005948       0x2c D:\vs_code\Arduino\metter\build\core\core.a(wiring_analog.c.o)
                0x08005948                analogRead
 .text.pinMode  0x08005974       0x9c D:\vs_code\Arduino\metter\build\core\core.a(wiring_digital.c.o)
                0x08005974                pinMode
 .text.digitalWrite
                0x08005a10       0x48 D:\vs_code\Arduino\metter\build\core\core.a(wiring_digital.c.o)
                0x08005a10                digitalWrite
 .text.millis   0x08005a58        0x4 D:\vs_code\Arduino\metter\build\core\core.a(wiring_time.c.o)
                0x08005a58                millis
 .text.delay    0x08005a5c       0x1c D:\vs_code\Arduino\metter\build\core\core.a(wiring_time.c.o)
                0x08005a5c                delay
 .text._ZN14HardwareSerial16_tx_complete_irqEP8serial_s
                0x08005a78       0x24 D:\vs_code\Arduino\metter\build\core\core.a(HardwareSerial.cpp.o)
                0x08005a78                HardwareSerial::_tx_complete_irq(serial_s*)
 .text._ZN14HardwareSerial9availableEv
                0x08005a9c       0x10 D:\vs_code\Arduino\metter\build\core\core.a(HardwareSerial.cpp.o)
                0x08005a9c                HardwareSerial::available()
 .text._ZN14HardwareSerial4peekEv
                0x08005aac       0x1a D:\vs_code\Arduino\metter\build\core\core.a(HardwareSerial.cpp.o)
                0x08005aac                HardwareSerial::peek()
 .text._ZN14HardwareSerial16_rx_complete_irqEP8serial_s
                0x08005ac6       0x38 D:\vs_code\Arduino\metter\build\core\core.a(HardwareSerial.cpp.o)
                0x08005ac6                HardwareSerial::_rx_complete_irq(serial_s*)
 *fill*         0x08005afe        0x2 
 .text._ZN14HardwareSerial5writeEh
                0x08005b00       0x60 D:\vs_code\Arduino\metter\build\core\core.a(HardwareSerial.cpp.o)
                0x08005b00                HardwareSerial::write(unsigned char)
 .text._ZN14HardwareSerial5flushEv
                0x08005b60       0x14 D:\vs_code\Arduino\metter\build\core\core.a(HardwareSerial.cpp.o)
                0x08005b60                HardwareSerial::flush()
 .text._ZN14HardwareSerial4initE7PinNameS0_
                0x08005b74       0x2c D:\vs_code\Arduino\metter\build\core\core.a(HardwareSerial.cpp.o)
                0x08005b74                HardwareSerial::init(PinName, PinName)
 .text._ZN14HardwareSerialC2EPv16HalfDuplexMode_t
                0x08005ba0       0x7c D:\vs_code\Arduino\metter\build\core\core.a(HardwareSerial.cpp.o)
                0x08005ba0                HardwareSerial::HardwareSerial(void*, HalfDuplexMode_t)
                0x08005ba0                HardwareSerial::HardwareSerial(void*, HalfDuplexMode_t)
 .text._ZN14HardwareSerial18enableHalfDuplexRxEv
                0x08005c1c       0x2c D:\vs_code\Arduino\metter\build\core\core.a(HardwareSerial.cpp.o)
                0x08005c1c                HardwareSerial::enableHalfDuplexRx()
 .text._ZN14HardwareSerial5beginEmh
                0x08005c48       0x9c D:\vs_code\Arduino\metter\build\core\core.a(HardwareSerial.cpp.o)
                0x08005c48                HardwareSerial::begin(unsigned long, unsigned char)
 .text._ZN14HardwareSerial4readEv
                0x08005ce4       0x2e D:\vs_code\Arduino\metter\build\core\core.a(HardwareSerial.cpp.o)
                0x08005ce4                HardwareSerial::read()
 *fill*         0x08005d12        0x2 
 .text.startup._GLOBAL__sub_I_Serial1
                0x08005d14       0x14 D:\vs_code\Arduino\metter\build\core\core.a(HardwareSerial.cpp.o)
 .text._ZNSt8functionIFvvEEaSEDn.isra.0
                0x08005d28       0x18 D:\vs_code\Arduino\metter\build\core\core.a(HardwareTimer.cpp.o)
 .text._Z15get_timer_indexP11TIM_TypeDef
                0x08005d40       0x38 D:\vs_code\Arduino\metter\build\core\core.a(HardwareTimer.cpp.o)
                0x08005d40                get_timer_index(TIM_TypeDef*)
 .text._ZN13HardwareTimerD2Ev
                0x08005d78       0x40 D:\vs_code\Arduino\metter\build\core\core.a(HardwareTimer.cpp.o)
                0x08005d78                HardwareTimer::~HardwareTimer()
                0x08005d78                HardwareTimer::~HardwareTimer()
 .text._ZN13HardwareTimerC2EP11TIM_TypeDef
                0x08005db8       0xac D:\vs_code\Arduino\metter\build\core\core.a(HardwareTimer.cpp.o)
                0x08005db8                HardwareTimer::HardwareTimer(TIM_TypeDef*)
                0x08005db8                HardwareTimer::HardwareTimer(TIM_TypeDef*)
 .text.TIM1_UP_IRQHandler
                0x08005e64       0x14 D:\vs_code\Arduino\metter\build\core\core.a(HardwareTimer.cpp.o)
                0x08005e64                TIM1_UP_IRQHandler
 .text.TIM1_CC_IRQHandler
                0x08005e78        0x4 D:\vs_code\Arduino\metter\build\core\core.a(HardwareTimer.cpp.o)
                0x08005e78                TIM1_CC_IRQHandler
 .text.TIM2_IRQHandler
                0x08005e7c       0x14 D:\vs_code\Arduino\metter\build\core\core.a(HardwareTimer.cpp.o)
                0x08005e7c                TIM2_IRQHandler
 .text.TIM3_IRQHandler
                0x08005e90       0x14 D:\vs_code\Arduino\metter\build\core\core.a(HardwareTimer.cpp.o)
                0x08005e90                TIM3_IRQHandler
 .text.TIM4_IRQHandler
                0x08005ea4       0x14 D:\vs_code\Arduino\metter\build\core\core.a(HardwareTimer.cpp.o)
                0x08005ea4                TIM4_IRQHandler
 .text._ZNKSt8functionIFvvEEclEv
                0x08005eb8       0x12 D:\vs_code\Arduino\metter\build\core\core.a(HardwareTimer.cpp.o)
                0x08005eb8                std::function<void ()>::operator()() const
 *fill*         0x08005eca        0x2 
 .text._ZN13HardwareTimer14updateCallbackEP17TIM_HandleTypeDef
                0x08005ecc       0x28 D:\vs_code\Arduino\metter\build\core\core.a(HardwareTimer.cpp.o)
                0x08005ecc                HardwareTimer::updateCallback(TIM_HandleTypeDef*)
 .text.HAL_TIM_PeriodElapsedCallback
                0x08005ef4        0x4 D:\vs_code\Arduino\metter\build\core\core.a(HardwareTimer.cpp.o)
                0x08005ef4                HAL_TIM_PeriodElapsedCallback
 .text._ZN13HardwareTimer22captureCompareCallbackEP17TIM_HandleTypeDef
                0x08005ef8       0x50 D:\vs_code\Arduino\metter\build\core\core.a(HardwareTimer.cpp.o)
                0x08005ef8                HardwareTimer::captureCompareCallback(TIM_HandleTypeDef*)
 .text.HAL_TIM_OC_DelayElapsedCallback
                0x08005f48        0x4 D:\vs_code\Arduino\metter\build\core\core.a(HardwareTimer.cpp.o)
                0x08005f48                HAL_TIM_OC_DelayElapsedCallback
 .text.HAL_TIM_IC_CaptureCallback
                0x08005f4c        0x4 D:\vs_code\Arduino\metter\build\core\core.a(HardwareTimer.cpp.o)
                0x08005f4c                HAL_TIM_IC_CaptureCallback
 .text._ZN5Print5writeEPKhj
                0x08005f50       0x22 D:\vs_code\Arduino\metter\build\core\core.a(Print.cpp.o)
                0x08005f50                Print::write(unsigned char const*, unsigned int)
 .text._write   0x08005f72       0x22 D:\vs_code\Arduino\metter\build\core\core.a(Print.cpp.o)
                0x08005f72                _write
 .text._ZN6Stream9timedReadEv
                0x08005f94       0x2a D:\vs_code\Arduino\metter\build\core\core.a(Stream.cpp.o)
                0x08005f94                Stream::timedRead()
 .text._ZN6Stream9readBytesEPcj
                0x08005fbe       0x22 D:\vs_code\Arduino\metter\build\core\core.a(Stream.cpp.o)
                0x08005fbe                Stream::readBytes(char*, unsigned int)
 .text._ZN6Stream14readBytesUntilEcPcj
                0x08005fe0       0x30 D:\vs_code\Arduino\metter\build\core\core.a(Stream.cpp.o)
                0x08005fe0                Stream::readBytesUntil(char, char*, unsigned int)
 .text._ZN6Stream10setTimeoutEm
                0x08006010        0x4 D:\vs_code\Arduino\metter\build\core\core.a(Stream.cpp.o)
                0x08006010                Stream::setTimeout(unsigned long)
 .text._ZN6Stream10readStringEv
                0x08006014       0x28 D:\vs_code\Arduino\metter\build\core\core.a(Stream.cpp.o)
                0x08006014                Stream::readString()
 .text._ZN6StringD2Ev
                0x0800603c        0xe D:\vs_code\Arduino\metter\build\core\core.a(WString.cpp.o)
                0x0800603c                String::~String()
                0x0800603c                String::~String()
 .text._ZN6String10invalidateEv
                0x0800604a       0x16 D:\vs_code\Arduino\metter\build\core\core.a(WString.cpp.o)
                0x0800604a                String::invalidate()
 .text._ZN6String12changeBufferEj
                0x08006060       0x18 D:\vs_code\Arduino\metter\build\core\core.a(WString.cpp.o)
                0x08006060                String::changeBuffer(unsigned int)
 .text._ZN6String7reserveEj
                0x08006078       0x28 D:\vs_code\Arduino\metter\build\core\core.a(WString.cpp.o)
                0x08006078                String::reserve(unsigned int)
 .text._ZN6String4copyEPKcj
                0x080060a0       0x26 D:\vs_code\Arduino\metter\build\core\core.a(WString.cpp.o)
                0x080060a0                String::copy(char const*, unsigned int)
 .text._ZN6StringC2EPKc
                0x080060c6       0x24 D:\vs_code\Arduino\metter\build\core\core.a(WString.cpp.o)
                0x080060c6                String::String(char const*)
                0x080060c6                String::String(char const*)
 .text._ZN6String6concatEPKcj
                0x080060ea       0x2e D:\vs_code\Arduino\metter\build\core\core.a(WString.cpp.o)
                0x080060ea                String::concat(char const*, unsigned int)
 .text._ZN6String6concatEc
                0x08006118       0x1a D:\vs_code\Arduino\metter\build\core\core.a(WString.cpp.o)
                0x08006118                String::concat(char)
 .text._ZNK6String7indexOfERKS_j
                0x08006132       0x1e D:\vs_code\Arduino\metter\build\core\core.a(WString.cpp.o)
                0x08006132                String::indexOf(String const&, unsigned int) const
 .text._ZNK6String7indexOfERKS_
                0x08006150        0x6 D:\vs_code\Arduino\metter\build\core\core.a(WString.cpp.o)
                0x08006150                String::indexOf(String const&) const
 .text._ZNK6String8toDoubleEv
                0x08006156        0xe D:\vs_code\Arduino\metter\build\core\core.a(WString.cpp.o)
                0x08006156                String::toDouble() const
 .text._ZNK6String7toFloatEv
                0x08006164        0xc D:\vs_code\Arduino\metter\build\core\core.a(WString.cpp.o)
                0x08006164                String::toFloat() const
 .text.startup._Z7premainv
                0x08006170       0x10 D:\vs_code\Arduino\metter\build\core\core.a(main.cpp.o)
                0x08006170                premain()
 .text.startup.main
                0x08006180       0x14 D:\vs_code\Arduino\metter\build\core\core.a(main.cpp.o)
                0x08006180                main
 .text._Znwj    0x08006194        0x4 D:\vs_code\Arduino\metter\build\core\core.a(new.cpp.o)
                0x08006194                operator new(unsigned int)
 .text._ZdlPvj  0x08006198        0x4 D:\vs_code\Arduino\metter\build\core\core.a(new.cpp.o)
                0x08006198                operator delete(void*, unsigned int)
 .text.init     0x0800619c        0x4 D:\vs_code\Arduino\metter\build\core\core.a(board.c.o)
                0x0800619c                init
 .text.__empty  0x080061a0        0x2 D:\vs_code\Arduino\metter\build\core\core.a(hooks.c.o)
                0x080061a0                yield
 *fill*         0x080061a2        0x2 
 .text.analogInputToPinName
                0x080061a4       0x38 D:\vs_code\Arduino\metter\build\core\core.a(pins_arduino.c.o)
                0x080061a4                analogInputToPinName
 .text.USBD_HID_GetFSCfgDesc
                0x080061dc        0xc D:\vs_code\Arduino\metter\build\core\core.a(usbd_hid_composite.c.o)
 .text.USBD_HID_GetHSCfgDesc
                0x080061e8        0xc D:\vs_code\Arduino\metter\build\core\core.a(usbd_hid_composite.c.o)
 .text.USBD_HID_GetOtherSpeedCfgDesc
                0x080061f4        0xc D:\vs_code\Arduino\metter\build\core\core.a(usbd_hid_composite.c.o)
 .text.USBD_HID_DataIn
                0x08006200       0x1e D:\vs_code\Arduino\metter\build\core\core.a(usbd_hid_composite.c.o)
 *fill*         0x0800621e        0x2 
 .text.USBD_HID_GetDeviceQualifierDesc
                0x08006220        0xc D:\vs_code\Arduino\metter\build\core\core.a(usbd_hid_composite.c.o)
 .text.USBD_COMPOSITE_HID_Setup
                0x0800622c      0x124 D:\vs_code\Arduino\metter\build\core\core.a(usbd_hid_composite.c.o)
 .text.USBD_HID_DeInit
                0x08006350       0x2a D:\vs_code\Arduino\metter\build\core\core.a(usbd_hid_composite.c.o)
 .text.USBD_HID_Init
                0x0800637a       0x38 D:\vs_code\Arduino\metter\build\core\core.a(usbd_hid_composite.c.o)
 .text.USBD_HID_KEYBOARD_SendReport
                0x080063b2       0x24 D:\vs_code\Arduino\metter\build\core\core.a(usbd_hid_composite.c.o)
                0x080063b2                USBD_HID_KEYBOARD_SendReport
 *fill*         0x080063d6        0x2 
 .text._Z14serialEventRunv
                0x080063d8       0x1c D:\vs_code\Arduino\metter\build\core\core.a(WSerial.cpp.o)
                0x080063d8                serialEventRun()
 .text.atof     0x080063f4        0x6 c:/users/phuoc/appdata/local/arduino15/packages/stm32/tools/xpack-arm-none-eabi-gcc/9.2.1-1.1/bin/../lib/gcc/arm-none-eabi/9.2.1/../../../../arm-none-eabi/lib/thumb/v7-m/nofp\libc_nano.a(lib_a-atof.o)
                0x080063f4                atof
 *fill*         0x080063fa        0x2 
 .text.__libc_init_array
                0x080063fc       0x48 c:/users/phuoc/appdata/local/arduino15/packages/stm32/tools/xpack-arm-none-eabi-gcc/9.2.1-1.1/bin/../lib/gcc/arm-none-eabi/9.2.1/../../../../arm-none-eabi/lib/thumb/v7-m/nofp\libc_nano.a(lib_a-init.o)
                0x080063fc                __libc_init_array
 .text.malloc   0x08006444       0x10 c:/users/phuoc/appdata/local/arduino15/packages/stm32/tools/xpack-arm-none-eabi-gcc/9.2.1-1.1/bin/../lib/gcc/arm-none-eabi/9.2.1/../../../../arm-none-eabi/lib/thumb/v7-m/nofp\libc_nano.a(lib_a-malloc.o)
                0x08006444                malloc
 .text.free     0x08006454       0x10 c:/users/phuoc/appdata/local/arduino15/packages/stm32/tools/xpack-arm-none-eabi-gcc/9.2.1-1.1/bin/../lib/gcc/arm-none-eabi/9.2.1/../../../../arm-none-eabi/lib/thumb/v7-m/nofp\libc_nano.a(lib_a-malloc.o)
                0x08006454                free
 .text.memcpy   0x08006464       0x1c c:/users/phuoc/appdata/local/arduino15/packages/stm32/tools/xpack-arm-none-eabi-gcc/9.2.1-1.1/bin/../lib/gcc/arm-none-eabi/9.2.1/../../../../arm-none-eabi/lib/thumb/v7-m/nofp\libc_nano.a(lib_a-memcpy-stub.o)
                0x08006464                memcpy
 .text.memmove  0x08006480       0x34 c:/users/phuoc/appdata/local/arduino15/packages/stm32/tools/xpack-arm-none-eabi-gcc/9.2.1-1.1/bin/../lib/gcc/arm-none-eabi/9.2.1/../../../../arm-none-eabi/lib/thumb/v7-m/nofp\libc_nano.a(lib_a-memmove.o)
                0x08006480                memmove
 .text.memset   0x080064b4       0x10 c:/users/phuoc/appdata/local/arduino15/packages/stm32/tools/xpack-arm-none-eabi-gcc/9.2.1-1.1/bin/../lib/gcc/arm-none-eabi/9.2.1/../../../../arm-none-eabi/lib/thumb/v7-m/nofp\libc_nano.a(lib_a-memset.o)
                0x080064b4                memset
 .text._free_r  0x080064c4       0x98 c:/users/phuoc/appdata/local/arduino15/packages/stm32/tools/xpack-arm-none-eabi-gcc/9.2.1-1.1/bin/../lib/gcc/arm-none-eabi/9.2.1/../../../../arm-none-eabi/lib/thumb/v7-m/nofp\libc_nano.a(lib_a-nano-freer.o)
                0x080064c4                _free_r
 .text._malloc_r
                0x0800655c       0xb4 c:/users/phuoc/appdata/local/arduino15/packages/stm32/tools/xpack-arm-none-eabi-gcc/9.2.1-1.1/bin/../lib/gcc/arm-none-eabi/9.2.1/../../../../arm-none-eabi/lib/thumb/v7-m/nofp\libc_nano.a(lib_a-nano-mallocr.o)
                0x0800655c                _malloc_r
 .text.printf   0x08006610       0x30 c:/users/phuoc/appdata/local/arduino15/packages/stm32/tools/xpack-arm-none-eabi-gcc/9.2.1-1.1/bin/../lib/gcc/arm-none-eabi/9.2.1/../../../../arm-none-eabi/lib/thumb/v7-m/nofp\libc_nano.a(lib_a-printf.o)
                0x08006610                iprintf
                0x08006610                printf
 .text._puts_r  0x08006640       0xdc c:/users/phuoc/appdata/local/arduino15/packages/stm32/tools/xpack-arm-none-eabi-gcc/9.2.1-1.1/bin/../lib/gcc/arm-none-eabi/9.2.1/../../../../arm-none-eabi/lib/thumb/v7-m/nofp\libc_nano.a(lib_a-puts.o)
                0x08006640                _puts_r
 .text.puts     0x0800671c       0x10 c:/users/phuoc/appdata/local/arduino15/packages/stm32/tools/xpack-arm-none-eabi-gcc/9.2.1-1.1/bin/../lib/gcc/arm-none-eabi/9.2.1/../../../../arm-none-eabi/lib/thumb/v7-m/nofp\libc_nano.a(lib_a-puts.o)
                0x0800671c                puts
 .text.realloc  0x0800672c       0x10 c:/users/phuoc/appdata/local/arduino15/packages/stm32/tools/xpack-arm-none-eabi-gcc/9.2.1-1.1/bin/../lib/gcc/arm-none-eabi/9.2.1/../../../../arm-none-eabi/lib/thumb/v7-m/nofp\libc_nano.a(lib_a-realloc.o)
                0x0800672c                realloc
 .text._sbrk_r  0x0800673c       0x20 c:/users/phuoc/appdata/local/arduino15/packages/stm32/tools/xpack-arm-none-eabi-gcc/9.2.1-1.1/bin/../lib/gcc/arm-none-eabi/9.2.1/../../../../arm-none-eabi/lib/thumb/v7-m/nofp\libc_nano.a(lib_a-sbrkr.o)
                0x0800673c                _sbrk_r
 .text.snprintf
                0x0800675c       0x68 c:/users/phuoc/appdata/local/arduino15/packages/stm32/tools/xpack-arm-none-eabi-gcc/9.2.1-1.1/bin/../lib/gcc/arm-none-eabi/9.2.1/../../../../arm-none-eabi/lib/thumb/v7-m/nofp\libc_nano.a(lib_a-snprintf.o)
                0x0800675c                sniprintf
                0x0800675c                snprintf
 .text.strcpy   0x080067c4       0x10 c:/users/phuoc/appdata/local/arduino15/packages/stm32/tools/xpack-arm-none-eabi-gcc/9.2.1-1.1/bin/../lib/gcc/arm-none-eabi/9.2.1/../../../../arm-none-eabi/lib/thumb/v7-m/nofp\libc_nano.a(lib_a-strcpy.o)
                0x080067c4                strcpy
 .text.strncmp  0x080067d4       0x24 c:/users/phuoc/appdata/local/arduino15/packages/stm32/tools/xpack-arm-none-eabi-gcc/9.2.1-1.1/bin/../lib/gcc/arm-none-eabi/9.2.1/../../../../arm-none-eabi/lib/thumb/v7-m/nofp\libc_nano.a(lib_a-strncmp.o)
                0x080067d4                strncmp
 .text.strstr   0x080067f8       0x2e c:/users/phuoc/appdata/local/arduino15/packages/stm32/tools/xpack-arm-none-eabi-gcc/9.2.1-1.1/bin/../lib/gcc/arm-none-eabi/9.2.1/../../../../arm-none-eabi/lib/thumb/v7-m/nofp\libc_nano.a(lib_a-strstr.o)
                0x080067f8                strstr
 .text.sulp     0x08006826       0x42 c:/users/phuoc/appdata/local/arduino15/packages/stm32/tools/xpack-arm-none-eabi-gcc/9.2.1-1.1/bin/../lib/gcc/arm-none-eabi/9.2.1/../../../../arm-none-eabi/lib/thumb/v7-m/nofp\libc_nano.a(lib_a-strtod.o)
 .text._strtod_l
                0x08006868      0xbe8 c:/users/phuoc/appdata/local/arduino15/packages/stm32/tools/xpack-arm-none-eabi-gcc/9.2.1-1.1/bin/../lib/gcc/arm-none-eabi/9.2.1/../../../../arm-none-eabi/lib/thumb/v7-m/nofp\libc_nano.a(lib_a-strtod.o)
                0x08006868                _strtod_l
 .text.strtod   0x08007450       0x18 c:/users/phuoc/appdata/local/arduino15/packages/stm32/tools/xpack-arm-none-eabi-gcc/9.2.1-1.1/bin/../lib/gcc/arm-none-eabi/9.2.1/../../../../arm-none-eabi/lib/thumb/v7-m/nofp\libc_nano.a(lib_a-strtod.o)
                0x08007450                strtod
 .text.__swbuf_r
                0x08007468       0xa4 c:/users/phuoc/appdata/local/arduino15/packages/stm32/tools/xpack-arm-none-eabi-gcc/9.2.1-1.1/bin/../lib/gcc/arm-none-eabi/9.2.1/../../../../arm-none-eabi/lib/thumb/v7-m/nofp\libc_nano.a(lib_a-wbuf.o)
                0x08007468                __swbuf_r
 .text._write_r
                0x0800750c       0x24 c:/users/phuoc/appdata/local/arduino15/packages/stm32/tools/xpack-arm-none-eabi-gcc/9.2.1-1.1/bin/../lib/gcc/arm-none-eabi/9.2.1/../../../../arm-none-eabi/lib/thumb/v7-m/nofp\libc_nano.a(lib_a-writer.o)
                0x0800750c                _write_r
 .text.__swsetup_r
                0x08007530       0xdc c:/users/phuoc/appdata/local/arduino15/packages/stm32/tools/xpack-arm-none-eabi-gcc/9.2.1-1.1/bin/../lib/gcc/arm-none-eabi/9.2.1/../../../../arm-none-eabi/lib/thumb/v7-m/nofp\libc_nano.a(lib_a-wsetup.o)
                0x08007530                __swsetup_r
 .text.__sflush_r
                0x0800760c      0x10c c:/users/phuoc/appdata/local/arduino15/packages/stm32/tools/xpack-arm-none-eabi-gcc/9.2.1-1.1/bin/../lib/gcc/arm-none-eabi/9.2.1/../../../../arm-none-eabi/lib/thumb/v7-m/nofp\libc_nano.a(lib_a-fflush.o)
                0x0800760c                __sflush_r
 .text._fflush_r
                0x08007718       0x78 c:/users/phuoc/appdata/local/arduino15/packages/stm32/tools/xpack-arm-none-eabi-gcc/9.2.1-1.1/bin/../lib/gcc/arm-none-eabi/9.2.1/../../../../arm-none-eabi/lib/thumb/v7-m/nofp\libc_nano.a(lib_a-fflush.o)
                0x08007718                _fflush_r
 .text.std      0x08007790       0x48 c:/users/phuoc/appdata/local/arduino15/packages/stm32/tools/xpack-arm-none-eabi-gcc/9.2.1-1.1/bin/../lib/gcc/arm-none-eabi/9.2.1/../../../../arm-none-eabi/lib/thumb/v7-m/nofp\libc_nano.a(lib_a-findfp.o)
 .text._cleanup_r
                0x080077d8        0xc c:/users/phuoc/appdata/local/arduino15/packages/stm32/tools/xpack-arm-none-eabi-gcc/9.2.1-1.1/bin/../lib/gcc/arm-none-eabi/9.2.1/../../../../arm-none-eabi/lib/thumb/v7-m/nofp\libc_nano.a(lib_a-findfp.o)
                0x080077d8                _cleanup_r
 .text.__sfmoreglue
                0x080077e4       0x2c c:/users/phuoc/appdata/local/arduino15/packages/stm32/tools/xpack-arm-none-eabi-gcc/9.2.1-1.1/bin/../lib/gcc/arm-none-eabi/9.2.1/../../../../arm-none-eabi/lib/thumb/v7-m/nofp\libc_nano.a(lib_a-findfp.o)
                0x080077e4                __sfmoreglue
 .text.__sfp_lock_acquire
                0x08007810        0xc c:/users/phuoc/appdata/local/arduino15/packages/stm32/tools/xpack-arm-none-eabi-gcc/9.2.1-1.1/bin/../lib/gcc/arm-none-eabi/9.2.1/../../../../arm-none-eabi/lib/thumb/v7-m/nofp\libc_nano.a(lib_a-findfp.o)
                0x08007810                __sfp_lock_acquire
 .text.__sfp_lock_release
                0x0800781c        0xc c:/users/phuoc/appdata/local/arduino15/packages/stm32/tools/xpack-arm-none-eabi-gcc/9.2.1-1.1/bin/../lib/gcc/arm-none-eabi/9.2.1/../../../../arm-none-eabi/lib/thumb/v7-m/nofp\libc_nano.a(lib_a-findfp.o)
                0x0800781c                __sfp_lock_release
 .text.__sinit_lock_acquire
                0x08007828        0xc c:/users/phuoc/appdata/local/arduino15/packages/stm32/tools/xpack-arm-none-eabi-gcc/9.2.1-1.1/bin/../lib/gcc/arm-none-eabi/9.2.1/../../../../arm-none-eabi/lib/thumb/v7-m/nofp\libc_nano.a(lib_a-findfp.o)
                0x08007828                __sinit_lock_acquire
 .text.__sinit_lock_release
                0x08007834        0xc c:/users/phuoc/appdata/local/arduino15/packages/stm32/tools/xpack-arm-none-eabi-gcc/9.2.1-1.1/bin/../lib/gcc/arm-none-eabi/9.2.1/../../../../arm-none-eabi/lib/thumb/v7-m/nofp\libc_nano.a(lib_a-findfp.o)
                0x08007834                __sinit_lock_release
 .text.__sinit  0x08007840       0x70 c:/users/phuoc/appdata/local/arduino15/packages/stm32/tools/xpack-arm-none-eabi-gcc/9.2.1-1.1/bin/../lib/gcc/arm-none-eabi/9.2.1/../../../../arm-none-eabi/lib/thumb/v7-m/nofp\libc_nano.a(lib_a-findfp.o)
                0x08007840                __sinit
 .text.__sfp    0x080078b0       0x8c c:/users/phuoc/appdata/local/arduino15/packages/stm32/tools/xpack-arm-none-eabi-gcc/9.2.1-1.1/bin/../lib/gcc/arm-none-eabi/9.2.1/../../../../arm-none-eabi/lib/thumb/v7-m/nofp\libc_nano.a(lib_a-findfp.o)
                0x080078b0                __sfp
 .text._fwalk_reent
                0x0800793c       0x3e c:/users/phuoc/appdata/local/arduino15/packages/stm32/tools/xpack-arm-none-eabi-gcc/9.2.1-1.1/bin/../lib/gcc/arm-none-eabi/9.2.1/../../../../arm-none-eabi/lib/thumb/v7-m/nofp\libc_nano.a(lib_a-fwalk.o)
                0x0800793c                _fwalk_reent
 .text.rshift   0x0800797a       0xa6 c:/users/phuoc/appdata/local/arduino15/packages/stm32/tools/xpack-arm-none-eabi-gcc/9.2.1-1.1/bin/../lib/gcc/arm-none-eabi/9.2.1/../../../../arm-none-eabi/lib/thumb/v7-m/nofp\libc_nano.a(lib_a-gdtoa-gethex.o)
 .text.__hexdig_fun
                0x08007a20       0x2a c:/users/phuoc/appdata/local/arduino15/packages/stm32/tools/xpack-arm-none-eabi-gcc/9.2.1-1.1/bin/../lib/gcc/arm-none-eabi/9.2.1/../../../../arm-none-eabi/lib/thumb/v7-m/nofp\libc_nano.a(lib_a-gdtoa-gethex.o)
                0x08007a20                __hexdig_fun
 *fill*         0x08007a4a        0x2 
 .text.__gethex