Archive member included to satisfy reference by file (symbol)

D:\vs_code\Arduino\metter\build\core\core.a(startup_stm32yyxx.S.o)
                              (Reset_Handler)
D:\vs_code\Arduino\metter\build\core\core.a(usbd_hid_composite_if.c.o)
                              D:\vs_code\Arduino\metter\build\libraries\Keyboard\Keyboard.cpp.o (HID_Composite_Init)
D:\vs_code\Arduino\metter\build\core\core.a(usb_device_core.c.o)
                              D:\vs_code\Arduino\metter\build\core\core.a(usbd_hid_composite_if.c.o) (USBD_Init)
D:\vs_code\Arduino\metter\build\core\core.a(usb_device_ctlreq.c.o)
                              D:\vs_code\Arduino\metter\build\core\core.a(usb_device_core.c.o) (USBD_StdDevReq)
D:\vs_code\Arduino\metter\build\core\core.a(usb_device_ioreq.c.o)
                              D:\vs_code\Arduino\metter\build\core\core.a(usb_device_ctlreq.c.o) (USBD_CtlSendData)
D:\vs_code\Arduino\metter\build\core\core.a(usbd_conf.c.o)
                              D:\vs_code\Arduino\metter\build\core\core.a(usb_device_core.c.o) (USBD_LL_Init)
D:\vs_code\Arduino\metter\build\core\core.a(usbd_desc.c.o)
                              D:\vs_code\Arduino\metter\build\core\core.a(usbd_hid_composite_if.c.o) (USBD_Desc)
D:\vs_code\Arduino\metter\build\core\core.a(usbd_ep_conf.c.o)
                              D:\vs_code\Arduino\metter\build\core\core.a(usbd_conf.c.o) (ep_def)
D:\vs_code\Arduino\metter\build\core\core.a(usbd_if.c.o)
                              D:\vs_code\Arduino\metter\build\core\core.a(usbd_conf.c.o) (USBD_reenumerate)
D:\vs_code\Arduino\metter\build\core\core.a(wiring_analog.c.o)
                              D:\vs_code\Arduino\metter\build\sketch\metter.ino.cpp.o (analogReadResolution)
D:\vs_code\Arduino\metter\build\core\core.a(wiring_digital.c.o)
                              D:\vs_code\Arduino\metter\build\sketch\metter.ino.cpp.o (pinMode)
D:\vs_code\Arduino\metter\build\core\core.a(wiring_time.c.o)
                              D:\vs_code\Arduino\metter\build\sketch\metter.ino.cpp.o (millis)
D:\vs_code\Arduino\metter\build\core\core.a(HardwareSerial.cpp.o)
                              D:\vs_code\Arduino\metter\build\sketch\metter.ino.cpp.o (HardwareSerial::available())
D:\vs_code\Arduino\metter\build\core\core.a(HardwareTimer.cpp.o)
                              D:\vs_code\Arduino\metter\build\libraries\SrcWrapper\stm32\analog.cpp.o (HardwareTimer::resume())
D:\vs_code\Arduino\metter\build\core\core.a(Print.cpp.o)
                              D:\vs_code\Arduino\metter\build\libraries\Keyboard\Keyboard.cpp.o (Print::write(unsigned char const*, unsigned int))
D:\vs_code\Arduino\metter\build\core\core.a(Stream.cpp.o)
                              D:\vs_code\Arduino\metter\build\core\core.a(HardwareSerial.cpp.o) (Stream::readBytes(char*, unsigned int))
D:\vs_code\Arduino\metter\build\core\core.a(WString.cpp.o)
                              D:\vs_code\Arduino\metter\build\sketch\metter.ino.cpp.o (String::~String())
D:\vs_code\Arduino\metter\build\core\core.a(abi.cpp.o)
                              D:\vs_code\Arduino\metter\build\core\core.a(Print.cpp.o) (__cxa_pure_virtual)
D:\vs_code\Arduino\metter\build\core\core.a(main.cpp.o)
                              c:/users/phuoc/appdata/local/arduino15/packages/stm32/tools/xpack-arm-none-eabi-gcc/9.2.1-1.1/bin/../lib/gcc/arm-none-eabi/9.2.1/../../../../arm-none-eabi/lib/thumb/v7-m/nofp/crt0.o (main)
D:\vs_code\Arduino\metter\build\core\core.a(new.cpp.o)
                              D:\vs_code\Arduino\metter\build\libraries\SrcWrapper\stm32\analog.cpp.o (operator new(unsigned int))
D:\vs_code\Arduino\metter\build\core\core.a(dtostrf.c.o)
                              D:\vs_code\Arduino\metter\build\core\core.a(WString.cpp.o) (dtostrf)
D:\vs_code\Arduino\metter\build\core\core.a(board.c.o)
                              D:\vs_code\Arduino\metter\build\core\core.a(main.cpp.o) (init)
D:\vs_code\Arduino\metter\build\core\core.a(hooks.c.o)
                              D:\vs_code\Arduino\metter\build\core\core.a(wiring_time.c.o) (yield)
D:\vs_code\Arduino\metter\build\core\core.a(itoa.c.o)
                              D:\vs_code\Arduino\metter\build\core\core.a(WString.cpp.o) (ltoa)
D:\vs_code\Arduino\metter\build\core\core.a(pins_arduino.c.o)
                              D:\vs_code\Arduino\metter\build\core\core.a(HardwareTimer.cpp.o) (pinNametoDigitalPin)
D:\vs_code\Arduino\metter\build\core\core.a(usbd_hid_composite.c.o)
                              D:\vs_code\Arduino\metter\build\core\core.a(usbd_hid_composite_if.c.o) (USBD_HID_MOUSE_SendReport)
D:\vs_code\Arduino\metter\build\core\core.a(WSerial.cpp.o)
                              D:\vs_code\Arduino\metter\build\core\core.a(main.cpp.o) (serialEventRun())
c:/users/phuoc/appdata/local/arduino15/packages/stm32/tools/xpack-arm-none-eabi-gcc/9.2.1-1.1/bin/../lib/gcc/arm-none-eabi/9.2.1/../../../../arm-none-eabi/lib/thumb/v7-m/nofp\libc_nano.a(lib_a-atof.o)
[...]
Memory Configuration

Name             Origin             Length             Attributes
*default*        0x00000000         0xffffffff
RAM              0x20000000         0x00005000         xrw
FLASH            0x08000000         0x00010000         xr

Linker script and memory map

LOAD C:\Users\phuoc\AppData\Local\Arduino15\packages\STM32\tools\CMSIS\5.5.1/CMSIS/DSP/Lib/GCC/\libarm_cortexM3l_math.a
START GROUP
LOAD D:\vs_code\Arduino\metter\build\sketch\SrcWrapper.cpp.o
LOAD D:\vs_code\Arduino\metter\build\sketch\metter.ino.cpp.o
LOAD D:\vs_code\Arduino\metter\build\libraries\Keyboard\Keyboard.cpp.o
LOAD D:\vs_code\Arduino\metter\build\libraries\SrcWrapper\syscalls.c.o
LOAD D:\vs_code\Arduino\metter\build\libraries\SrcWrapper\HAL\stm32yyxx_hal.c.o
LOAD D:\vs_code\Arduino\metter\build\libraries\SrcWrapper\HAL\stm32yyxx_hal_adc.c.o
LOAD D:\vs_code\Arduino\metter\build\libraries\SrcWrapper\HAL\stm32yyxx_hal_adc_ex.c.o
LOAD D:\vs_code\Arduino\metter\build\libraries\SrcWrapper\HAL\stm32yyxx_hal_can.c.o
LOAD D:\vs_code\Arduino\metter\build\libraries\SrcWrapper\HAL\stm32yyxx_hal_cec.c.o
LOAD D:\vs_code\Arduino\metter\build\libraries\SrcWrapper\HAL\stm32yyxx_hal_comp.c.o
LOAD D:\vs_code\Arduino\metter\build\libraries\SrcWrapper\HAL\stm32yyxx_hal_comp_ex.c.o
LOAD D:\vs_code\Arduino\metter\build\libraries\SrcWrapper\HAL\stm32yyxx_hal_cordic.c.o
LOAD D:\vs_code\Arduino\metter\build\libraries\SrcWrapper\HAL\stm32yyxx_hal_cortex.c.o
LOAD D:\vs_code\Arduino\metter\build\libraries\SrcWrapper\HAL\stm32yyxx_hal_crc.c.o
LOAD D:\vs_code\Arduino\metter\build\libraries\SrcWrapper\HAL\stm32yyxx_hal_crc_ex.c.o
LOAD D:\vs_code\Arduino\metter\build\libraries\SrcWrapper\HAL\stm32yyxx_hal_cryp.c.o
LOAD D:\vs_code\Arduino\metter\build\libraries\SrcWrapper\HAL\stm32yyxx_hal_cryp_ex.c.o
LOAD D:\vs_code\Arduino\metter\build\libraries\SrcWrapper\HAL\stm32yyxx_hal_dac.c.o
LOAD D:\vs_code\Arduino\metter\build\libraries\SrcWrapper\HAL\stm32yyxx_hal_dac_ex.c.o
LOAD D:\vs_code\Arduino\metter\build\libraries\SrcWrapper\HAL\stm32yyxx_hal_dcmi.c.o
LOAD D:\vs_code\Arduino\metter\build\libraries\SrcWrapper\HAL\stm32yyxx_hal_dcmi_ex.c.o
LOAD D:\vs_code\Arduino\metter\build\libraries\SrcWrapper\HAL\stm32yyxx_hal_dfsdm.c.o
LOAD D:\vs_code\Arduino\metter\build\libraries\SrcWrapper\HAL\stm32yyxx_hal_dfsdm_ex.c.o
LOAD D:\vs_code\Arduino\metter\build\libraries\SrcWrapper\HAL\stm32yyxx_hal_dma.c.o
LOAD D:\vs_code\Arduino\metter\build\libraries\SrcWrapper\HAL\stm32yyxx_hal_dma2d.c.o
LOAD D:\vs_code\Arduino\metter\build\libraries\SrcWrapper\HAL\stm32yyxx_hal_dma_ex.c.o
LOAD D:\vs_code\Arduino\metter\build\libraries\SrcWrapper\HAL\stm32yyxx_hal_dsi.c.o
LOAD D:\vs_code\Arduino\metter\build\libraries\SrcWrapper\HAL\stm32yyxx_hal_dts.c.o
LOAD D:\vs_code\Arduino\metter\build\libraries\SrcWrapper\HAL\stm32yyxx_hal_eth.c.o
LOAD D:\vs_code\Arduino\metter\build\libraries\SrcWrapper\HAL\stm32yyxx_hal_eth_ex.c.o
LOAD D:\vs_code\Arduino\metter\build\libraries\SrcWrapper\HAL\stm32yyxx_hal_exti.c.o
LOAD D:\vs_code\Arduino\metter\build\libraries\SrcWrapper\HAL\stm32yyxx_hal_fdcan.c.o
LOAD D:\vs_code\Arduino\metter\build\libraries\SrcWrapper\HAL\stm32yyxx_hal_firewall.c.o
LOAD D:\vs_code\Arduino\metter\build\libraries\SrcWrapper\HAL\stm32yyxx_hal_flash.c.o
LOAD D:\vs_code\Arduino\metter\build\libraries\SrcWrapper\HAL\stm32yyxx_hal_flash_ex.c.o
LOAD D:\vs_code\Arduino\metter\build\libraries\SrcWrapper\HAL\stm32yyxx_hal_flash_ramfunc.c.o
LOAD D:\vs_code\Arduino\metter\build\libraries\SrcWrapper\HAL\stm32yyxx_hal_fmac.c.o
LOAD D:\vs_code\Arduino\metter\build\libraries\SrcWrapper\HAL\stm32yyxx_hal_fmpi2c.c.o
LOAD D:\vs_code\Arduino\metter\build\libraries\SrcWrapper\HAL\stm32yyxx_hal_fmpi2c_ex.c.o
LOAD D:\vs_code\Arduino\metter\build\libraries\SrcWrapper\HAL\stm32yyxx_hal_gfxmmu.c.o
LOAD D:\vs_code\Arduino\metter\build\libraries\SrcWrapper\HAL\stm32yyxx_hal_gpio.c.o
LOAD D:\vs_code\Arduino\metter\build\libraries\SrcWrapper\HAL\stm32yyxx_hal_gpio_ex.c.o
LOAD D:\vs_code\Arduino\metter\build\libraries\SrcWrapper\HAL\stm32yyxx_hal_hash.c.o
LOAD D:\vs_code\Arduino\metter\build\libraries\SrcWrapper\HAL\stm32yyxx_hal_hash_ex.c.o
LOAD D:\vs_code\Arduino\metter\build\libraries\SrcWrapper\HAL\stm32yyxx_hal_hcd.c.o
LOAD D:\vs_code\Arduino\metter\build\libraries\SrcWrapper\HAL\stm32yyxx_hal_hrtim.c.o
LOAD D:\vs_code\Arduino\metter\build\libraries\SrcWrapper\HAL\stm32yyxx_hal_hsem.c.o
LOAD D:\vs_code\Arduino\metter\build\libraries\SrcWrapper\HAL\stm32yyxx_hal_i2c.c.o
LOAD D:\vs_code\Arduino\metter\build\libraries\SrcWrapper\HAL\stm32yyxx_hal_i2c_ex.c.o
LOAD D:\vs_code\Arduino\metter\build\libraries\SrcWrapper\HAL\stm32yyxx_hal_i2s.c.o
LOAD D:\vs_code\Arduino\metter\build\libraries\SrcWrapper\HAL\stm32yyxx_hal_i2s_ex.c.o
LOAD D:\vs_code\Arduino\metter\build\libraries\SrcWrapper\HAL\stm32yyxx_hal_ipcc.c.o
LOAD D:\vs_code\Arduino\metter\build\libraries\SrcWrapper\HAL\stm32yyxx_hal_irda.c.o
LOAD D:\vs_code\Arduino\metter\build\libraries\SrcWrapper\HAL\stm32yyxx_hal_iwdg.c.o
LOAD D:\vs_code\Arduino\metter\build\libraries\SrcWrapper\HAL\stm32yyxx_hal_jpeg.c.o
LOAD D:\vs_code\Arduino\metter\build\libraries\SrcWrapper\HAL\stm32yyxx_hal_lcd.c.o
LOAD D:\vs_code\Arduino\metter\build\libraries\SrcWrapper\HAL\stm32yyxx_hal_lptim.c.o
LOAD D:\vs_code\Arduino\metter\build\libraries\SrcWrapper\HAL\stm32yyxx_hal_ltdc.c.o
LOAD D:\vs_code\Arduino\metter\build\libraries\SrcWrapper\HAL\stm32yyxx_hal_ltdc_ex.c.o
LOAD D:\vs_code\Arduino\metter\build\libraries\SrcWrapper\HAL\stm32yyxx_hal_mdios.c.o
LOAD D:\vs_code\Arduino\metter\build\libraries\SrcWrapper\HAL\stm32yyxx_hal_mdma.c.o
LOAD D:\vs_code\Arduino\metter\build\libraries\SrcWrapper\HAL\stm32yyxx_hal_mmc.c.o
LOAD D:\vs_code\Arduino\metter\build\libraries\SrcWrapper\HAL\stm32yyxx_hal_mmc_ex.c.o
LOAD D:\vs_code\Arduino\metter\build\libraries\SrcWrapper\HAL\stm32yyxx_hal_nand.c.o
LOAD D:\vs_code\Arduino\metter\build\libraries\SrcWrapper\HAL\stm32yyxx_hal_nor.c.o
LOAD D:\vs_code\Arduino\metter\build\libraries\SrcWrapper\HAL\stm32yyxx_hal_opamp.c.o
LOAD D:\vs_code\Arduino\metter\build\libraries\SrcWrapper\HAL\stm32yyxx_hal_opamp_ex.c.o
LOAD D:\vs_code\Arduino\metter\build\libraries\SrcWrapper\HAL\stm32yyxx_hal_ospi.c.o
LOAD D:\vs_code\Arduino\metter\build\libraries\SrcWrapper\HAL\stm32yyxx_hal_otfdec.c.o
LOAD D:\vs_code\Arduino\metter\build\libraries\SrcWrapper\HAL\stm32yyxx_hal_pccard.c.o
LOAD D:\vs_code\Arduino\metter\build\libraries\SrcWrapper\HAL\stm32yyxx_hal_pcd.c.o
LOAD D:\vs_code\Arduino\metter\build\libraries\SrcWrapper\HAL\stm32yyxx_hal_pcd_ex.c.o
LOAD D:\vs_code\Arduino\metter\build\libraries\SrcWrapper\HAL\stm32yyxx_hal_pka.c.o
LOAD D:\vs_code\Arduino\metter\build\libraries\SrcWrapper\HAL\stm32yyxx_hal_pssi.c.o
LOAD D:\vs_code\Arduino\metter\build\libraries\SrcWrapper\HAL\stm32yyxx_hal_pwr.c.o
LOAD D:\vs_code\Arduino\metter\build\libraries\SrcWrapper\HAL\stm32yyxx_hal_pwr_ex.c.o
LOAD D:\vs_code\Arduino\metter\build\libraries\SrcWrapper\HAL\stm32yyxx_hal_qspi.c.o
LOAD D:\vs_code\Arduino\metter\build\libraries\SrcWrapper\HAL\stm32yyxx_hal_ramecc.c.o
LOAD D:\vs_code\Arduino\metter\build\libraries\SrcWrapper\HAL\stm32yyxx_hal_rcc.c.o
LOAD D:\vs_code\Arduino\metter\build\libraries\SrcWrapper\HAL\stm32yyxx_hal_rcc_ex.c.o
LOAD D:\vs_code\Arduino\metter\build\libraries\SrcWrapper\HAL\stm32yyxx_hal_rng.c.o
LOAD D:\vs_code\Arduino\metter\build\libraries\SrcWrapper\HAL\stm32yyxx_hal_rng_ex.c.o
LOAD D:\vs_code\Arduino\metter\build\libraries\SrcWrapper\HAL\stm32yyxx_hal_rtc.c.o
LOAD D:\vs_code\Arduino\metter\build\libraries\SrcWrapper\HAL\stm32yyxx_hal_rtc_ex.c.o
LOAD D:\vs_code\Arduino\metter\build\libraries\SrcWrapper\HAL\stm32yyxx_hal_sai.c.o
LOAD D:\vs_code\Arduino\metter\build\libraries\SrcWrapper\HAL\stm32yyxx_hal_sai_ex.c.o
LOAD D:\vs_code\Arduino\metter\build\libraries\SrcWrapper\HAL\stm32yyxx_hal_sd.c.o
LOAD D:\vs_code\Arduino\metter\build\libraries\SrcWrapper\HAL\stm32yyxx_hal_sd_ex.c.o
LOAD D:\vs_code\Arduino\metter\build\libraries\SrcWrapper\HAL\stm32yyxx_hal_sdadc.c.o
LOAD D:\vs_code\Arduino\metter\build\libraries\SrcWrapper\HAL\stm32yyxx_hal_sdram.c.o
LOAD D:\vs_code\Arduino\metter\build\libraries\SrcWrapper\HAL\stm32yyxx_hal_smartcard.c.o
LOAD D:\vs_code\Arduino\metter\build\libraries\SrcWrapper\HAL\stm32yyxx_hal_smartcard_ex.c.o
LOAD D:\vs_code\Arduino\metter\build\libraries\SrcWrapper\HAL\stm32yyxx_hal_smbus.c.o
LOAD D:\vs_code\Arduino\metter\build\libraries\SrcWrapper\HAL\stm32yyxx_hal_spdifrx.c.o
LOAD D:\vs_code\Arduino\metter\build\libraries\SrcWrapper\HAL\stm32yyxx_hal_spi.c.o
LOAD D:\vs_code\Arduino\metter\build\libraries\SrcWrapper\HAL\stm32yyxx_hal_spi_ex.c.o
LOAD D:\vs_code\Arduino\metter\build\libraries\SrcWrapper\HAL\stm32yyxx_hal_sram.c.o
LOAD D:\vs_code\Arduino\metter\build\libraries\SrcWrapper\HAL\stm32yyxx_hal_swpmi.c.o
LOAD D:\vs_code\Arduino\metter\build\libraries\SrcWrapper\HAL\stm32yyxx_hal_tim.c.o
LOAD D:\vs_code\Arduino\metter\build\libraries\SrcWrapper\HAL\stm32yyxx_hal_tim_ex.c.o
LOAD D:\vs_code\Arduino\metter\build\libraries\SrcWrapper\HAL\stm32yyxx_hal_tsc.c.o
LOAD D:\vs_code\Arduino\metter\build\libraries\SrcWrapper\HAL\stm32yyxx_hal_uart.c.o
LOAD D:\vs_code\Arduino\metter\build\libraries\SrcWrapper\HAL\stm32yyxx_hal_uart_ex.c.o
LOAD D:\vs_code\Arduino\metter\build\libraries\SrcWrapper\HAL\stm32yyxx_hal_usart.c.o
LOAD D:\vs_code\Arduino\metter\build\libraries\SrcWrapper\HAL\stm32yyxx_hal_usart_ex.c.o
LOAD D:\vs_code\Arduino\metter\build\libraries\SrcWrapper\HAL\stm32yyxx_hal_wwdg.c.o
LOAD D:\vs_code\Arduino\metter\build\libraries\SrcWrapper\LL\stm32yyxx_ll_adc.c.o
LOAD D:\vs_code\Arduino\metter\build\libraries\SrcWrapper\LL\stm32yyxx_ll_bdma.c.o
LOAD D:\vs_code\Arduino\metter\build\libraries\SrcWrapper\LL\stm32yyxx_ll_comp.c.o
LOAD D:\vs_code\Arduino\metter\build\libraries\SrcWrapper\LL\stm32yyxx_ll_cordic.c.o
LOAD D:\vs_code\Arduino\metter\build\libraries\SrcWrapper\LL\stm32yyxx_ll_crc.c.o
LOAD D:\vs_code\Arduino\metter\build\libraries\SrcWrapper\LL\stm32yyxx_ll_crs.c.o
LOAD D:\vs_code\Arduino\metter\build\libraries\SrcWrapper\LL\stm32yyxx_ll_dac.c.o
LOAD D:\vs_code\Arduino\metter\build\libraries\SrcWrapper\LL\stm32yyxx_ll_delayblock.c.o
LOAD D:\vs_code\Arduino\metter\build\libraries\SrcWrapper\LL\stm32yyxx_ll_dma.c.o
LOAD D:\vs_code\Arduino\metter\build\libraries\SrcWrapper\LL\stm32yyxx_ll_dma2d.c.o
LOAD D:\vs_code\Arduino\metter\build\libraries\SrcWrapper\LL\stm32yyxx_ll_exti.c.o
LOAD D:\vs_code\Arduino\metter\build\libraries\SrcWrapper\LL\stm32yyxx_ll_fmac.c.o
LOAD D:\vs_code\Arduino\metter\build\libraries\SrcWrapper\LL\stm32yyxx_ll_fmc.c.o
LOAD D:\vs_code\Arduino\metter\build\libraries\SrcWrapper\LL\stm32yyxx_ll_fsmc.c.o
LOAD D:\vs_code\Arduino\metter\build\libraries\SrcWrapper\LL\stm32yyxx_ll_gpio.c.o
LOAD D:\vs_code\Arduino\metter\build\libraries\SrcWrapper\LL\stm32yyxx_ll_hrtim.c.o
LOAD D:\vs_code\Arduino\metter\build\libraries\SrcWrapper\LL\stm32yyxx_ll_i2c.c.o
LOAD D:\vs_code\Arduino\metter\build\libraries\SrcWrapper\LL\stm32yyxx_ll_lptim.c.o
LOAD D:\vs_code\Arduino\metter\build\libraries\SrcWrapper\LL\stm32yyxx_ll_lpuart.c.o
LOAD D:\vs_code\Arduino\metter\build\libraries\SrcWrapper\LL\stm32yyxx_ll_mdma.c.o
LOAD D:\vs_code\Arduino\metter\build\libraries\SrcWrapper\LL\stm32yyxx_ll_opamp.c.o
LOAD D:\vs_code\Arduino\metter\build\libraries\SrcWrapper\LL\stm32yyxx_ll_pka.c.o
LOAD D:\vs_code\Arduino\metter\build\libraries\SrcWrapper\LL\stm32yyxx_ll_pwr.c.o
LOAD D:\vs_code\Arduino\metter\build\libraries\SrcWrapper\LL\stm32yyxx_ll_rcc.c.o
LOAD D:\vs_code\Arduino\metter\build\libraries\SrcWrapper\LL\stm32yyxx_ll_rng.c.o
LOAD D:\vs_code\Arduino\metter\build\libraries\SrcWrapper\LL\stm32yyxx_ll_rtc.c.o
LOAD D:\vs_code\Arduino\metter\build\libraries\SrcWrapper\LL\stm32yyxx_ll_sdmmc.c.o
LOAD D:\vs_code\Arduino\metter\build\libraries\SrcWrapper\LL\stm32yyxx_ll_spi.c.o
LOAD D:\vs_code\Arduino\metter\build\libraries\SrcWrapper\LL\stm32yyxx_ll_swpmi.c.o
LOAD D:\vs_code\Arduino\metter\build\libraries\SrcWrapper\LL\stm32yyxx_ll_tim.c.o
LOAD D:\vs_code\Arduino\metter\build\libraries\SrcWrapper\LL\stm32yyxx_ll_ucpd.c.o
LOAD D:\vs_code\Arduino\metter\build\libraries\SrcWrapper\LL\stm32yyxx_ll_usart.c.o
LOAD D:\vs_code\Arduino\metter\build\libraries\SrcWrapper\LL\stm32yyxx_ll_usb.c.o
LOAD D:\vs_code\Arduino\metter\build\libraries\SrcWrapper\LL\stm32yyxx_ll_utils.c.o
LOAD D:\vs_code\Arduino\metter\build\libraries\SrcWrapper\stm32\PortNames.c.o
LOAD D:\vs_code\Arduino\metter\build\libraries\SrcWrapper\stm32\bootloader.c.o
LOAD D:\vs_code\Arduino\metter\build\libraries\SrcWrapper\stm32\clock.c.o
LOAD D:\vs_code\Arduino\metter\build\libraries\SrcWrapper\stm32\core_callback.c.o
LOAD D:\vs_code\Arduino\metter\build\libraries\SrcWrapper\stm32\dwt.c.o
LOAD D:\vs_code\Arduino\metter\build\libraries\SrcWrapper\stm32\hw_config.c.o
LOAD D:\vs_code\Arduino\metter\build\libraries\SrcWrapper\stm32\lock_resource.c.o
LOAD D:\vs_code\Arduino\metter\build\libraries\SrcWrapper\stm32\low_power.c.o
LOAD D:\vs_code\Arduino\metter\build\libraries\SrcWrapper\stm32\pinmap.c.o
LOAD D:\vs_code\Arduino\metter\build\libraries\SrcWrapper\stm32\rtc.c.o
LOAD D:\vs_code\Arduino\metter\build\libraries\SrcWrapper\stm32\stm32_def.c.o
LOAD D:\vs_code\Arduino\metter\build\libraries\SrcWrapper\stm32\stm32_eeprom.c.o
LOAD D:\vs_code\Arduino\metter\build\libraries\SrcWrapper\stm32\system_stm32yyxx.c.o
LOAD D:\vs_code\Arduino\metter\build\libraries\SrcWrapper\stm32\timer.c.o
LOAD D:\vs_code\Arduino\metter\build\libraries\SrcWrapper\stm32\uart.c.o
LOAD D:\vs_code\Arduino\metter\build\libraries\SrcWrapper\stm32\analog.cpp.o
LOAD D:\vs_code\Arduino\metter\build\libraries\SrcWrapper\stm32\interrupt.cpp.o
LOAD D:\vs_code\Arduino\metter\build\core\PeripheralPins.c.o
LOAD D:\vs_code\Arduino\metter\build\core\variant.cpp.o
LOAD D:\vs_code\Arduino\metter\build\core\core.a
LOAD c:/users/phuoc/appdata/local/arduino15/packages/stm32/tools/xpack-arm-none-eabi-gcc/9.2.1-1.1/bin/../lib/gcc/arm-none-eabi/9.2.1/../../../../arm-none-eabi/lib/thumb/v7-m/nofp\libc_nano.a
END GROUP
LOAD c:/users/phuoc/appdata/local/arduino15/packages/stm32/tools/xpack-arm-none-eabi-gcc/9.2.1-1.1/bin/../lib/gcc/arm-none-eabi/9.2.1/../../../../arm-none-eabi/lib/thumb/v7-m/nofp\libm.a
LOAD c:/users/phuoc/appdata/local/arduino15/packages/stm32/tools/xpack-arm-none-eabi-gcc/9.2.1-1.1/bin/../lib/gcc/arm-none-eabi/9.2.1/thumb/v7-m/nofp\libgcc.a
LOAD c:/users/phuoc/appdata/local/arduino15/packages/stm32/tools/xpack-arm-none-eabi-gcc/9.2.1-1.1/bin/../lib/gcc/arm-none-eabi/9.2.1/../../../../arm-none-eabi/lib/thumb/v7-m/nofp\libstdc++_nano.a
START GROUP
LOAD c:/users/phuoc/appdata/local/arduino15/packages/stm32/tools/xpack-arm-none-eabi-gcc/9.2.1-1.1/bin/../lib/gcc/arm-none-eabi/9.2.1/thumb/v7-m/nofp\libgcc.a
LOAD c:/users/phuoc/appdata/local/arduino15/packages/stm32/tools/xpack-arm-none-eabi-gcc/9.2.1-1.1/bin/../lib/gcc/arm-none-eabi/9.2.1/../../../../arm-none-eabi/lib/thumb/v7-m/nofp\libc_nano.a
END GROUP
START GROUP
LOAD c:/users/phuoc/appdata/local/arduino15/packages/stm32/tools/xpack-arm-none-eabi-gcc/9.2.1-1.1/bin/../lib/gcc/arm-none-eabi/9.2.1/thumb/v7-m/nofp\libgcc.a
LOAD c:/users/phuoc/appdata/local/arduino15/packages/stm32/tools/xpack-arm-none-eabi-gcc/9.2.1-1.1/bin/../lib/gcc/arm-none-eabi/9.2.1/../../../../arm-none-eabi/lib/thumb/v7-m/nofp\libc_nano.a
END GROUP
LOAD c:/users/phuoc/appdata/local/arduino15/packages/stm32/tools/xpack-arm-none-eabi-gcc/9.2.1-1.1/bin/../lib/gcc/arm-none-eabi/9.2.1/thumb/v7-m/nofp/crtend.o
LOAD c:/users/phuoc/appdata/local/arduino15/packages/stm32/tools/xpack-arm-none-eabi-gcc/9.2.1-1.1/bin/../lib/gcc/arm-none-eabi/9.2.1/thumb/v7-m/nofp/crtn.o
                0x20005000                _estack = (0x20000000 + LD_MAX_DATA_SIZE)
                0x00000200                _Min_Heap_Size = 0x200
                0x00000400                _Min_Stack_Size = 0x400

.isr_vector     0x08000000      0x10c
                0x08000000                . = ALIGN (0x4)
 *(.isr_vector)
 .isr_vector    0x08000000      0x10c D:\vs_code\Arduino\metter\build\core\core.a(startup_stm32yyxx.S.o)
                0x08000000                g_pfnVectors
                0x0800010c                . = ALIGN (0x4)

.text           0x0800010c     0xabe4
                0x0800010c                . = ALIGN (0x4)
 *(.text)
 .text          0x0800010c       0x10 c:/users/phuoc/appdata/local/arduino15/packages/stm32/tools/xpack-arm-none-eabi-gcc/9.2.1-1.1/bin/../lib/gcc/arm-none-eabi/9.2.1/../../../../arm-none-eabi/lib/thumb/v7-m/nofp\libc_nano.a(lib_a-strlen.o)
                0x0800010c                strlen
 .text          0x0800011c      0x378 c:/users/phuoc/appdata/local/arduino15/packages/stm32/tools/xpack-arm-none-eabi-gcc/9.2.1-1.1/bin/../lib/gcc/arm-none-eabi/9.2.1/thumb/v7-m/nofp\libgcc.a(_arm_addsubdf3.o)
                0x0800011c                __aeabi_drsub
                0x08000124                __aeabi_dsub
                0x08000124                __subdf3
                0x08000128                __aeabi_dadd
                0x08000128                __adddf3
                0x080003a0                __floatunsidf
                0x080003a0                __aeabi_ui2d
                0x080003c0                __floatsidf
                0x080003c0                __aeabi_i2d
                0x080003e4                __aeabi_f2d
                0x080003e4                __extendsfdf2
                0x08000428                __floatundidf
                0x08000428                __aeabi_ul2d
                0x08000438                __floatdidf
                0x08000438                __aeabi_l2d
 .text          0x08000494      0x424 c:/users/phuoc/appdata/local/arduino15/packages/stm32/tools/xpack-arm-none-eabi-gcc/9.2.1-1.1/bin/../lib/gcc/arm-none-eabi/9.2.1/thumb/v7-m/nofp\libgcc.a(_arm_muldivdf3.o)
                0x08000494                __aeabi_dmul
                0x08000494                __muldf3
                0x080006e8                __divdf3
                0x080006e8                __aeabi_ddiv
 .text          0x080008b8      0x110 c:/users/phuoc/appdata/local/arduino15/packages/stm32/tools/xpack-arm-none-eabi-gcc/9.2.1-1.1/bin/../lib/gcc/arm-none-eabi/9.2.1/thumb/v7-m/nofp\libgcc.a(_arm_cmpdf2.o)
                0x080008b8                __gtdf2
                0x080008b8                __gedf2
                0x080008c0                __ltdf2
                0x080008c0                __ledf2
                0x080008c8                __nedf2
                0x080008c8                __eqdf2
                0x080008c8                __cmpdf2
                0x08000944                __aeabi_cdrcmple
                0x08000954                __aeabi_cdcmpeq
                0x08000954                __aeabi_cdcmple
                0x08000964                __aeabi_dcmpeq
                0x08000978                __aeabi_dcmplt
                0x0800098c                __aeabi_dcmple
                0x080009a0                __aeabi_dcmpge
                0x080009b4                __aeabi_dcmpgt
 .text          0x080009c8       0x2c c:/users/phuoc/appdata/local/arduino15/packages/stm32/tools/xpack-arm-none-eabi-gcc/9.2.1-1.1/bin/../lib/gcc/arm-none-eabi/9.2.1/thumb/v7-m/nofp\libgcc.a(_arm_unorddf2.o)
                0x080009c8                __unorddf2
                0x080009c8                __aeabi_dcmpun
 .text          0x080009f4       0x50 c:/users/phuoc/appdata/local/arduino15/packages/stm32/tools/xpack-arm-none-eabi-gcc/9.2.1-1.1/bin/../lib/gcc/arm-none-eabi/9.2.1/thumb/v7-m/nofp\libgcc.a(_arm_fixdfsi.o)
                0x080009f4                __aeabi_d2iz
                0x080009f4                __fixdfsi
 .text          0x08000a44       0x40 c:/users/phuoc/appdata/local/arduino15/packages/stm32/tools/xpack-arm-none-eabi-gcc/9.2.1-1.1/bin/../lib/gcc/arm-none-eabi/9.2.1/thumb/v7-m/nofp\libgcc.a(_arm_fixunsdfsi.o)
                0x08000a44                __aeabi_d2uiz
                0x08000a44                __fixunsdfsi
 .text          0x08000a84       0xa0 c:/users/phuoc/appdata/local/arduino15/packages/stm32/tools/xpack-arm-none-eabi-gcc/9.2.1-1.1/bin/../lib/gcc/arm-none-eabi/9.2.1/thumb/v7-m/nofp\libgcc.a(_arm_truncdfsf2.o)
                0x08000a84                __truncdfsf2
                0x08000a84                __aeabi_d2f
 .text          0x08000b24      0x21c c:/users/phuoc/appdata/local/arduino15/packages/stm32/tools/xpack-arm-none-eabi-gcc/9.2.1-1.1/bin/../lib/gcc/arm-none-eabi/9.2.1/thumb/v7-m/nofp\libgcc.a(_arm_addsubsf3.o)
                0x08000b24                __aeabi_frsub
                0x08000b2c                __subsf3
                0x08000b2c                __aeabi_fsub
                0x08000b30                __aeabi_fadd
                0x08000b30                __addsf3
                0x08000c90                __aeabi_ui2f
                0x08000c90                __floatunsisf
                0x08000c98                __aeabi_i2f
                0x08000c98                __floatsisf
                0x08000cb4                __aeabi_ul2f
                0x08000cb4                __floatundisf
                0x08000cc4                __aeabi_l2f
                0x08000cc4                __floatdisf
 .text          0x08000d40       0xec c:/users/phuoc/appdata/local/arduino15/packages/stm32/tools/xpack-arm-none-eabi-gcc/9.2.1-1.1/bin/../lib/gcc/arm-none-eabi/9.2.1/thumb/v7-m/nofp\libgcc.a(_arm_cmpsf2.o)
                0x08000d40                __gesf2
                0x08000d40                __gtsf2
                0x08000d48                __lesf2
                0x08000d48                __ltsf2
                0x08000d50                __nesf2
                0x08000d50                __eqsf2
                0x08000d50                __cmpsf2
                0x08000db0                __aeabi_cfrcmple
                0x08000db8                __aeabi_cfcmpeq
                0x08000db8                __aeabi_cfcmple
                0x08000dc8                __aeabi_fcmpeq
                0x08000ddc                __aeabi_fcmplt
                0x08000df0                __aeabi_fcmple
                0x08000e04                __aeabi_fcmpge
                0x08000e18                __aeabi_fcmpgt
 *(.text*)
 .text.__do_global_dtors_aux
                0x08000e2c       0x24 c:/users/phuoc/appdata/local/arduino15/packages/stm32/tools/xpack-arm-none-eabi-gcc/9.2.1-1.1/bin/../lib/gcc/arm-none-eabi/9.2.1/thumb/v7-m/nofp/crtbegin.o
 .text.frame_dummy
                0x08000e50       0x1c c:/users/phuoc/appdata/local/arduino15/packages/stm32/tools/xpack-arm-none-eabi-gcc/9.2.1-1.1/bin/../lib/gcc/arm-none-eabi/9.2.1/thumb/v7-m/nofp/crtbegin.o
 .text._Z12metter_resetv
                0x08000e6c       0x2c D:\vs_code\Arduino\metter\build\sketch\metter.ino.cpp.o
                0x08000e6c                metter_reset()
 .text._Z12eeprom_writeii
                0x08000e98       0x2c D:\vs_code\Arduino\metter\build\sketch\metter.ino.cpp.o
                0x08000e98                eeprom_write(int, int)
 .text._Z11eeprom_readi
                0x08000ec4       0x2c D:\vs_code\Arduino\metter\build\sketch\metter.ino.cpp.o
                0x08000ec4                eeprom_read(int)
 .text.setup    0x08000ef0      0x12c D:\vs_code\Arduino\metter\build\sketch\metter.ino.cpp.o
                0x08000ef0                setup
 .text._Z12buzzer_soundv
                0x0800101c       0x1c D:\vs_code\Arduino\metter\build\sketch\metter.ino.cpp.o
                0x0800101c                buzzer_sound()
 .text._Z10send_valuev
                0x08001038       0xe4 D:\vs_code\Arduino\metter\build\sketch\metter.ino.cpp.o
                0x08001038                send_value()
 *fill*         0x0800111c        0x4 
 .text.loop     0x08001120      0x388 D:\vs_code\Arduino\metter\build\sketch\metter.ino.cpp.o
                0x08001120                loop
 .text._ZN9Keyboard_5beginEv
                0x080014a8        0x6 D:\vs_code\Arduino\metter\build\libraries\Keyboard\Keyboard.cpp.o
                0x080014a8                Keyboard_::begin()
 .text._ZN9Keyboard_10sendReportEP9KeyReport
                0x080014ae       0x46 D:\vs_code\Arduino\metter\build\libraries\Keyboard\Keyboard.cpp.o
                0x080014ae                Keyboard_::sendReport(KeyReport*)
 .text._ZN9Keyboard_5pressEh
                0x080014f4       0x8c D:\vs_code\Arduino\metter\build\libraries\Keyboard\Keyboard.cpp.o
                0x080014f4                Keyboard_::press(unsigned char)
 .text._ZN9Keyboard_7releaseEh
                0x08001580       0x68 D:\vs_code\Arduino\metter\build\libraries\Keyboard\Keyboard.cpp.o
                0x08001580                Keyboard_::release(unsigned char)
 .text._ZN9Keyboard_5writeEh
                0x080015e8       0x18 D:\vs_code\Arduino\metter\build\libraries\Keyboard\Keyboard.cpp.o
                0x080015e8                Keyboard_::write(unsigned char)
 .text.startup._GLOBAL__sub_I__ZN9Keyboard_C2Ev
                0x08001600       0x14 D:\vs_code\Arduino\metter\build\libraries\Keyboard\Keyboard.cpp.o
 .text._sbrk    0x08001614       0x3c D:\vs_code\Arduino\metter\build\libraries\SrcWrapper\syscalls.c.o
                0x08001614                _sbrk
 .text._close   0x08001650        0x6 D:\vs_code\Arduino\metter\build\libraries\SrcWrapper\syscalls.c.o
                0x08001650                _close
 .text._fstat   0x08001656        0xa D:\vs_code\Arduino\metter\build\libraries\SrcWrapper\syscalls.c.o
                0x08001656                _fstat
 .text._isatty  0x08001660        0x4 D:\vs_code\Arduino\metter\build\libraries\SrcWrapper\syscalls.c.o
                0x08001660                _isatty
 .text._lseek   0x08001664        0x4 D:\vs_code\Arduino\metter\build\libraries\SrcWrapper\syscalls.c.o
                0x08001664                _lseek
 .text._read    0x08001668        0x4 D:\vs_code\Arduino\metter\build\libraries\SrcWrapper\syscalls.c.o
                0x08001668                _read
 .text._exit    0x0800166c        0x2 D:\vs_code\Arduino\metter\build\libraries\SrcWrapper\syscalls.c.o
                0x0800166c                _exit
 *fill*         0x0800166e        0x2 
 .text._kill    0x08001670       0x10 D:\vs_code\Arduino\metter\build\libraries\SrcWrapper\syscalls.c.o
                0x08001670                _kill
 .text._getpid  0x08001680        0x4 D:\vs_code\Arduino\metter\build\libraries\SrcWrapper\syscalls.c.o
                0x08001680                _getpid
 .text.HAL_MspInit
                0x08001684        0x2 D:\vs_code\Arduino\metter\build\libraries\SrcWrapper\HAL\stm32yyxx_hal.c.o
                0x08001684                HAL_MspInit
 *fill*         0x08001686        0x2 
 .text.HAL_InitTick
                0x08001688       0x48 D:\vs_code\Arduino\metter\build\libraries\SrcWrapper\HAL\stm32yyxx_hal.c.o
                0x08001688                HAL_InitTick
 .text.HAL_Init
                0x080016d0       0x24 D:\vs_code\Arduino\metter\build\libraries\SrcWrapper\HAL\stm32yyxx_hal.c.o
                0x080016d0                HAL_Init
 .text.HAL_IncTick
                0x080016f4       0x18 D:\vs_code\Arduino\metter\build\libraries\SrcWrapper\HAL\stm32yyxx_hal.c.o
                0x080016f4                HAL_IncTick
 .text.HAL_GetTick
                0x0800170c        0xc D:\vs_code\Arduino\metter\build\libraries\SrcWrapper\HAL\stm32yyxx_hal.c.o
                0x0800170c                HAL_GetTick
 .text.HAL_ADC_PollForConversion
                0x08001718      0x138 D:\vs_code\Arduino\metter\build\libraries\SrcWrapper\HAL\stm32yyxx_hal_adc.c.o
                0x08001718                HAL_ADC_PollForConversion
 .text.HAL_ADC_GetValue
                0x08001850        0x6 D:\vs_code\Arduino\metter\build\libraries\SrcWrapper\HAL\stm32yyxx_hal_adc.c.o
                0x08001850                HAL_ADC_GetValue
 *fill*         0x08001856        0x2 
 .text.HAL_ADC_ConfigChannel
                0x08001858       0xfc D:\vs_code\Arduino\metter\build\libraries\SrcWrapper\HAL\stm32yyxx_hal_adc.c.o
                0x08001858                HAL_ADC_ConfigChannel
 .text.HAL_ADC_GetState
                0x08001954        0x4 D:\vs_code\Arduino\metter\build\libraries\SrcWrapper\HAL\stm32yyxx_hal_adc.c.o
                0x08001954                HAL_ADC_GetState
 .text.ADC_Enable
                0x08001958       0x70 D:\vs_code\Arduino\metter\build\libraries\SrcWrapper\HAL\stm32yyxx_hal_adc.c.o
                0x08001958                ADC_Enable
 .text.HAL_ADC_Start
                0x080019c8       0xc4 D:\vs_code\Arduino\metter\build\libraries\SrcWrapper\HAL\stm32yyxx_hal_adc.c.o
                0x080019c8                HAL_ADC_Start
 .text.ADC_ConversionStop_Disable
                0x08001a8c       0x44 D:\vs_code\Arduino\metter\build\libraries\SrcWrapper\HAL\stm32yyxx_hal_adc.c.o
                0x08001a8c                ADC_ConversionStop_Disable
 .text.HAL_ADC_Init
                0x08001ad0       0xfc D:\vs_code\Arduino\metter\build\libraries\SrcWrapper\HAL\stm32yyxx_hal_adc.c.o
                0x08001ad0                HAL_ADC_Init
 .text.HAL_ADC_DeInit
                0x08001bcc       0xc0 D:\vs_code\Arduino\metter\build\libraries\SrcWrapper\HAL\stm32yyxx_hal_adc.c.o
                0x08001bcc                HAL_ADC_DeInit
 .text.HAL_ADC_Stop
                0x08001c8c       0x34 D:\vs_code\Arduino\metter\build\libraries\SrcWrapper\HAL\stm32yyxx_hal_adc.c.o
                0x08001c8c                HAL_ADC_Stop
 .text.HAL_ADCEx_Calibration_Start
                0x08001cc0       0xd0 D:\vs_code\Arduino\metter\build\libraries\SrcWrapper\HAL\stm32yyxx_hal_adc_ex.c.o
                0x08001cc0                HAL_ADCEx_Calibration_Start
 .text.HAL_NVIC_SetPriorityGrouping
                0x08001d90       0x24 D:\vs_code\Arduino\metter\build\libraries\SrcWrapper\HAL\stm32yyxx_hal_cortex.c.o
                0x08001d90                HAL_NVIC_SetPriorityGrouping
 .text.HAL_NVIC_SetPriority
                0x08001db4       0x64 D:\vs_code\Arduino\metter\build\libraries\SrcWrapper\HAL\stm32yyxx_hal_cortex.c.o
                0x08001db4                HAL_NVIC_SetPriority
 .text.HAL_NVIC_EnableIRQ
                0x08001e18       0x1c D:\vs_code\Arduino\metter\build\libraries\SrcWrapper\HAL\stm32yyxx_hal_cortex.c.o
                0x08001e18                HAL_NVIC_EnableIRQ
 .text.HAL_NVIC_DisableIRQ
                0x08001e34       0x28 D:\vs_code\Arduino\metter\build\libraries\SrcWrapper\HAL\stm32yyxx_hal_cortex.c.o
                0x08001e34                HAL_NVIC_DisableIRQ
 .text.HAL_SYSTICK_Config
                0x08001e5c       0x2c D:\vs_code\Arduino\metter\build\libraries\SrcWrapper\HAL\stm32yyxx_hal_cortex.c.o
                0x08001e5c                HAL_SYSTICK_Config
 .text.HAL_NVIC_ClearPendingIRQ
                0x08001e88       0x20 D:\vs_code\Arduino\metter\build\libraries\SrcWrapper\HAL\stm32yyxx_hal_cortex.c.o
                0x08001e88                HAL_NVIC_ClearPendingIRQ
 .text.HAL_SYSTICK_Callback
                0x08001ea8        0x2 D:\vs_code\Arduino\metter\build\libraries\SrcWrapper\HAL\stm32yyxx_hal_cortex.c.o
                0x08001ea8                HAL_SYSTICK_Callback
 .text.HAL_SYSTICK_IRQHandler
                0x08001eaa        0x8 D:\vs_code\Arduino\metter\build\libraries\SrcWrapper\HAL\stm32yyxx_hal_cortex.c.o
                0x08001eaa                HAL_SYSTICK_IRQHandler
 *fill*         0x08001eb2        0x2 
 .text.HAL_DMA_Abort_IT
                0x08001eb4       0x8c D:\vs_code\Arduino\metter\build\libraries\SrcWrapper\HAL\stm32yyxx_hal_dma.c.o
                0x08001eb4                HAL_DMA_Abort_IT
 .text.FLASH_SetErrorCode
                0x08001f40       0x50 D:\vs_code\Arduino\metter\build\libraries\SrcWrapper\HAL\stm32yyxx_hal_flash.c.o
 .text.HAL_FLASH_Unlock
                0x08001f90       0x24 D:\vs_code\Arduino\metter\build\libraries\SrcWrapper\HAL\stm32yyxx_hal_flash.c.o
                0x08001f90                HAL_FLASH_Unlock
 .text.HAL_FLASH_Lock
                0x08001fb4       0x14 D:\vs_code\Arduino\metter\build\libraries\SrcWrapper\HAL\stm32yyxx_hal_flash.c.o
                0x08001fb4                HAL_FLASH_Lock
 .text.FLASH_WaitForLastOperation
                0x08001fc8       0x54 D:\vs_code\Arduino\metter\build\libraries\SrcWrapper\HAL\stm32yyxx_hal_flash.c.o
                0x08001fc8                FLASH_WaitForLastOperation
 .text.HAL_FLASH_Program
                0x0800201c       0xa4 D:\vs_code\Arduino\metter\build\libraries\SrcWrapper\HAL\stm32yyxx_hal_flash.c.o
                0x0800201c                HAL_FLASH_Program
 .text.FLASH_MassErase.isra.0
                0x080020c0       0x24 D:\vs_code\Arduino\metter\build\libraries\SrcWrapper\HAL\stm32yyxx_hal_flash_ex.c.o
 .text.FLASH_PageErase
                0x080020e4       0x24 D:\vs_code\Arduino\metter\build\libraries\SrcWrapper\HAL\stm32yyxx_hal_flash_ex.c.o
                0x080020e4                FLASH_PageErase
 .text.HAL_FLASHEx_Erase
                0x08002108       0x98 D:\vs_code\Arduino\metter\build\libraries\SrcWrapper\HAL\stm32yyxx_hal_flash_ex.c.o
                0x08002108                HAL_FLASHEx_Erase
 .text.HAL_GPIO_EXTI_IRQHandler
                0x080021a0       0x18 D:\vs_code\Arduino\metter\build\libraries\SrcWrapper\HAL\stm32yyxx_hal_gpio.c.o
                0x080021a0                HAL_GPIO_EXTI_IRQHandler
 .text.HAL_PCD_Init
                0x080021b8       0xde D:\vs_code\Arduino\metter\build\libraries\SrcWrapper\HAL\stm32yyxx_hal_pcd.c.o
                0x080021b8                HAL_PCD_Init
 .text.HAL_PCD_Start
                0x08002296       0x2e D:\vs_code\Arduino\metter\build\libraries\SrcWrapper\HAL\stm32yyxx_hal_pcd.c.o
                0x08002296                HAL_PCD_Start
 .text.HAL_PCD_SetAddress
                0x080022c4       0x28 D:\vs_code\Arduino\metter\build\libraries\SrcWrapper\HAL\stm32yyxx_hal_pcd.c.o
                0x080022c4                HAL_PCD_SetAddress
 .text.HAL_PCD_EP_Open
                0x080022ec       0x44 D:\vs_code\Arduino\metter\build\libraries\SrcWrapper\HAL\stm32yyxx_hal_pcd.c.o
                0x080022ec                HAL_PCD_EP_Open
 .text.HAL_PCD_EP_Close
                0x08002330       0x40 D:\vs_code\Arduino\metter\build\libraries\SrcWrapper\HAL\stm32yyxx_hal_pcd.c.o
                0x08002330                HAL_PCD_EP_Close
 .text.HAL_PCD_EP_Receive
                0x08002370      0x1c8 D:\vs_code\Arduino\metter\build\libraries\SrcWrapper\HAL\stm32yyxx_hal_pcd.c.o
                0x08002370                HAL_PCD_EP_Receive
 .text.HAL_PCD_EP_Transmit
                0x08002538       0x22 D:\vs_code\Arduino\metter\build\libraries\SrcWrapper\HAL\stm32yyxx_hal_pcd.c.o
                0x08002538                HAL_PCD_EP_Transmit
 *fill*         0x0800255a        0x2 
 .text.HAL_PCD_IRQHandler
                0x0800255c      0x57c D:\vs_code\Arduino\metter\build\libraries\SrcWrapper\HAL\stm32yyxx_hal_pcd.c.o
                0x0800255c                HAL_PCD_IRQHandler
 .text.HAL_PCD_EP_SetStall
                0x08002ad8       0x54 D:\vs_code\Arduino\metter\build\libraries\SrcWrapper\HAL\stm32yyxx_hal_pcd.c.o
                0x08002ad8                HAL_PCD_EP_SetStall
 .text.HAL_PCD_EP_ClrStall
                0x08002b2c       0x44 D:\vs_code\Arduino\metter\build\libraries\SrcWrapper\HAL\stm32yyxx_hal_pcd.c.o
                0x08002b2c                HAL_PCD_EP_ClrStall
 .text.HAL_PCDEx_PMAConfig
                0x08002b70       0x36 D:\vs_code\Arduino\metter\build\libraries\SrcWrapper\HAL\stm32yyxx_hal_pcd_ex.c.o
                0x08002b70                HAL_PCDEx_PMAConfig
 .text.HAL_PCDEx_SetConnectionState
                0x08002ba6        0x2 D:\vs_code\Arduino\metter\build\libraries\SrcWrapper\HAL\stm32yyxx_hal_pcd_ex.c.o
                0x08002ba6                HAL_PCDEx_SetConnectionState
 .text.HAL_RCC_OscConfig
                0x08002ba8      0x338 D:\vs_code\Arduino\metter\build\libraries\SrcWrapper\HAL\stm32yyxx_hal_rcc.c.o
                0x08002ba8                HAL_RCC_OscConfig
 .text.HAL_RCC_GetSysClockFreq
                0x08002ee0       0x74 D:\vs_code\Arduino\metter\build\libraries\SrcWrapper\HAL\stm32yyxx_hal_rcc.c.o
                0x08002ee0                HAL_RCC_GetSysClockFreq
 .text.HAL_RCC_ClockConfig
                0x08002f54      0x138 D:\vs_code\Arduino\metter\build\libraries\SrcWrapper\HAL\stm32yyxx_hal_rcc.c.o
                0x08002f54                HAL_RCC_ClockConfig
 .text.HAL_RCC_GetPCLK1Freq
                0x0800308c       0x20 D:\vs_code\Arduino\metter\build\libraries\SrcWrapper\HAL\stm32yyxx_hal_rcc.c.o
                0x0800308c                HAL_RCC_GetPCLK1Freq
 .text.HAL_RCC_GetPCLK2Freq
                0x080030ac       0x20 D:\vs_code\Arduino\metter\build\libraries\SrcWrapper\HAL\stm32yyxx_hal_rcc.c.o
                0x080030ac                HAL_RCC_GetPCLK2Freq
 .text.HAL_RCCEx_PeriphCLKConfig
                0x080030cc       0xf0 D:\vs_code\Arduino\metter\build\libraries\SrcWrapper\HAL\stm32yyxx_hal_rcc_ex.c.o
                0x080030cc                HAL_RCCEx_PeriphCLKConfig
 .text.HAL_RCCEx_GetPeriphCLKFreq
                0x080031bc       0xe8 D:\vs_code\Arduino\metter\build\libraries\SrcWrapper\HAL\stm32yyxx_hal_rcc_ex.c.o
                0x080031bc                HAL_RCCEx_GetPeriphCLKFreq
 .text.HAL_RTC_AlarmIRQHandler
                0x080032a4       0x30 D:\vs_code\Arduino\metter\build\libraries\SrcWrapper\HAL\stm32yyxx_hal_rtc.c.o
                0x080032a4                HAL_RTC_AlarmIRQHandler
 .text.HAL_TIM_PWM_PulseFinishedCallback
                0x080032d4        0x2 D:\vs_code\Arduino\metter\build\libraries\SrcWrapper\HAL\stm32yyxx_hal_tim.c.o
                0x080032d4                HAL_TIM_PWM_PulseFinishedCallback
 .text.HAL_TIM_TriggerCallback
                0x080032d6        0x2 D:\vs_code\Arduino\metter\build\libraries\SrcWrapper\HAL\stm32yyxx_hal_tim.c.o
                0x080032d6                HAL_TIM_TriggerCallback
 .text.HAL_TIM_IRQHandler
                0x080032d8      0x144 D:\vs_code\Arduino\metter\build\libraries\SrcWrapper\HAL\stm32yyxx_hal_tim.c.o
                0x080032d8                HAL_TIM_IRQHandler
 .text.TIM_Base_SetConfig
                0x0800341c       0x70 D:\vs_code\Arduino\metter\build\libraries\SrcWrapper\HAL\stm32yyxx_hal_tim.c.o
                0x0800341c                TIM_Base_SetConfig
 .text.HAL_TIM_Base_Init
                0x0800348c       0x34 D:\vs_code\Arduino\metter\build\libraries\SrcWrapper\HAL\stm32yyxx_hal_tim.c.o
                0x0800348c                HAL_TIM_Base_Init
 .text.HAL_TIMEx_CommutCallback
                0x080034c0        0x2 D:\vs_code\Arduino\metter\build\libraries\SrcWrapper\HAL\stm32yyxx_hal_tim_ex.c.o
                0x080034c0                HAL_TIMEx_CommutCallback
 .text.HAL_TIMEx_BreakCallback
                0x080034c2        0x2 D:\vs_code\Arduino\metter\build\libraries\SrcWrapper\HAL\stm32yyxx_hal_tim_ex.c.o
                0x080034c2                HAL_TIMEx_BreakCallback
 .text.UART_EndRxTransfer
                0x080034c4       0x1a D:\vs_code\Arduino\metter\build\libraries\SrcWrapper\HAL\stm32yyxx_hal_uart.c.o
 *fill*         0x080034de        0x2 
 .text.UART_SetConfig
                0x080034e0       0x74 D:\vs_code\Arduino\metter\build\libraries\SrcWrapper\HAL\stm32yyxx_hal_uart.c.o
 .text.UART_WaitOnFlagUntilTimeout.constprop.0
                0x08003554       0x50 D:\vs_code\Arduino\metter\build\libraries\SrcWrapper\HAL\stm32yyxx_hal_uart.c.o
 .text.HAL_UART_MspInit
                0x080035a4        0x2 D:\vs_code\Arduino\metter\build\libraries\SrcWrapper\HAL\stm32yyxx_hal_uart.c.o
                0x080035a4                HAL_UART_MspInit
 .text.HAL_UART_Init
                0x080035a6       0x5c D:\vs_code\Arduino\metter\build\libraries\SrcWrapper\HAL\stm32yyxx_hal_uart.c.o
                0x080035a6                HAL_UART_Init
 .text.HAL_HalfDuplex_Init
                0x08003602       0x64 D:\vs_code\Arduino\metter\build\libraries\SrcWrapper\HAL\stm32yyxx_hal_uart.c.o
                0x08003602                HAL_HalfDuplex_Init
 .text.HAL_UART_Transmit
                0x08003666       0xb6 D:\vs_code\Arduino\metter\build\libraries\SrcWrapper\HAL\stm32yyxx_hal_uart.c.o
                0x08003666                HAL_UART_Transmit
 .text.HAL_UART_Transmit_IT
                0x0800371c       0x3e D:\vs_code\Arduino\metter\build\libraries\SrcWrapper\HAL\stm32yyxx_hal_uart.c.o
                0x0800371c                HAL_UART_Transmit_IT
 .text.HAL_UART_Receive_IT
                0x0800375a       0x4e D:\vs_code\Arduino\metter\build\libraries\SrcWrapper\HAL\stm32yyxx_hal_uart.c.o
                0x0800375a                HAL_UART_Receive_IT
 .text.UART_Receive_IT
                0x080037a8       0x76 D:\vs_code\Arduino\metter\build\libraries\SrcWrapper\HAL\stm32yyxx_hal_uart.c.o
 *fill*         0x0800381e        0x2 
 .text.HAL_UART_IRQHandler
                0x08003820      0x140 D:\vs_code\Arduino\metter\build\libraries\SrcWrapper\HAL\stm32yyxx_hal_uart.c.o
                0x08003820                HAL_UART_IRQHandler
 .text.UART_DMAAbortOnError
                0x08003960       0x10 D:\vs_code\Arduino\metter\build\libraries\SrcWrapper\HAL\stm32yyxx_hal_uart.c.o
 .text.HAL_HalfDuplex_EnableTransmitter
                0x08003970       0x30 D:\vs_code\Arduino\metter\build\libraries\SrcWrapper\HAL\stm32yyxx_hal_uart.c.o
                0x08003970                HAL_HalfDuplex_EnableTransmitter
 .text.HAL_HalfDuplex_EnableReceiver
                0x080039a0       0x30 D:\vs_code\Arduino\metter\build\libraries\SrcWrapper\HAL\stm32yyxx_hal_uart.c.o
                0x080039a0                HAL_HalfDuplex_EnableReceiver
 .text.HAL_UART_GetState
                0x080039d0        0xc D:\vs_code\Arduino\metter\build\libraries\SrcWrapper\HAL\stm32yyxx_hal_uart.c.o
                0x080039d0                HAL_UART_GetState
 .text.USB_CoreInit
                0x080039dc        0xe D:\vs_code\Arduino\metter\build\libraries\SrcWrapper\LL\stm32yyxx_ll_usb.c.o
                0x080039dc                USB_CoreInit
 .text.USB_EnableGlobalInt
                0x080039ea       0x12 D:\vs_code\Arduino\metter\build\libraries\SrcWrapper\LL\stm32yyxx_ll_usb.c.o
                0x080039ea                USB_EnableGlobalInt
 .text.USB_DisableGlobalInt
                0x080039fc       0x14 D:\vs_code\Arduino\metter\build\libraries\SrcWrapper\LL\stm32yyxx_ll_usb.c.o
                0x080039fc                USB_DisableGlobalInt
 .text.USB_SetCurrentMode
                0x08003a10        0x4 D:\vs_code\Arduino\metter\build\libraries\SrcWrapper\LL\stm32yyxx_ll_usb.c.o
                0x08003a10                USB_SetCurrentMode
 .text.USB_DevInit
                0x08003a14       0x36 D:\vs_code\Arduino\metter\build\libraries\SrcWrapper\LL\stm32yyxx_ll_usb.c.o
                0x08003a14                USB_DevInit
 *fill*         0x08003a4a        0x2 
 .text.USB_ActivateEndpoint
                0x08003a4c      0x34c D:\vs_code\Arduino\metter\build\libraries\SrcWrapper\LL\stm32yyxx_ll_usb.c.o
                0x08003a4c                USB_ActivateEndpoint
 .text.USB_DeactivateEndpoint
                0x08003d98      0x196 D:\vs_code\Arduino\metter\build\libraries\SrcWrapper\LL\stm32yyxx_ll_usb.c.o
                0x08003d98                USB_DeactivateEndpoint
 .text.USB_EPSetStall
                0x08003f2e       0x64 D:\vs_code\Arduino\metter\build\libraries\SrcWrapper\LL\stm32yyxx_ll_usb.c.o
                0x08003f2e                USB_EPSetStall
 .text.USB_EPClearStall
                0x08003f92       0x84 D:\vs_code\Arduino\metter\build\libraries\SrcWrapper\LL\stm32yyxx_ll_usb.c.o
                0x08003f92                USB_EPClearStall
 .text.USB_SetDevAddress
                0x08004016        0xc D:\vs_code\Arduino\metter\build\libraries\SrcWrapper\LL\stm32yyxx_ll_usb.c.o
                0x08004016                USB_SetDevAddress
 .text.USB_DevConnect
                0x08004022        0x4 D:\vs_code\Arduino\metter\build\libraries\SrcWrapper\LL\stm32yyxx_ll_usb.c.o
                0x08004022                USB_DevConnect
 .text.USB_DevDisconnect
                0x08004026        0x4 D:\vs_code\Arduino\metter\build\libraries\SrcWrapper\LL\stm32yyxx_ll_usb.c.o
                0x08004026                USB_DevDisconnect
 .text.USB_ReadInterrupts
                0x0800402a        0x8 D:\vs_code\Arduino\metter\build\libraries\SrcWrapper\LL\stm32yyxx_ll_usb.c.o
                0x0800402a                USB_ReadInterrupts
 .text.USB_EP0_OutStart
                0x08004032        0x4 D:\vs_code\Arduino\metter\build\libraries\SrcWrapper\LL\stm32yyxx_ll_usb.c.o
                0x08004032                USB_EP0_OutStart
 .text.USB_WritePMA
                0x08004036       0x1c D:\vs_code\Arduino\metter\build\libraries\SrcWrapper\LL\stm32yyxx_ll_usb.c.o
                0x08004036                USB_WritePMA
 .text.USB_EPStartXfer
                0x08004052       0xe4 D:\vs_code\Arduino\metter\build\libraries\SrcWrapper\LL\stm32yyxx_ll_usb.c.o
                0x08004052                USB_EPStartXfer
 .text.USB_ReadPMA
                0x08004136       0x22 D:\vs_code\Arduino\metter\build\libraries\SrcWrapper\LL\stm32yyxx_ll_usb.c.o
                0x08004136                USB_ReadPMA
 .text.set_GPIO_Port_Clock
                0x08004158       0xa8 D:\vs_code\Arduino\metter\build\libraries\SrcWrapper\stm32\PortNames.c.o
                0x08004158                set_GPIO_Port_Clock
 .text.getCurrentMillis
                0x08004200        0x4 D:\vs_code\Arduino\metter\build\libraries\SrcWrapper\stm32\clock.c.o
                0x08004200                getCurrentMillis
 .text.noOsSystickHandler
                0x08004204        0x2 D:\vs_code\Arduino\metter\build\libraries\SrcWrapper\stm32\clock.c.o
                0x08004204                osSystickHandler
                0x08004204                noOsSystickHandler
 .text.SysTick_Handler
                0x08004206       0x10 D:\vs_code\Arduino\metter\build\libraries\SrcWrapper\stm32\clock.c.o
                0x08004206                SysTick_Handler
 *fill*         0x08004216        0x2 
 .text.dwt_init
                0x08004218       0x38 D:\vs_code\Arduino\metter\build\libraries\SrcWrapper\stm32\dwt.c.o
                0x08004218                dwt_init
 .text.hw_config_init
                0x08004250       0x12 D:\vs_code\Arduino\metter\build\libraries\SrcWrapper\stm32\hw_config.c.o
                0x08004250                hw_config_init
 *fill*         0x08004262        0x2 
 .text.pin_SetF1AFPin
                0x08004264      0x1f8 D:\vs_code\Arduino\metter\build\libraries\SrcWrapper\stm32\pinmap.c.o
 .text.LL_GPIO_SetPinMode
                0x0800445c       0x2e D:\vs_code\Arduino\metter\build\libraries\SrcWrapper\stm32\pinmap.c.o
 .text.LL_GPIO_SetPinOutputType
                0x0800448a       0x2e D:\vs_code\Arduino\metter\build\libraries\SrcWrapper\stm32\pinmap.c.o
 .text.pin_in_pinmap
                0x080044b8       0x1e D:\vs_code\Arduino\metter\build\libraries\SrcWrapper\stm32\pinmap.c.o
                0x080044b8                pin_in_pinmap
 *fill*         0x080044d6        0x2 
 .text.pin_function
                0x080044d8      0x19c D:\vs_code\Arduino\metter\build\libraries\SrcWrapper\stm32\pinmap.c.o
                0x080044d8                pin_function
 .text.pinmap_pinout
                0x08004674       0x28 D:\vs_code\Arduino\metter\build\libraries\SrcWrapper\stm32\pinmap.c.o
                0x08004674                pinmap_pinout
 .text.pinmap_find_peripheral
                0x0800469c       0x18 D:\vs_code\Arduino\metter\build\libraries\SrcWrapper\stm32\pinmap.c.o
                0x0800469c                pinmap_find_peripheral
 .text.pinmap_peripheral
                0x080046b4        0xc D:\vs_code\Arduino\metter\build\libraries\SrcWrapper\stm32\pinmap.c.o
                0x080046b4                pinmap_peripheral
 .text.pinmap_find_pin
                0x080046c0       0x18 D:\vs_code\Arduino\metter\build\libraries\SrcWrapper\stm32\pinmap.c.o
                0x080046c0                pinmap_find_pin
 .text.pinmap_pin
                0x080046d8        0xc D:\vs_code\Arduino\metter\build\libraries\SrcWrapper\stm32\pinmap.c.o
                0x080046d8                pinmap_pin
 .text.pinmap_find_function
                0x080046e4       0x18 D:\vs_code\Arduino\metter\build\libraries\SrcWrapper\stm32\pinmap.c.o
                0x080046e4                pinmap_find_function
 .text.pinmap_function
                0x080046fc        0xa D:\vs_code\Arduino\metter\build\libraries\SrcWrapper\stm32\pinmap.c.o
                0x080046fc                pinmap_function
 .text.pinmap_merge_peripheral
                0x08004706       0x14 D:\vs_code\Arduino\metter\build\libraries\SrcWrapper\stm32\pinmap.c.o
                0x08004706                pinmap_merge_peripheral
 *fill*         0x0800471a        0x2 
 .text.HAL_RTC_AlarmAEventCallback
                0x0800471c       0x18 D:\vs_code\Arduino\metter\build\libraries\SrcWrapper\stm32\rtc.c.o
                0x0800471c                HAL_RTC_AlarmAEventCallback
 .text.RTC_Alarm_IRQHandler
                0x08004734        0xc D:\vs_code\Arduino\metter\build\libraries\SrcWrapper\stm32\rtc.c.o
                0x08004734                RTC_Alarm_IRQHandler
 .text._Error_Handler
                0x08004740        0x2 D:\vs_code\Arduino\metter\build\libraries\SrcWrapper\stm32\stm32_def.c.o
                0x08004740                _Error_Handler
 *fill*         0x08004742        0x2 
 .text.eeprom_buffer_fill
                0x08004744       0x18 D:\vs_code\Arduino\metter\build\libraries\SrcWrapper\stm32\stm32_eeprom.c.o
                0x08004744                eeprom_buffer_fill
 .text.eeprom_read_byte
                0x0800475c       0x14 D:\vs_code\Arduino\metter\build\libraries\SrcWrapper\stm32\stm32_eeprom.c.o
                0x0800475c                eeprom_read_byte
 .text.eeprom_buffer_flush
                0x08004770       0x5c D:\vs_code\Arduino\metter\build\libraries\SrcWrapper\stm32\stm32_eeprom.c.o
                0x08004770                eeprom_buffer_flush
 .text.eeprom_write_byte
                0x080047cc        0xc D:\vs_code\Arduino\metter\build\libraries\SrcWrapper\stm32\stm32_eeprom.c.o
                0x080047cc                eeprom_write_byte
 .text.SystemInit
                0x080047d8       0x4c D:\vs_code\Arduino\metter\build\libraries\SrcWrapper\stm32\system_stm32yyxx.c.o
                0x080047d8                SystemInit
 .text.get_timer_obj
                0x08004824        0x4 D:\vs_code\Arduino\metter\build\libraries\SrcWrapper\stm32\timer.c.o
                0x08004824                get_timer_obj
 .text.enableTimerClock
                0x08004828       0x88 D:\vs_code\Arduino\metter\build\libraries\SrcWrapper\stm32\timer.c.o
                0x08004828                enableTimerClock
 .text.disableTimerClock
                0x080048b0       0x5c D:\vs_code\Arduino\metter\build\libraries\SrcWrapper\stm32\timer.c.o
                0x080048b0                disableTimerClock
 .text.getTimerUpIrq
                0x0800490c       0x4c D:\vs_code\Arduino\metter\build\libraries\SrcWrapper\stm32\timer.c.o
                0x0800490c                getTimerUpIrq
 .text.getTimerCCIrq
                0x08004958       0x4c D:\vs_code\Arduino\metter\build\libraries\SrcWrapper\stm32\timer.c.o
                0x08004958                getTimerCCIrq
 .text.HAL_TIM_Base_MspInit
                0x080049a4       0x50 D:\vs_code\Arduino\metter\build\libraries\SrcWrapper\stm32\timer.c.o
                0x080049a4                HAL_TIM_Base_MspInit
 .text.uart_init.part.0
                0x080049f4      0x14c D:\vs_code\Arduino\metter\build\libraries\SrcWrapper\stm32\uart.c.o
 .text.uart_init
                0x08004b40        0x8 D:\vs_code\Arduino\metter\build\libraries\SrcWrapper\stm32\uart.c.o
                0x08004b40                uart_init
 .text.uart_debug_init
                0x08004b48       0x50 D:\vs_code\Arduino\metter\build\libraries\SrcWrapper\stm32\uart.c.o
                0x08004b48                uart_debug_init
 .text.uart_debug_write
                0x08004b98       0xe4 D:\vs_code\Arduino\metter\build\libraries\SrcWrapper\stm32\uart.c.o
                0x08004b98                uart_debug_write
 .text.serial_rx_active
                0x08004c7c       0x24 D:\vs_code\Arduino\metter\build\libraries\SrcWrapper\stm32\uart.c.o
                0x08004c7c                serial_rx_active
 .text.serial_tx_active
                0x08004ca0       0x24 D:\vs_code\Arduino\metter\build\libraries\SrcWrapper\stm32\uart.c.o
                0x08004ca0                serial_tx_active
 .text.uart_getc
                0x08004cc4       0x38 D:\vs_code\Arduino\metter\build\libraries\SrcWrapper\stm32\uart.c.o
                0x08004cc4                uart_getc
 .text.uart_attach_rx_callback
                0x08004cfc       0x4c D:\vs_code\Arduino\metter\build\libraries\SrcWrapper\stm32\uart.c.o
                0x08004cfc                uart_attach_rx_callback
 .text.uart_attach_tx_callback
                0x08004d48       0x48 D:\vs_code\Arduino\metter\build\libraries\SrcWrapper\stm32\uart.c.o
                0x08004d48                uart_attach_tx_callback
 .text.uart_enable_tx
                0x08004d90       0x20 D:\vs_code\Arduino\metter\build\libraries\SrcWrapper\stm32\uart.c.o
                0x08004d90                uart_enable_tx
 .text.uart_enable_rx
                0x08004db0       0x20 D:\vs_code\Arduino\metter\build\libraries\SrcWrapper\stm32\uart.c.o
                0x08004db0                uart_enable_rx
 .text.HAL_UART_RxCpltCallback
                0x08004dd0        0x6 D:\vs_code\Arduino\metter\build\libraries\SrcWrapper\stm32\uart.c.o
                0x08004dd0                HAL_UART_RxCpltCallback
 .text.HAL_UART_TxCpltCallback
                0x08004dd6       0x26 D:\vs_code\Arduino\metter\build\libraries\SrcWrapper\stm32\uart.c.o
                0x08004dd6                HAL_UART_TxCpltCallback
 .text.HAL_UART_ErrorCallback
                0x08004dfc       0x7a D:\vs_code\Arduino\metter\build\libraries\SrcWrapper\stm32\uart.c.o
                0x08004dfc                HAL_UART_ErrorCallback
 *fill*         0x08004e76        0x2 
 .text.USART1_IRQHandler
                0x08004e78       0x18 D:\vs_code\Arduino\metter\build\libraries\SrcWrapper\stm32\uart.c.o
                0x08004e78                USART1_IRQHandler
 .text.USART2_IRQHandler
                0x08004e90       0x18 D:\vs_code\Arduino\metter\build\libraries\SrcWrapper\stm32\uart.c.o
                0x08004e90                USART2_IRQHandler
 .text.USART3_IRQHandler
                0x08004ea8       0x1c D:\vs_code\Arduino\metter\build\libraries\SrcWrapper\stm32\uart.c.o
                0x08004ea8                USART3_IRQHandler
 .text.HAL_ADC_MspInit
                0x08004ec4       0x64 D:\vs_code\Arduino\metter\build\libraries\SrcWrapper\stm32\analog.cpp.o
                0x08004ec4                HAL_ADC_MspInit
 .text.HAL_ADC_MspDeInit
                0x08004f28       0x58 D:\vs_code\Arduino\metter\build\libraries\SrcWrapper\stm32\analog.cpp.o
                0x08004f28                HAL_ADC_MspDeInit
 .text.adc_read_value
                0x08004f80      0x11c D:\vs_code\Arduino\metter\build\libraries\SrcWrapper\stm32\analog.cpp.o
                0x08004f80                adc_read_value
 .text.pwm_stop
                0x0800509c       0x5c D:\vs_code\Arduino\metter\build\libraries\SrcWrapper\stm32\analog.cpp.o
                0x0800509c                pwm_stop
 .text._ZNSt14_Function_baseD2Ev
                0x080050f8       0x12 D:\vs_code\Arduino\metter\build\libraries\SrcWrapper\stm32\interrupt.cpp.o
                0x080050f8                std::_Function_base::~_Function_base()
                0x080050f8                std::_Function_base::~_Function_base()
 *fill*         0x0800510a        0x2 
 .text.HAL_GPIO_EXTI_Callback
                0x0800510c       0x2c D:\vs_code\Arduino\metter\build\libraries\SrcWrapper\stm32\interrupt.cpp.o
                0x0800510c                HAL_GPIO_EXTI_Callback
 .text.EXTI0_IRQHandler
                0x08005138        0x6 D:\vs_code\Arduino\metter\build\libraries\SrcWrapper\stm32\interrupt.cpp.o
                0x08005138                EXTI0_IRQHandler
 .text.EXTI1_IRQHandler
                0x0800513e        0x6 D:\vs_code\Arduino\metter\build\libraries\SrcWrapper\stm32\interrupt.cpp.o
                0x0800513e                EXTI1_IRQHandler
 .text.EXTI2_IRQHandler
                0x08005144        0x6 D:\vs_code\Arduino\metter\build\libraries\SrcWrapper\stm32\interrupt.cpp.o
                0x08005144                EXTI2_IRQHandler
 .text.EXTI3_IRQHandler
                0x0800514a        0x6 D:\vs_code\Arduino\metter\build\libraries\SrcWrapper\stm32\interrupt.cpp.o
                0x0800514a                EXTI3_IRQHandler
 .text.EXTI4_IRQHandler
                0x08005150        0x6 D:\vs_code\Arduino\metter\build\libraries\SrcWrapper\stm32\interrupt.cpp.o
                0x08005150                EXTI4_IRQHandler
 .text.EXTI9_5_IRQHandler
                0x08005156       0x16 D:\vs_code\Arduino\metter\build\libraries\SrcWrapper\stm32\interrupt.cpp.o
                0x08005156                EXTI9_5_IRQHandler
 .text.EXTI15_10_IRQHandler
                0x0800516c       0x18 D:\vs_code\Arduino\metter\build\libraries\SrcWrapper\stm32\interrupt.cpp.o
                0x0800516c                EXTI15_10_IRQHandler
 .text.startup._GLOBAL__sub_I__Z22stm32_interrupt_enableP12GPIO_TypeDeftSt8functionIFvvEEm
                0x08005184       0x88 D:\vs_code\Arduino\metter\build\libraries\SrcWrapper\stm32\interrupt.cpp.o
 .text.exit._GLOBAL__sub_D__Z22stm32_interrupt_enableP12GPIO_TypeDeftSt8functionIFvvEEm
                0x0800520c       0x1c D:\vs_code\Arduino\metter\build\libraries\SrcWrapper\stm32\interrupt.cpp.o
 .text.SystemClock_Config
                0x08005228       0x60 D:\vs_code\Arduino\metter\build\core\variant.cpp.o
                0x08005228                SystemClock_Config
 .text.Reset_Handler
                0x08005288       0x48 D:\vs_code\Arduino\metter\build\core\core.a(startup_stm32yyxx.S.o)
                0x08005288                Reset_Handler
 .text.Default_Handler
                0x080052d0        0x2 D:\vs_code\Arduino\metter\build\core\core.a(startup_stm32yyxx.S.o)
                0x080052d0                DebugMon_Handler
                0x080052d0                HardFault_Handler
                0x080052d0                PVD_IRQHandler
                0x080052d0                PendSV_Handler
                0x080052d0                NMI_Handler
                0x080052d0                I2C2_EV_IRQHandler
                0x080052d0                UsageFault_Handler
                0x080052d0                ADC1_2_IRQHandler
                0x080052d0                SPI1_IRQHandler
                0x080052d0                TAMPER_IRQHandler
                0x080052d0                DMA1_Channel4_IRQHandler
                0x080052d0                RTC_IRQHandler
                0x080052d0                DMA1_Channel7_IRQHandler
                0x080052d0                CAN1_RX1_IRQHandler
                0x080052d0                I2C1_EV_IRQHandler
                0x080052d0                DMA1_Channel6_IRQHandler
                0x080052d0                RCC_IRQHandler
                0x080052d0                TIM1_TRG_COM_IRQHandler
                0x080052d0                DMA1_Channel1_IRQHandler
                0x080052d0                Default_Handler
                0x080052d0                SPI2_IRQHandler
                0x080052d0                MemManage_Handler
                0x080052d0                SVC_Handler
                0x080052d0                DMA1_Channel5_IRQHandler
                0x080052d0                USB_HP_CAN1_TX_IRQHandler
                0x080052d0                DMA1_Channel3_IRQHandler
                0x080052d0                WWDG_IRQHandler
                0x080052d0                TIM1_BRK_IRQHandler
                0x080052d0                I2C2_ER_IRQHandler
                0x080052d0                DMA1_Channel2_IRQHandler
                0x080052d0                CAN1_SCE_IRQHandler
                0x080052d0                FLASH_IRQHandler
                0x080052d0                BusFault_Handler
                0x080052d0                I2C1_ER_IRQHandler
 *fill*         0x080052d2        0x2 
 .text.HID_Composite_Init
                0x080052d4       0x58 D:\vs_code\Arduino\metter\build\core\core.a(usbd_hid_composite_if.c.o)
                0x080052d4                HID_Composite_Init
 .text.HID_Composite_keyboard_sendReport
                0x0800532c       0x10 D:\vs_code\Arduino\metter\build\core\core.a(usbd_hid_composite_if.c.o)
                0x0800532c                HID_Composite_keyboard_sendReport
 .text.USBD_Init
                0x0800533c       0x2a D:\vs_code\Arduino\metter\build\core\core.a(usb_device_core.c.o)
                0x0800533c                USBD_Init
 .text.USBD_RegisterClass
                0x08005366        0xe D:\vs_code\Arduino\metter\build\core\core.a(usb_device_core.c.o)
                0x08005366                USBD_RegisterClass
 .text.USBD_Start
                0x08005374        0xa D:\vs_code\Arduino\metter\build\core\core.a(usb_device_core.c.o)
                0x08005374                USBD_Start
 .text.USBD_SetClassConfig
                0x0800537e       0x16 D:\vs_code\Arduino\metter\build\core\core.a(usb_device_core.c.o)
                0x0800537e                USBD_SetClassConfig
 .text.USBD_ClrClassConfig
                0x08005394        0xe D:\vs_code\Arduino\metter\build\core\core.a(usb_device_core.c.o)
                0x08005394                USBD_ClrClassConfig
 .text.USBD_LL_SetupStage
                0x080053a2       0x5a D:\vs_code\Arduino\metter\build\core\core.a(usb_device_core.c.o)
                0x080053a2                USBD_LL_SetupStage
 .text.USBD_LL_DataOutStage
                0x080053fc       0x74 D:\vs_code\Arduino\metter\build\core\core.a(usb_device_core.c.o)
                0x080053fc                USBD_LL_DataOutStage
 .text.USBD_LL_DataInStage
                0x08005470       0xb6 D:\vs_code\Arduino\metter\build\core\core.a(usb_device_core.c.o)
                0x08005470                USBD_LL_DataInStage
 .text.USBD_LL_Reset
                0x08005526       0x4e D:\vs_code\Arduino\metter\build\core\core.a(usb_device_core.c.o)
                0x08005526                USBD_LL_Reset
 .text.USBD_LL_SetSpeed
                0x08005574        0x6 D:\vs_code\Arduino\metter\build\core\core.a(usb_device_core.c.o)
                0x08005574                USBD_LL_SetSpeed
 .text.USBD_LL_Suspend
                0x0800557a       0x12 D:\vs_code\Arduino\metter\build\core\core.a(usb_device_core.c.o)
                0x0800557a                USBD_LL_Suspend
 .text.USBD_LL_Resume
                0x0800558c       0x14 D:\vs_code\Arduino\metter\build\core\core.a(usb_device_core.c.o)
                0x0800558c                USBD_LL_Resume
 .text.USBD_LL_SOF
                0x080055a0       0x18 D:\vs_code\Arduino\metter\build\core\core.a(usb_device_core.c.o)
                0x080055a0                USBD_LL_SOF
 .text.USBD_CtlError.constprop.0
                0x080055b8       0x16 D:\vs_code\Arduino\metter\build\core\core.a(usb_device_ctlreq.c.o)
 *fill*         0x080055ce        0x2 
 .text.USBD_StdDevReq
                0x080055d0      0x254 D:\vs_code\Arduino\metter\build\core\core.a(usb_device_ctlreq.c.o)
                0x080055d0                USBD_StdDevReq
 .text.USBD_StdItfReq
                0x08005824       0x48 D:\vs_code\Arduino\metter\build\core\core.a(usb_device_ctlreq.c.o)
                0x08005824                USBD_StdItfReq
 .text.USBD_StdEPReq
                0x0800586c      0x114 D:\vs_code\Arduino\metter\build\core\core.a(usb_device_ctlreq.c.o)
                0x0800586c                USBD_StdEPReq
 .text.USBD_ParseSetupRequest
                0x08005980       0x28 D:\vs_code\Arduino\metter\build\core\core.a(usb_device_ctlreq.c.o)
                0x08005980                USBD_ParseSetupRequest
 .text.USBD_CtlError
                0x080059a8       0x16 D:\vs_code\Arduino\metter\build\core\core.a(usb_device_ctlreq.c.o)
                0x080059a8                USBD_CtlError
 .text.USBD_GetString
                0x080059be       0x38 D:\vs_code\Arduino\metter\build\core\core.a(usb_device_ctlreq.c.o)
                0x080059be                USBD_GetString
 .text.USBD_CtlSendData
                0x080059f6       0x1a D:\vs_code\Arduino\metter\build\core\core.a(usb_device_ioreq.c.o)
                0x080059f6                USBD_CtlSendData
 .text.USBD_CtlContinueSendData
                0x08005a10       0x10 D:\vs_code\Arduino\metter\build\core\core.a(usb_device_ioreq.c.o)
                0x08005a10                USBD_CtlContinueSendData
 .text.USBD_CtlContinueRx
                0x08005a20       0x10 D:\vs_code\Arduino\metter\build\core\core.a(usb_device_ioreq.c.o)
                0x08005a20                USBD_CtlContinueRx
 .text.USBD_CtlSendStatus
                0x08005a30       0x16 D:\vs_code\Arduino\metter\build\core\core.a(usb_device_ioreq.c.o)
                0x08005a30                USBD_CtlSendStatus
 .text.USBD_CtlReceiveStatus
                0x08005a46       0x16 D:\vs_code\Arduino\metter\build\core\core.a(usb_device_ioreq.c.o)
                0x08005a46                USBD_CtlReceiveStatus
 .text.HAL_PCD_MspInit
                0x08005a5c       0x94 D:\vs_code\Arduino\metter\build\core\core.a(usbd_conf.c.o)
                0x08005a5c                HAL_PCD_MspInit
 .text.HAL_PCD_SetupStageCallback
                0x08005af0        0xc D:\vs_code\Arduino\metter\build\core\core.a(usbd_conf.c.o)
                0x08005af0                HAL_PCD_SetupStageCallback
 .text.HAL_PCD_DataOutStageCallback
                0x08005afc       0x12 D:\vs_code\Arduino\metter\build\core\core.a(usbd_conf.c.o)
                0x08005afc                HAL_PCD_DataOutStageCallback
 .text.HAL_PCD_DataInStageCallback
                0x08005b0e       0x10 D:\vs_code\Arduino\metter\build\core\core.a(usbd_conf.c.o)
                0x08005b0e                HAL_PCD_DataInStageCallback
 .text.HAL_PCD_SOFCallback
                0x08005b1e        0x8 D:\vs_code\Arduino\metter\build\core\core.a(usbd_conf.c.o)
                0x08005b1e                HAL_PCD_SOFCallback
 .text.HAL_PCD_ResetCallback
                0x08005b26       0x1a D:\vs_code\Arduino\metter\build\core\core.a(usbd_conf.c.o)
                0x08005b26                HAL_PCD_ResetCallback
 .text.HAL_PCD_SuspendCallback
                0x08005b40       0x20 D:\vs_code\Arduino\metter\build\core\core.a(usbd_conf.c.o)
                0x08005b40                HAL_PCD_SuspendCallback
 .text.HAL_PCD_ResumeCallback
                0x08005b60       0x28 D:\vs_code\Arduino\metter\build\core\core.a(usbd_conf.c.o)
                0x08005b60                HAL_PCD_ResumeCallback
 .text.USB_LP_CAN1_RX0_IRQHandler
                0x08005b88        0xc D:\vs_code\Arduino\metter\build\core\core.a(usbd_conf.c.o)
                0x08005b88                USB_LP_CAN1_RX0_IRQHandler
 .text.USBWakeUp_IRQHandler
                0x08005b94       0x2c D:\vs_code\Arduino\metter\build\core\core.a(usbd_conf.c.o)
                0x08005b94                USBWakeUp_IRQHandler
 .text.USBD_LL_Init
                0x08005bc0       0x6c D:\vs_code\Arduino\metter\build\core\core.a(usbd_conf.c.o)
                0x08005bc0                USBD_LL_Init
 .text.USBD_LL_Start
                0x08005c2c        0xe D:\vs_code\Arduino\metter\build\core\core.a(usbd_conf.c.o)
                0x08005c2c                USBD_LL_Start
 .text.USBD_LL_OpenEP
                0x08005c3a       0x14 D:\vs_code\Arduino\metter\build\core\core.a(usbd_conf.c.o)
                0x08005c3a                USBD_LL_OpenEP
 .text.USBD_LL_CloseEP
                0x08005c4e        0xe D:\vs_code\Arduino\metter\build\core\core.a(usbd_conf.c.o)
                0x08005c4e                USBD_LL_CloseEP
 .text.USBD_LL_StallEP
                0x08005c5c        0xe D:\vs_code\Arduino\metter\build\core\core.a(usbd_conf.c.o)
                0x08005c5c                USBD_LL_StallEP
 .text.USBD_LL_ClearStallEP
                0x08005c6a        0xe D:\vs_code\Arduino\metter\build\core\core.a(usbd_conf.c.o)
                0x08005c6a                USBD_LL_ClearStallEP
 .text.USBD_LL_IsStallEP
                0x08005c78       0x24 D:\vs_code\Arduino\metter\build\core\core.a(usbd_conf.c.o)
                0x08005c78                USBD_LL_IsStallEP
 .text.USBD_LL_SetUSBAddress
                0x08005c9c        0xe D:\vs_code\Arduino\metter\build\core\core.a(usbd_conf.c.o)
                0x08005c9c                USBD_LL_SetUSBAddress
 .text.USBD_LL_Transmit
                0x08005caa        0xe D:\vs_code\Arduino\metter\build\core\core.a(usbd_conf.c.o)
                0x08005caa                USBD_LL_Transmit
 .text.USBD_LL_PrepareReceive
                0x08005cb8        0xe D:\vs_code\Arduino\metter\build\core\core.a(usbd_conf.c.o)
                0x08005cb8                USBD_LL_PrepareReceive
 *fill*         0x08005cc6        0x2 
 .text.USBD_Class_DeviceDescriptor
                0x08005cc8        0xc D:\vs_code\Arduino\metter\build\core\core.a(usbd_desc.c.o)
                0x08005cc8                USBD_Class_DeviceDescriptor
 .text.USBD_LangIDStrDescriptor
                0x08005cd4        0xc D:\vs_code\Arduino\metter\build\core\core.a(usbd_desc.c.o)
                0x08005cd4                USBD_LangIDStrDescriptor
 .text.IntToUnicode
                0x08005ce0       0x2a D:\vs_code\Arduino\metter\build\core\core.a(usbd_desc.c.o)
 *fill*         0x08005d0a        0x2 
 .text.USBD_SerialStrDescriptor
                0x08005d0c       0x40 D:\vs_code\Arduino\metter\build\core\core.a(usbd_desc.c.o)
                0x08005d0c                USBD_SerialStrDescriptor
 .text.USBD_ManufacturerStrDescriptor
                0x08005d4c       0x1c D:\vs_code\Arduino\metter\build\core\core.a(usbd_desc.c.o)
                0x08005d4c                USBD_ManufacturerStrDescriptor
 .text.USBD_Class_ProductStrDescriptor
                0x08005d68       0x24 D:\vs_code\Arduino\metter\build\core\core.a(usbd_desc.c.o)
                0x08005d68                USBD_Class_ProductStrDescriptor
 .text.USBD_Class_ConfigStrDescriptor
                0x08005d8c       0x1c D:\vs_code\Arduino\metter\build\core\core.a(usbd_desc.c.o)
                0x08005d8c                USBD_Class_ConfigStrDescriptor
 .text.USBD_Class_InterfaceStrDescriptor
                0x08005da8       0x1c D:\vs_code\Arduino\metter\build\core\core.a(usbd_desc.c.o)
                0x08005da8                USBD_Class_InterfaceStrDescriptor
 .text.USBD_reenumerate
                0x08005dc4       0x34 D:\vs_code\Arduino\metter\build\core\core.a(usbd_if.c.o)
                0x08005dc4                USBD_reenumerate
 .text.mapResolution
                0x08005df8       0x26 D:\vs_code\Arduino\metter\build\core\core.a(wiring_analog.c.o)
 *fill*         0x08005e1e        0x2 
 .text.analogReadResolution
                0x08005e20       0x28 D:\vs_code\Arduino\metter\build\core\core.a(wiring_analog.c.o)
                0x08005e20                analogReadResolution
 .text.analogRead
                0x08005e48       0x2c D:\vs_code\Arduino\metter\build\core\core.a(wiring_analog.c.o)
                0x08005e48                analogRead
 .text.pinMode  0x08005e74       0x9c D:\vs_code\Arduino\metter\build\core\core.a(wiring_digital.c.o)
                0x08005e74                pinMode
 .text.digitalWrite
                0x08005f10       0x48 D:\vs_code\Arduino\metter\build\core\core.a(wiring_digital.c.o)
                0x08005f10                digitalWrite
 .text.digitalRead
                0x08005f58       0x4c D:\vs_code\Arduino\metter\build\core\core.a(wiring_digital.c.o)
                0x08005f58                digitalRead
 .text.millis   0x08005fa4        0x4 D:\vs_code\Arduino\metter\build\core\core.a(wiring_time.c.o)
                0x08005fa4                millis
 .text.delay    0x08005fa8       0x1c D:\vs_code\Arduino\metter\build\core\core.a(wiring_time.c.o)
                0x08005fa8                delay
 .text._ZN14HardwareSerial16_tx_complete_irqEP8serial_s
                0x08005fc4       0x24 D:\vs_code\Arduino\metter\build\core\core.a(HardwareSerial.cpp.o)
                0x08005fc4                HardwareSerial::_tx_complete_irq(serial_s*)
 .text._ZN14HardwareSerial9availableEv
                0x08005fe8       0x10 D:\vs_code\Arduino\metter\build\core\core.a(HardwareSerial.cpp.o)
                0x08005fe8                HardwareSerial::available()
 .text._ZN14HardwareSerial4peekEv
                0x08005ff8       0x1a D:\vs_code\Arduino\metter\build\core\core.a(HardwareSerial.cpp.o)
                0x08005ff8                HardwareSerial::peek()
 .text._ZN14HardwareSerial16_rx_complete_irqEP8serial_s
                0x08006012       0x38 D:\vs_code\Arduino\metter\build\core\core.a(HardwareSerial.cpp.o)
                0x08006012                HardwareSerial::_rx_complete_irq(serial_s*)
 *fill*         0x0800604a        0x2 
 .text._ZN14HardwareSerial5writeEh
                0x0800604c       0x60 D:\vs_code\Arduino\metter\build\core\core.a(HardwareSerial.cpp.o)
                0x0800604c                HardwareSerial::write(unsigned char)
 .text._ZN14HardwareSerial5flushEv
                0x080060ac       0x14 D:\vs_code\Arduino\metter\build\core\core.a(HardwareSerial.cpp.o)
                0x080060ac                HardwareSerial::flush()
 .text._ZN14HardwareSerial4initE7PinNameS0_
                0x080060c0       0x2c D:\vs_code\Arduino\metter\build\core\core.a(HardwareSerial.cpp.o)
                0x080060c0                HardwareSerial::init(PinName, PinName)
 .text._ZN14HardwareSerialC2EPv16HalfDuplexMode_t
                0x080060ec       0x7c D:\vs_code\Arduino\metter\build\core\core.a(HardwareSerial.cpp.o)
                0x080060ec                HardwareSerial::HardwareSerial(void*, HalfDuplexMode_t)
                0x080060ec                HardwareSerial::HardwareSerial(void*, HalfDuplexMode_t)
 .text._ZN14HardwareSerial18enableHalfDuplexRxEv
                0x08006168       0x2c D:\vs_code\Arduino\metter\build\core\core.a(HardwareSerial.cpp.o)
                0x08006168                HardwareSerial::enableHalfDuplexRx()
 .text._ZN14HardwareSerial5beginEmh
                0x08006194       0x9c D:\vs_code\Arduino\metter\build\core\core.a(HardwareSerial.cpp.o)
                0x08006194                HardwareSerial::begin(unsigned long, unsigned char)
 .text._ZN14HardwareSerial4readEv
                0x08006230       0x2e D:\vs_code\Arduino\metter\build\core\core.a(HardwareSerial.cpp.o)
                0x08006230                HardwareSerial::read()
 *fill*         0x0800625e        0x2 
 .text.startup._GLOBAL__sub_I_Serial1
                0x08006260       0x14 D:\vs_code\Arduino\metter\build\core\core.a(HardwareSerial.cpp.o)
 .text._ZNSt8functionIFvvEEaSEDn.isra.0
                0x08006274       0x18 D:\vs_code\Arduino\metter\build\core\core.a(HardwareTimer.cpp.o)
 .text._Z15get_timer_indexP11TIM_TypeDef
                0x0800628c       0x38 D:\vs_code\Arduino\metter\build\core\core.a(HardwareTimer.cpp.o)
                0x0800628c                get_timer_index(TIM_TypeDef*)
 .text._ZN13HardwareTimerD2Ev
                0x080062c4       0x40 D:\vs_code\Arduino\metter\build\core\core.a(HardwareTimer.cpp.o)
                0x080062c4                HardwareTimer::~HardwareTimer()
                0x080062c4                HardwareTimer::~HardwareTimer()
 .text._ZN13HardwareTimerC2EP11TIM_TypeDef
                0x08006304       0xac D:\vs_code\Arduino\metter\build\core\core.a(HardwareTimer.cpp.o)
                0x08006304                HardwareTimer::HardwareTimer(TIM_TypeDef*)
                0x08006304                HardwareTimer::HardwareTimer(TIM_TypeDef*)
 .text.TIM1_UP_IRQHandler
                0x080063b0       0x14 D:\vs_code\Arduino\metter\build\core\core.a(HardwareTimer.cpp.o)
                0x080063b0                TIM1_UP_IRQHandler
 .text.TIM1_CC_IRQHandler
                0x080063c4        0x4 D:\vs_code\Arduino\metter\build\core\core.a(HardwareTimer.cpp.o)
                0x080063c4                TIM1_CC_IRQHandler
 .text.TIM2_IRQHandler
                0x080063c8       0x14 D:\vs_code\Arduino\metter\build\core\core.a(HardwareTimer.cpp.o)
                0x080063c8                TIM2_IRQHandler
 .text.TIM3_IRQHandler
                0x080063dc       0x14 D:\vs_code\Arduino\metter\build\core\core.a(HardwareTimer.cpp.o)
                0x080063dc                TIM3_IRQHandler
 .text.TIM4_IRQHandler
                0x080063f0       0x14 D:\vs_code\Arduino\metter\build\core\core.a(HardwareTimer.cpp.o)
                0x080063f0                TIM4_IRQHandler
 .text._ZNKSt8functionIFvvEEclEv
                0x08006404       0x12 D:\vs_code\Arduino\metter\build\core\core.a(HardwareTimer.cpp.o)
                0x08006404                std::function<void ()>::operator()() const
 *fill*         0x08006416        0x2 
 .text._ZN13HardwareTimer14updateCallbackEP17TIM_HandleTypeDef
                0x08006418       0x28 D:\vs_code\Arduino\metter\build\core\core.a(HardwareTimer.cpp.o)
                0x08006418                HardwareTimer::updateCallback(TIM_HandleTypeDef*)
 .text.HAL_TIM_PeriodElapsedCallback
                0x08006440        0x4 D:\vs_code\Arduino\metter\build\core\core.a(HardwareTimer.cpp.o)
                0x08006440                HAL_TIM_PeriodElapsedCallback
 .text._ZN13HardwareTimer22captureCompareCallbackEP17TIM_HandleTypeDef
                0x08006444       0x50 D:\vs_code\Arduino\metter\build\core\core.a(HardwareTimer.cpp.o)
                0x08006444                HardwareTimer::captureCompareCallback(TIM_HandleTypeDef*)
 .text.HAL_TIM_OC_DelayElapsedCallback
                0x08006494        0x4 D:\vs_code\Arduino\metter\build\core\core.a(HardwareTimer.cpp.o)
                0x08006494                HAL_TIM_OC_DelayElapsedCallback
 .text.HAL_TIM_IC_CaptureCallback
                0x08006498        0x4 D:\vs_code\Arduino\metter\build\core\core.a(HardwareTimer.cpp.o)
                0x08006498                HAL_TIM_IC_CaptureCallback
 .text._ZN5Print5writeEPKhj
                0x0800649c       0x22 D:\vs_code\Arduino\metter\build\core\core.a(Print.cpp.o)
                0x0800649c                Print::write(unsigned char const*, unsigned int)
 .text._write   0x080064be       0x22 D:\vs_code\Arduino\metter\build\core\core.a(Print.cpp.o)
                0x080064be                _write
 .text._ZN6Stream9timedReadEv
                0x080064e0       0x2a D:\vs_code\Arduino\metter\build\core\core.a(Stream.cpp.o)
                0x080064e0                Stream::timedRead()
 .text._ZN6Stream9readBytesEPcj
                0x0800650a       0x22 D:\vs_code\Arduino\metter\build\core\core.a(Stream.cpp.o)
                0x0800650a                Stream::readBytes(char*, unsigned int)
 .text._ZN6Stream14readBytesUntilEcPcj
                0x0800652c       0x30 D:\vs_code\Arduino\metter\build\core\core.a(Stream.cpp.o)
                0x0800652c                Stream::readBytesUntil(char, char*, unsigned int)
 .text._ZN6Stream10setTimeoutEm
                0x0800655c        0x4 D:\vs_code\Arduino\metter\build\core\core.a(Stream.cpp.o)
                0x0800655c                Stream::setTimeout(unsigned long)
 .text._ZN6Stream10readStringEv
                0x08006560       0x28 D:\vs_code\Arduino\metter\build\core\core.a(Stream.cpp.o)
                0x08006560                Stream::readString()
 .text._ZN6StringD2Ev
                0x08006588        0xe D:\vs_code\Arduino\metter\build\core\core.a(WString.cpp.o)
                0x08006588                String::~String()
                0x08006588                String::~String()
 .text._ZN6String10invalidateEv
                0x08006596       0x16 D:\vs_code\Arduino\metter\build\core\core.a(WString.cpp.o)
                0x08006596                String::invalidate()
 .text._ZN6String12changeBufferEj
                0x080065ac       0x18 D:\vs_code\Arduino\metter\build\core\core.a(WString.cpp.o)
                0x080065ac                String::changeBuffer(unsigned int)
 .text._ZN6String7reserveEj
                0x080065c4       0x28 D:\vs_code\Arduino\metter\build\core\core.a(WString.cpp.o)
                0x080065c4                String::reserve(unsigned int)
 .text._ZN6String4copyEPKcj
                0x080065ec       0x26 D:\vs_code\Arduino\metter\build\core\core.a(WString.cpp.o)
                0x080065ec                String::copy(char const*, unsigned int)
 .text._ZN6StringC2EPKc
                0x08006612       0x24 D:\vs_code\Arduino\metter\build\core\core.a(WString.cpp.o)
                0x08006612                String::String(char const*)
                0x08006612                String::String(char const*)
 .text._ZN6String6concatEPKcj
                0x08006636       0x2e D:\vs_code\Arduino\metter\build\core\core.a(WString.cpp.o)
                0x08006636                String::concat(char const*, unsigned int)
 .text._ZN6String6concatEc
                0x08006664       0x1a D:\vs_code\Arduino\metter\build\core\core.a(WString.cpp.o)
                0x08006664                String::concat(char)
 .text._ZNK6String7indexOfERKS_j
                0x0800667e       0x1e D:\vs_code\Arduino\metter\build\core\core.a(WString.cpp.o)
                0x0800667e                String::indexOf(String const&, unsigned int) const
 .text._ZNK6String7indexOfERKS_
                0x0800669c        0x6 D:\vs_code\Arduino\metter\build\core\core.a(WString.cpp.o)
                0x0800669c                String::indexOf(String const&) const
 .text._ZNK6String8toDoubleEv
                0x080066a2        0xe D:\vs_code\Arduino\metter\build\core\core.a(WString.cpp.o)
                0x080066a2                String::toDouble() const
 .text._ZNK6String7toFloatEv
                0x080066b0        0xc D:\vs_code\Arduino\metter\build\core\core.a(WString.cpp.o)
                0x080066b0                String::toFloat() const
 .text.startup._Z7premainv
                0x080066bc       0x10 D:\vs_code\Arduino\metter\build\core\core.a(main.cpp.o)
                0x080066bc                premain()
 .text.startup.main
                0x080066cc       0x14 D:\vs_code\Arduino\metter\build\core\core.a(main.cpp.o)
                0x080066cc                main
 .text._Znwj    0x080066e0        0x4 D:\vs_code\Arduino\metter\build\core\core.a(new.cpp.o)
                0x080066e0                operator new(unsigned int)
 .text._ZdlPvj  0x080066e4        0x4 D:\vs_code\Arduino\metter\build\core\core.a(new.cpp.o)
                0x080066e4                operator delete(void*, unsigned int)
 .text.init     0x080066e8        0x4 D:\vs_code\Arduino\metter\build\core\core.a(board.c.o)
                0x080066e8                init
 .text.__empty  0x080066ec        0x2 D:\vs_code\Arduino\metter\build\core\core.a(hooks.c.o)
                0x080066ec                yield
 *fill*         0x080066ee        0x2 
 .text.analogInputToPinName
                0x080066f0       0x38 D:\vs_code\Arduino\metter\build\core\core.a(pins_arduino.c.o)
                0x080066f0                analogInputToPinName
 .text.USBD_HID_GetFSCfgDesc
                0x08006728        0xc D:\vs_code\Arduino\metter\build\core\core.a(usbd_hid_composite.c.o)
 .text.USBD_HID_GetHSCfgDesc
                0x08006734        0xc D:\vs_code\Arduino\metter\build\core\core.a(usbd_hid_composite.c.o)
 .text.USBD_HID_GetOtherSpeedCfgDesc
                0x08006740        0xc D:\vs_code\Arduino\metter\build\core\core.a(usbd_hid_composite.c.o)
 .text.USBD_HID_DataIn
                0x0800674c       0x1e D:\vs_code\Arduino\metter\build\core\core.a(usbd_hid_composite.c.o)
 *fill*         0x0800676a        0x2 
 .text.USBD_HID_GetDeviceQualifierDesc
                0x0800676c        0xc D:\vs_code\Arduino\metter\build\core\core.a(usbd_hid_composite.c.o)
 .text.USBD_COMPOSITE_HID_Setup
                0x08006778      0x124 D:\vs_code\Arduino\metter\build\core\core.a(usbd_hid_composite.c.o)
 .text.USBD_HID_DeInit
                0x0800689c       0x2a D:\vs_code\Arduino\metter\build\core\core.a(usbd_hid_composite.c.o)
 .text.USBD_HID_Init
                0x080068c6       0x38 D:\vs_code\Arduino\metter\build\core\core.a(usbd_hid_composite.c.o)
 .text.USBD_HID_KEYBOARD_SendReport
                0x080068fe       0x24 D:\vs_code\Arduino\metter\build\core\core.a(usbd_hid_composite.c.o)
                0x080068fe                USBD_HID_KEYBOARD_SendReport
 *fill*         0x08006922        0x2 
 .text._Z14serialEventRunv
                0x08006924       0x1c D:\vs_code\Arduino\metter\build\core\core.a(WSerial.cpp.o)
                0x08006924                serialEventRun()
 .text.atof     0x08006940        0x6 c:/users/phuoc/appdata/local/arduino15/packages/stm32/tools/xpack-arm-none-eabi-gcc/9.2.1-1.1/bin/../lib/gcc/arm-none-eabi/9.2.1/../../../../arm-none-eabi/lib/thumb/v7-m/nofp\libc_nano.a(lib_a-atof.o)
                0x08006940                atof
 *fill*         0x08006946        0x2 
 .text.__libc_init_array
                0x08006948       0x48 c:/users/phuoc/appdata/local/arduino15/packages/stm32/tools/xpack-arm-none-eabi-gcc/9.2.1-1.1/bin/../lib/gcc/arm-none-eabi/9.2.1/../../../../arm-none-eabi/lib/thumb/v7-m/nofp\libc_nano.a(lib_a-init.o)
                0x08006948                __libc_init_array
 .text.malloc   0x08006990       0x10 c:/users/phuoc/appdata/local/arduino15/packages/stm32/tools/xpack-arm-none-eabi-gcc/9.2.1-1.1/bin/../lib/gcc/arm-none-eabi/9.2.1/../../../../arm-none-eabi/lib/thumb/v7-m/nofp\libc_nano.a(lib_a-malloc.o)
                0x08006990                malloc
 .text.free     0x080069a0       0x10 c:/users/phuoc/appdata/local/arduino15/packages/stm32/tools/xpack-arm-none-eabi-gcc/9.2.1-1.1/bin/../lib/gcc/arm-none-eabi/9.2.1/../../../../arm-none-eabi/lib/thumb/v7-m/nofp\libc_nano.a(lib_a-malloc.o)
                0x080069a0                free
 .text.memcpy   0x080069b0       0x1c c:/users/phuoc/appdata/local/arduino15/packages/stm32/tools/xpack-arm-none-eabi-gcc/9.2.1-1.1/bin/../lib/gcc/arm-none-eabi/9.2.1/../../../../arm-none-eabi/lib/thumb/v7-m/nofp\libc_nano.a(lib_a-memcpy-stub.o)
                0x080069b0                memcpy
 .text.memmove  0x080069cc       0x34 c:/users/phuoc/appdata/local/arduino15/packages/stm32/tools/xpack-arm-none-eabi-gcc/9.2.1-1.1/bin/../lib/gcc/arm-none-eabi/9.2.1/../../../../arm-none-eabi/lib/thumb/v7-m/nofp\libc_nano.a(lib_a-memmove.o)
                0x080069cc                memmove
 .text.memset   0x08006a00       0x10 c:/users/phuoc/appdata/local/arduino15/packages/stm32/tools/xpack-arm-none-eabi-gcc/9.2.1-1.1/bin/../lib/gcc/arm-none-eabi/9.2.1/../../../../arm-none-eabi/lib/thumb/v7-m/nofp\libc_nano.a(lib_a-memset.o)
                0x08006a00                memset
 .text._free_r  0x08006a10       0x98 c:/users/phuoc/appdata/local/arduino15/packages/stm32/tools/xpack-arm-none-eabi-gcc/9.2.1-1.1/bin/../lib/gcc/arm-none-eabi/9.2.1/../../../../arm-none-eabi/lib/thumb/v7-m/nofp\libc_nano.a(lib_a-nano-freer.o)
                0x08006a10                _free_r
 .text._malloc_r
                0x08006aa8       0xb4 c:/users/phuoc/appdata/local/arduino15/packages/stm32/tools/xpack-arm-none-eabi-gcc/9.2.1-1.1/bin/../lib/gcc/arm-none-eabi/9.2.1/../../../../arm-none-eabi/lib/thumb/v7-m/nofp\libc_nano.a(lib_a-nano-mallocr.o)
                0x08006aa8                _malloc_r
 .text.__cvt    0x08006b5c       0xbe c:/users/phuoc/appdata/local/arduino15/packages/stm32/tools/xpack-arm-none-eabi-gcc/9.2.1-1.1/bin/../lib/gcc/arm-none-eabi/9.2.1/../../../../arm-none-eabi/lib/thumb/v7-m/nofp\libc_nano.a(lib_a-nano-vfprintf_float.o)
                0x08006b5c                __cvt
 .text.__exponent
                0x08006c1a       0x7c c:/users/phuoc/appdata/local/arduino15/packages/stm32/tools/xpack-arm-none-eabi-gcc/9.2.1-1.1/bin/../lib/gcc/arm-none-eabi/9.2.1/../../../../arm-none-eabi/lib/thumb/v7-m/nofp\libc_nano.a(lib_a-nano-vfprintf_float.o)
                0x08006c1a                __exponent
 *fill*         0x08006c96        0x2 
 .text._printf_float
                0x08006c98      0x458 c:/users/phuoc/appdata/local/arduino15/packages/stm32/tools/xpack-arm-none-eabi-gcc/9.2.1-1.1/bin/../lib/gcc/arm-none-eabi/9.2.1/../../../../arm-none-eabi/lib/thumb/v7-m/nofp\libc_nano.a(lib_a-nano-vfprintf_float.o)
                0x08006c98                _printf_float
 .text._printf_common
                0x080070f0       0xde c:/users/phuoc/appdata/local/arduino15/packages/stm32/tools/xpack-arm-none-eabi-gcc/9.2.1-1.1/bin/../lib/gcc/arm-none-eabi/9.2.1/../../../../arm-none-eabi/lib/thumb/v7-m/nofp\libc_nano.a(lib_a-nano-vfprintf_i.o)
                0x080070f0                _printf_common
 *fill*         0x080071ce        0x2 
 .text._printf_i
                0x080071d0      0x24c c:/users/phuoc/appdata/local/arduino15/packages/stm32/tools/xpack-arm-none-eabi-gcc/9.2.1-1.1/bin/../lib/gcc/arm-none-eabi/9.2.1/../../../../arm-none-eabi/lib/thumb/v7-m/nofp\libc_nano.a(lib_a-nano-vfprintf_i.o)
                0x080071d0                _printf_i
 .text.printf   0x0800741c       0x30 c:/users/phuoc/appdata/local/arduino15/packages/stm32/tools/xpack-arm-none-eabi-gcc/9.2.1-1.1/bin/../lib/gcc/arm-none-eabi/9.2.1/../../../../arm-none-eabi/lib/thumb/v7-m/nofp\libc_nano.a(lib_a-printf.o)
                0x0800741c                iprintf
                0x0800741c                printf
 .text._puts_r  0x0800744c       0xdc c:/users/phuoc/appdata/local/arduino15/packages/stm32/tools/xpack-arm-none-eabi-gcc/9.2.1-1.1/bin/../lib/gcc/arm-none-eabi/9.2.1/../../../../arm-none-eabi/lib/thumb/v7-m/nofp\libc_nano.a(lib_a-puts.o)
                0x0800744c                _puts_r
 .text.puts     0x08007528       0x10 c:/users/phuoc/appdata/local/arduino15/packages/stm32/tools/xpack-arm-none-eabi-gcc/9.2.1-1.1/bin/../lib/gcc/arm-none-eabi/9.2.1/../../../../arm-none-eabi/lib/thumb/v7-m/nofp\libc_nano.a(lib_a-puts.o)
                0x08007528                puts
 .text.realloc  0x08007538       0x10 c:/users/phuoc/appdata/local/arduino15/packages/stm32/tools/xpack-arm-none-eabi-gcc/9.2.1-1.1/bin/../lib/gcc/arm-none-eabi/9.2.1/../../../../arm-none-eabi/lib/thumb/v7-m/nofp\libc_nano.a(lib_a-realloc.o)
                0x08007538                realloc
 .text._sbrk_r  0x08007548       0x20 c:/users/phuoc/appdata/local/arduino15/packages/stm32/tools/xpack-arm-none-eabi-gcc/9.2.1-1.1/bin/../lib/gcc/arm-none-eabi/9.2.1/../../../../arm-none-eabi/lib/thumb/v7-m/nofp\libc_nano.a(lib_a-sbrkr.o)
                0x08007548                _sbrk_r
 .text.snprintf
                0x08007568       0x68 c:/users/phuoc/appdata/local/arduino15/packages/stm32/tools/xpack-arm-none-eabi-gcc/9.2.1-1.1/bin/../lib/gcc/arm-none-eabi/9.2.1/../../../../arm-none-eabi/lib/thumb/v7-m/nofp\libc_nano.a(lib_a-snprintf.o)
                0x08007568                sniprintf
                0x08007568                snprintf
 .text.strcpy   0x080075d0       0x10 c:/users/phuoc/appdata/local/arduino15/packages/stm32/tools/xpack-arm-none-eabi-gcc/9.2.1-1.1/bin/../lib/gcc/arm-none-eabi/9.2.1/../../../../arm-none-eabi/lib/thumb/v7-m/nofp\libc_nano.a(lib_a-strcpy.o)
                0x080075d0                strcpy
 .text.strncmp  0x080075e0       0x24 c:/users/phuoc/appdata/local/arduino15/packages/stm32/tools/xpack-arm-none-eabi-gcc/9.2.1-1.1/bin/../lib/gcc/arm-none-eabi/9.2.1/../../../../arm-none-eabi/lib/thumb/v7-m/nofp\libc_nano.a(lib_a-strncmp.o)
                0x080075e0                strncmp
 .text.strstr   0x08007604       0x2e c:/users/phuoc/appdata/local/arduino15/packages/stm32/tools/xpack-arm-none-eabi-gcc/9.2.1-1.1/bin/../lib/gcc/arm-none-eabi/9.2.1/../../../../arm-none-eabi/lib/thumb/v7-m/nofp\libc_nano.a(lib_a-strstr.o)
                0x08007604                strstr
 .text.sulp     0x08007632       0x42 c:/users/phuoc/appdata/local/arduino15/packages/stm32/tools/xpack-arm-none-eabi-gcc/9.2.1-1.1/bin/../lib/gcc/arm-none-eabi/9.2.1/../../../../arm-none-eabi/lib/thumb/v7-m/nofp\libc_nano.a(lib_a-strtod.o)
 *fill*         0x08007674        0x4 
 .text._strtod_l
                0x08007678      0xbe8 c:/users/phuoc/appdata/local/arduino15/packages/stm32/tools/xpack-arm-none-eabi-gcc/9.2.1-1.1/bin/../lib/gcc/arm-none-eabi/9.2.1/../../../../arm-none-eabi/lib/thumb/v7-m/nofp\libc_nano.a(lib_a-strtod.o)
                0x08007678                _strtod_l
 .text.strtod   0x08008260       0x18 c:/users/phuoc/appdata/local/arduino15/packages/stm32/tools/xpack-arm-none-eabi-gcc/9.2.1-1.1/bin/../lib/gcc/arm-none-eabi/9.2.1/../../../../arm-none-eabi/lib/thumb/v7-m/nofp\libc_nano.a(lib_a-strtod.o)
                0x08008260                strtod
 .text.__swbuf_r
                0x08008278       0xa4 c:/users/phuoc/appdata/local/arduino15/packages/stm32/tools/xpack-arm-none-eabi-gcc/9.2.1-1.1/bin/../lib/gcc/arm-none-eabi/9.2.1/../../../../arm-none-eabi/lib/thumb/v7-m/nofp\libc_nano.a(lib_a-wbuf.o)
                0x08008278                __swbuf_r
 .text._write_r
                0x0800831c       0x24 c:/users/phuoc/appdata/local/arduino15/packages/stm32/tools/xpack-arm-none-eabi-gcc/9.2.1-1.1/bin/../lib/gcc/arm-none-eabi/9.2.1/../../../../arm-none-eabi/lib/thumb/v7-m/nofp\libc_nano.a(lib_a-writer.o)
                0x0800831c                _write_r
 .text.__swsetup_r
                0x08008340       0xdc c:/users/phuoc/appdata/local/arduino15/packages/stm32/tools/xpack-arm-none-eabi-gcc/9.2.1-1.1/bin/../lib/gcc/arm-none-eabi/9.2.1/../../../../arm-none-eabi/lib/thumb/v7-m/nofp\libc_nano.a(lib_a-wsetup.o)
                0x08008340                __swsetup_r
 .text.quorem   0x0800841c      0x11a c:/users/phuoc/appdata/local/arduino15/packages/stm32/tools/xpack-arm-none-eabi-gcc/9.2.1-1.1/bin/../lib/gcc/arm-none-eabi/9.2.1/../../../../arm-none-eabi/lib/thumb/v7-m/nofp\libc_nano.a(lib_a-dtoa.o)
 *fill*         0x08008536        0x2 
 .text._dtoa_r  0x08008538      0xba4 c:/users/phuoc/appdata/local/arduino15/packages/stm32/tools/xpack-arm-none-eabi-gcc/9.2.1-1.1/bin/../lib/gcc/arm-none-eabi/9.2.1/../../../../arm-none-eabi/lib/thumb/v7-m/nofp\libc_nano.a(lib_a-dtoa.o)
                0x08008538                _dtoa_r
 .text.__sflush_r